main.c:116:5:main	216	static,ignoring_inline_asm
main.c:261:6:SystemClock_Config	120	static
main.c:320:6:PeriphCommonClock_Config	200	static
main.c:350:13:MX_IWDG1_Init	8	static
main.c:379:13:MX_UART4_Init	8	static
main.c:427:13:MX_UART8_Init	8	static
main.c:475:13:MX_USART1_UART_Init	8	static
main.c:523:13:MX_USART2_UART_Init	8	static
main.c:571:13:MX_USART3_UART_Init	8	static
main.c:617:13:MX_DMA_Init	16	static
main.c:660:13:MX_GPIO_Init	48	static
main.c:700:6:EmptyTaskFunction	16	static
main.c:718:6:SensorTaskFunction	64	static
main.c:781:6:UptoBaseTaskFunction	136	static
main.c:858:6:BasetoUpTaskFunction	104	static
main.c:956:6:HAL_TIM_PeriodElapsedCallback	16	static
main.c:973:6:Error_Handler	4	static,ignoring_inline_asm
