main.c:116:5:main	216	static,ignoring_inline_asm
main.c:261:6:SystemClock_Config	120	static
main.c:325:6:PeriphCommonClock_Config	200	static
main.c:357:13:MX_IWDG1_Init	8	static
main.c:386:13:MX_UART4_Init	8	static
main.c:436:13:MX_UART8_Init	8	static
main.c:486:13:MX_USART1_UART_Init	8	static
main.c:536:13:MX_USART2_UART_Init	8	static
main.c:586:13:MX_USART3_UART_Init	8	static
main.c:634:13:MX_DMA_Init	16	static
main.c:677:13:MX_GPIO_Init	48	static
main.c:718:6:EmptyTaskFunction	16	static
main.c:736:6:SensorTaskFunction	64	static
main.c:796:6:UptoBaseTaskFunction	88	static
main.c:872:6:BasetoUpTaskFunction	72	static
main.c:971:6:HAL_TIM_PeriodElapsedCallback	16	static
main.c:989:6:Error_Handler	4	static,ignoring_inline_asm
