stm32h7xx_it.c:90:6:NMI_Handler	4	static
stm32h7xx_it.c:105:6:HardFault_Handler	4	static
stm32h7xx_it.c:120:6:MemManage_Handler	4	static
stm32h7xx_it.c:135:6:BusFault_Handler	4	static
stm32h7xx_it.c:150:6:UsageFault_Handler	4	static
stm32h7xx_it.c:165:6:DebugMon_Handler	4	static
stm32h7xx_it.c:185:6:DMA1_Stream0_IRQHandler	8	static
stm32h7xx_it.c:199:6:DMA1_Stream1_IRQHandler	8	static
stm32h7xx_it.c:213:6:DMA1_Stream2_IRQHandler	8	static
stm32h7xx_it.c:227:6:DMA1_Stream3_IRQHandler	8	static
stm32h7xx_it.c:241:6:DMA1_Stream4_IRQHandler	8	static
stm32h7xx_it.c:255:6:DMA1_Stream5_IRQHandler	8	static
stm32h7xx_it.c:269:6:DMA1_Stream6_IRQHandler	8	static
stm32h7xx_it.c:283:6:USART1_IRQHandler	16	static
stm32h7xx_it.c:306:6:USART2_IRQHandler	16	static
stm32h7xx_it.c:329:6:USART3_IRQHandler	16	static
stm32h7xx_it.c:352:6:DMA1_Stream7_IRQHandler	8	static
stm32h7xx_it.c:366:6:UART4_IRQHandler	16	static
stm32h7xx_it.c:389:6:TIM6_DAC_IRQHandler	8	static
stm32h7xx_it.c:403:6:DMA2_Stream0_IRQHandler	8	static
stm32h7xx_it.c:417:6:UART8_IRQHandler	16	static
