main.c:123:5:main	232	static
main.c:287:6:SystemClock_Config	120	static
main.c:351:6:PeriphCommonClock_Config	200	static
main.c:383:13:MX_IWDG1_Init	8	static
main.c:412:13:MX_UART4_Init	8	static
main.c:462:13:MX_UART5_Init	8	static
main.c:512:13:MX_UART8_Init	8	static
main.c:562:13:MX_USART1_UART_Init	8	static
main.c:612:13:MX_USART2_UART_Init	8	static
main.c:662:13:MX_USART3_UART_Init	8	static
main.c:710:13:MX_DMA_Init	16	static
main.c:759:13:MX_GPIO_Init	48	static
main.c:811:6:OpenWrt_Delay	16	static
main.c:832:6:CtrlTaskF	16	static
main.c:853:6:SensorTaskF	64	static
main.c:934:6:UtBF	232	static
main.c:1019:6:BtUF	256	static
main.c:1151:6:HAL_TIM_PeriodElapsedCallback	16	static
main.c:1169:6:Error_Handler	4	static,ignoring_inline_asm
