stm32h7xx_it.c:94:6:NMI_Handler	4	static
stm32h7xx_it.c:109:6:HardFault_Handler	4	static
stm32h7xx_it.c:124:6:MemManage_Handler	4	static
stm32h7xx_it.c:139:6:BusFault_Handler	4	static
stm32h7xx_it.c:154:6:UsageFault_Handler	4	static
stm32h7xx_it.c:169:6:DebugMon_Handler	4	static
stm32h7xx_it.c:189:6:DMA1_Stream0_IRQHandler	8	static
stm32h7xx_it.c:203:6:DMA1_Stream1_IRQHandler	8	static
stm32h7xx_it.c:217:6:DMA1_Stream2_IRQHandler	8	static
stm32h7xx_it.c:231:6:DMA1_Stream3_IRQHandler	8	static
stm32h7xx_it.c:245:6:DMA1_Stream4_IRQHandler	8	static
stm32h7xx_it.c:259:6:DMA1_Stream5_IRQHandler	8	static
stm32h7xx_it.c:273:6:DMA1_Stream6_IRQHandler	8	static
stm32h7xx_it.c:287:6:USART1_IRQHandler	16	static
stm32h7xx_it.c:310:6:USART2_IRQHandler	16	static
stm32h7xx_it.c:333:6:USART3_IRQHandler	16	static
stm32h7xx_it.c:356:6:DMA1_Stream7_IRQHandler	8	static
stm32h7xx_it.c:370:6:UART4_IRQHandler	16	static
stm32h7xx_it.c:393:6:UART5_IRQHandler	16	static
stm32h7xx_it.c:416:6:TIM6_DAC_IRQHandler	8	static
stm32h7xx_it.c:430:6:DMA2_Stream0_IRQHandler	8	static
stm32h7xx_it.c:444:6:DMA2_Stream1_IRQHandler	8	static
stm32h7xx_it.c:458:6:DMA2_Stream2_IRQHandler	8	static
stm32h7xx_it.c:472:6:UART8_IRQHandler	16	static
