<html>
<body>
<pre>
<h1>礦ision Build Log</h1>
<h2>Tool Versions:</h2>
IDE-Version: μVision V5.14.0.0
Copyright (C) 2015 ARM Ltd and ARM Germany GmbH. All rights reserved.
License Information: m Administrator, m, LIC=AK156-DTFDG-9YIVW-QDY3S-CVLYX-481UQ
 
Tool Versions:
Toolchain:       MDK-ARM Professional  Version: 5.14.0.0
Toolchain Path:  F:\Keil_v5\ARM\ARMCC\Bin
C Compiler:      Armcc.exe V5.05 update 1 (build 106)
Assembler:       Armasm.exe V5.05 update 1 (build 106)
Linker/Locator:  ArmLink.exe V5.05 update 1 (build 106)
Library Manager: ArmAr.exe V5.05 update 1 (build 106)
Hex Converter:   FromElf.exe V5.05 update 1 (build 106)
CPU DLL:         SARMCM3.DLL V5.14.0.0
Dialog DLL:      DCM.DLL V1.13.1.0
Target DLL:      Segger\JL2CM3.dll V2.99.13.0
Dialog DLL:      TCM.DLL V1.14.4.0
 
<h2>Project:</h2>
F:\项目\深度传感器\B30 深度传感器开发套件测试例程 V1.2\B30 深度传感器开发套件测试例程 V1.2\B30 深度传感器开发套件测试例程 V1.1\PROJECT\STM32F103.uvprojx
Project File Date:  04/30/2019

<h2>Output:</h2>
Rebuild target 'STM32F103'
compiling main.c...
compiling stm32f10x_it.c...
compiling system_stm32f10x.c...
compiling myiic.c...
compiling MS5837.c...
compiling delay.c...
compiling sys.c...
compiling usart.c...
compiling core_cm3.c...
assembling startup_stm32f10x_md.s...
compiling misc.c...
compiling stm32f10x_gpio.c...
compiling stm32f10x_dbgmcu.c...
compiling stm32f10x_rcc.c...
compiling stm32f10x_usart.c...
compiling stm32f10x_dac.c...
linking...
Program Size: Code=10048 RO-data=444 RW-data=160 ZI-data=1864  
FromELF: creating hex file...
"..\OUTFILE\OBJ\STM32F103.axf" - 0 Error(s), 0 Warning(s).

<h2>Collection of Component include folders:</h2>
  F:\项目\深度传感器\B30 深度传感器开发套件测试例程 V1.2\B30 深度传感器开发套件测试例程 V1.2\B30 深度传感器开发套件测试例程 V1.1\PROJECT\RTE
  F:\Keil_v5\ARM\PACK\Keil\STM32F1xx_DFP\1.0.5\Device\Include

<h2>Collection of Component Files used:</h2>
</pre>
</body>
</html>
