Archive member included to satisfy reference by file (symbol)

d:/stm32cubeide_1.6.1/stm32cubeide/plugins/com.st.stm32cube.ide.mcu.externaltools.gnu-tools-for-stm32.9-2020-q2-update.win32_1.5.0.202011040924/tools/bin/../lib/gcc/arm-none-eabi/9.3.1/../../../../arm-none-eabi/lib/thumb/v7e-m+dp/hard\libc_nano.a(lib_a-errno.o)
                              Core/Src/syscalls.o (__errno)
d:/stm32cubeide_1.6.1/stm32cubeide/plugins/com.st.stm32cube.ide.mcu.externaltools.gnu-tools-for-stm32.9-2020-q2-update.win32_1.5.0.202011040924/tools/bin/../lib/gcc/arm-none-eabi/9.3.1/../../../../arm-none-eabi/lib/thumb/v7e-m+dp/hard\libc_nano.a(lib_a-exit.o)
                              d:/stm32cubeide_1.6.1/stm32cubeide/plugins/com.st.stm32cube.ide.mcu.externaltools.gnu-tools-for-stm32.9-2020-q2-update.win32_1.5.0.202011040924/tools/bin/../lib/gcc/arm-none-eabi/9.3.1/../../../../arm-none-eabi/lib/thumb/v7e-m+dp/hard/crt0.o (exit)
d:/stm32cubeide_1.6.1/stm32cubeide/plugins/com.st.stm32cube.ide.mcu.externaltools.gnu-tools-for-stm32.9-2020-q2-update.win32_1.5.0.202011040924/tools/bin/../lib/gcc/arm-none-eabi/9.3.1/../../../../arm-none-eabi/lib/thumb/v7e-m+dp/hard\libc_nano.a(lib_a-impure.o)
                              d:/stm32cubeide_1.6.1/stm32cubeide/plugins/com.st.stm32cube.ide.mcu.externaltools.gnu-tools-for-stm32.9-2020-q2-update.win32_1.5.0.202011040924/tools/bin/../lib/gcc/arm-none-eabi/9.3.1/../../../../arm-none-eabi/lib/thumb/v7e-m+dp/hard\libc_nano.a(lib_a-exit.o) (_global_impure_ptr)
d:/stm32cubeide_1.6.1/stm32cubeide/plugins/com.st.stm32cube.ide.mcu.externaltools.gnu-tools-for-stm32.9-2020-q2-update.win32_1.5.0.202011040924/tools/bin/../lib/gcc/arm-none-eabi/9.3.1/../../../../arm-none-eabi/lib/thumb/v7e-m+dp/hard\libc_nano.a(lib_a-init.o)
                              d:/stm32cubeide_1.6.1/stm32cubeide/plugins/com.st.stm32cube.ide.mcu.externaltools.gnu-tools-for-stm32.9-2020-q2-update.win32_1.5.0.202011040924/tools/bin/../lib/gcc/arm-none-eabi/9.3.1/../../../../arm-none-eabi/lib/thumb/v7e-m+dp/hard/crt0.o (__libc_init_array)
d:/stm32cubeide_1.6.1/stm32cubeide/plugins/com.st.stm32cube.ide.mcu.externaltools.gnu-tools-for-stm32.9-2020-q2-update.win32_1.5.0.202011040924/tools/bin/../lib/gcc/arm-none-eabi/9.3.1/../../../../arm-none-eabi/lib/thumb/v7e-m+dp/hard\libc_nano.a(lib_a-memcpy-stub.o)
                              Middlewares/Third_Party/FreeRTOS/Source/queue.o (memcpy)
d:/stm32cubeide_1.6.1/stm32cubeide/plugins/com.st.stm32cube.ide.mcu.externaltools.gnu-tools-for-stm32.9-2020-q2-update.win32_1.5.0.202011040924/tools/bin/../lib/gcc/arm-none-eabi/9.3.1/../../../../arm-none-eabi/lib/thumb/v7e-m+dp/hard\libc_nano.a(lib_a-memset.o)
                              d:/stm32cubeide_1.6.1/stm32cubeide/plugins/com.st.stm32cube.ide.mcu.externaltools.gnu-tools-for-stm32.9-2020-q2-update.win32_1.5.0.202011040924/tools/bin/../lib/gcc/arm-none-eabi/9.3.1/../../../../arm-none-eabi/lib/thumb/v7e-m+dp/hard/crt0.o (memset)
d:/stm32cubeide_1.6.1/stm32cubeide/plugins/com.st.stm32cube.ide.mcu.externaltools.gnu-tools-for-stm32.9-2020-q2-update.win32_1.5.0.202011040924/tools/bin/../lib/gcc/arm-none-eabi/9.3.1/thumb/v7e-m+dp/hard\libgcc.a(_aeabi_uldivmod.o)
                              Drivers/STM32H7xx_HAL_Driver/Src/stm32h7xx_hal_uart.o (__aeabi_uldivmod)
d:/stm32cubeide_1.6.1/stm32cubeide/plugins/com.st.stm32cube.ide.mcu.externaltools.gnu-tools-for-stm32.9-2020-q2-update.win32_1.5.0.202011040924/tools/bin/../lib/gcc/arm-none-eabi/9.3.1/thumb/v7e-m+dp/hard\libgcc.a(_udivmoddi4.o)
                              d:/stm32cubeide_1.6.1/stm32cubeide/plugins/com.st.stm32cube.ide.mcu.externaltools.gnu-tools-for-stm32.9-2020-q2-update.win32_1.5.0.202011040924/tools/bin/../lib/gcc/arm-none-eabi/9.3.1/thumb/v7e-m+dp/hard\libgcc.a(_aeabi_uldivmod.o) (__udivmoddi4)
d:/stm32cubeide_1.6.1/stm32cubeide/plugins/com.st.stm32cube.ide.mcu.externaltools.gnu-tools-for-stm32.9-2020-q2-update.win32_1.5.0.202011040924/tools/bin/../lib/gcc/arm-none-eabi/9.3.1/thumb/v7e-m+dp/hard\libgcc.a(_dvmd_tls.o)
                              d:/stm32cubeide_1.6.1/stm32cubeide/plugins/com.st.stm32cube.ide.mcu.externaltools.gnu-tools-for-stm32.9-2020-q2-update.win32_1.5.0.202011040924/tools/bin/../lib/gcc/arm-none-eabi/9.3.1/thumb/v7e-m+dp/hard\libgcc.a(_aeabi_uldivmod.o) (__aeabi_ldiv0)

Allocating common symbols
Common symbol       size              file

SensorTaskHandle    0x4               Core/Src/main.o
hdma_uart4_rx       0x78              Core/Src/main.o
hdma_usart2_rx      0x78              Core/Src/main.o
hiwdg1              0x10              Core/Src/main.o
UART4RXCache        0x4               Core/Src/main.o
UART2TXCache        0x3               Core/Src/main.o
DownCache           0x29              Core/Src/main.o
hdma_usart3_rx      0x78              Core/Src/main.o
huart3              0x90              Core/Src/main.o
UART2RXCache        0xf               Core/Src/main.o
EmptyTaskHandle     0x4               Core/Src/main.o
[...]
Memory Configuration

Name             Origin             Length             Attributes
FLASH            0x0000000008000000 0x0000000000020000 xr
RAM              0x0000000020000000 0x0000000000020000 xrw
RAM_D1           0x0000000024000000 0x0000000000080000 xrw
RAM_D2           0x0000000030000000 0x0000000000048000 xrw
RAM_D3           0x0000000038000000 0x0000000000010000 xrw
ITCMRAM          0x0000000000000000 0x0000000000010000 xrw
*default*        0x0000000000000000 0xffffffffffffffff

Linker script and memory map

LOAD d:/stm32cubeide_1.6.1/stm32cubeide/plugins/com.st.stm32cube.ide.mcu.externaltools.gnu-tools-for-stm32.9-2020-q2-update.win32_1.5.0.202011040924/tools/bin/../lib/gcc/arm-none-eabi/9.3.1/thumb/v7e-m+dp/hard/crti.o
LOAD d:/stm32cubeide_1.6.1/stm32cubeide/plugins/com.st.stm32cube.ide.mcu.externaltools.gnu-tools-for-stm32.9-2020-q2-update.win32_1.5.0.202011040924/tools/bin/../lib/gcc/arm-none-eabi/9.3.1/thumb/v7e-m+dp/hard/crtbegin.o
LOAD d:/stm32cubeide_1.6.1/stm32cubeide/plugins/com.st.stm32cube.ide.mcu.externaltools.gnu-tools-for-stm32.9-2020-q2-update.win32_1.5.0.202011040924/tools/bin/../lib/gcc/arm-none-eabi/9.3.1/../../../../arm-none-eabi/lib/thumb/v7e-m+dp/hard/crt0.o
LOAD Core/Src/BasicCtrl.o
LOAD Core/Src/Sensor.o
LOAD Core/Src/freertos.o
LOAD Core/Src/main.o
LOAD Core/Src/stm32h7xx_hal_msp.o
LOAD Core/Src/stm32h7xx_hal_timebase_tim.o
LOAD Core/Src/stm32h7xx_it.o
LOAD Core/Src/syscalls.o
LOAD Core/Src/sysmem.o
LOAD Core/Src/system_stm32h7xx.o
LOAD Core/Startup/startup_stm32h750vbtx.o
LOAD Drivers/STM32H7xx_HAL_Driver/Src/stm32h7xx_hal.o
LOAD Drivers/STM32H7xx_HAL_Driver/Src/stm32h7xx_hal_cortex.o
LOAD Drivers/STM32H7xx_HAL_Driver/Src/stm32h7xx_hal_dma.o
LOAD Drivers/STM32H7xx_HAL_Driver/Src/stm32h7xx_hal_dma_ex.o
LOAD Drivers/STM32H7xx_HAL_Driver/Src/stm32h7xx_hal_exti.o
LOAD Drivers/STM32H7xx_HAL_Driver/Src/stm32h7xx_hal_flash.o
LOAD Drivers/STM32H7xx_HAL_Driver/Src/stm32h7xx_hal_flash_ex.o
LOAD Drivers/STM32H7xx_HAL_Driver/Src/stm32h7xx_hal_gpio.o
LOAD Drivers/STM32H7xx_HAL_Driver/Src/stm32h7xx_hal_hsem.o
LOAD Drivers/STM32H7xx_HAL_Driver/Src/stm32h7xx_hal_i2c.o
LOAD Drivers/STM32H7xx_HAL_Driver/Src/stm32h7xx_hal_i2c_ex.o
LOAD Drivers/STM32H7xx_HAL_Driver/Src/stm32h7xx_hal_iwdg.o
LOAD Drivers/STM32H7xx_HAL_Driver/Src/stm32h7xx_hal_mdma.o
LOAD Drivers/STM32H7xx_HAL_Driver/Src/stm32h7xx_hal_pwr.o
LOAD Drivers/STM32H7xx_HAL_Driver/Src/stm32h7xx_hal_pwr_ex.o
LOAD Drivers/STM32H7xx_HAL_Driver/Src/stm32h7xx_hal_rcc.o
LOAD Drivers/STM32H7xx_HAL_Driver/Src/stm32h7xx_hal_rcc_ex.o
LOAD Drivers/STM32H7xx_HAL_Driver/Src/stm32h7xx_hal_tim.o
LOAD Drivers/STM32H7xx_HAL_Driver/Src/stm32h7xx_hal_tim_ex.o
LOAD Drivers/STM32H7xx_HAL_Driver/Src/stm32h7xx_hal_uart.o
LOAD Drivers/STM32H7xx_HAL_Driver/Src/stm32h7xx_hal_uart_ex.o
LOAD Middlewares/Third_Party/FreeRTOS/Source/CMSIS_RTOS/cmsis_os.o
LOAD Middlewares/Third_Party/FreeRTOS/Source/croutine.o
LOAD Middlewares/Third_Party/FreeRTOS/Source/event_groups.o
LOAD Middlewares/Third_Party/FreeRTOS/Source/list.o
LOAD Middlewares/Third_Party/FreeRTOS/Source/queue.o
LOAD Middlewares/Third_Party/FreeRTOS/Source/stream_buffer.o
LOAD Middlewares/Third_Party/FreeRTOS/Source/tasks.o
LOAD Middlewares/Third_Party/FreeRTOS/Source/timers.o
LOAD Middlewares/Third_Party/FreeRTOS/Source/portable/GCC/ARM_CM4F/port.o
LOAD Middlewares/Third_Party/FreeRTOS/Source/portable/MemMang/heap_4.o
START GROUP
LOAD d:/stm32cubeide_1.6.1/stm32cubeide/plugins/com.st.stm32cube.ide.mcu.externaltools.gnu-tools-for-stm32.9-2020-q2-update.win32_1.5.0.202011040924/tools/bin/../lib/gcc/arm-none-eabi/9.3.1/../../../../arm-none-eabi/lib/thumb/v7e-m+dp/hard\libc_nano.a
LOAD d:/stm32cubeide_1.6.1/stm32cubeide/plugins/com.st.stm32cube.ide.mcu.externaltools.gnu-tools-for-stm32.9-2020-q2-update.win32_1.5.0.202011040924/tools/bin/../lib/gcc/arm-none-eabi/9.3.1/../../../../arm-none-eabi/lib/thumb/v7e-m+dp/hard\libm.a
END GROUP
START GROUP
LOAD d:/stm32cubeide_1.6.1/stm32cubeide/plugins/com.st.stm32cube.ide.mcu.externaltools.gnu-tools-for-stm32.9-2020-q2-update.win32_1.5.0.202011040924/tools/bin/../lib/gcc/arm-none-eabi/9.3.1/thumb/v7e-m+dp/hard\libgcc.a
LOAD d:/stm32cubeide_1.6.1/stm32cubeide/plugins/com.st.stm32cube.ide.mcu.externaltools.gnu-tools-for-stm32.9-2020-q2-update.win32_1.5.0.202011040924/tools/bin/../lib/gcc/arm-none-eabi/9.3.1/../../../../arm-none-eabi/lib/thumb/v7e-m+dp/hard\libc_nano.a
END GROUP
START GROUP
LOAD d:/stm32cubeide_1.6.1/stm32cubeide/plugins/com.st.stm32cube.ide.mcu.externaltools.gnu-tools-for-stm32.9-2020-q2-update.win32_1.5.0.202011040924/tools/bin/../lib/gcc/arm-none-eabi/9.3.1/thumb/v7e-m+dp/hard\libgcc.a
LOAD d:/stm32cubeide_1.6.1/stm32cubeide/plugins/com.st.stm32cube.ide.mcu.externaltools.gnu-tools-for-stm32.9-2020-q2-update.win32_1.5.0.202011040924/tools/bin/../lib/gcc/arm-none-eabi/9.3.1/../../../../arm-none-eabi/lib/thumb/v7e-m+dp/hard\libc_nano.a
LOAD d:/stm32cubeide_1.6.1/stm32cubeide/plugins/com.st.stm32cube.ide.mcu.externaltools.gnu-tools-for-stm32.9-2020-q2-update.win32_1.5.0.202011040924/tools/bin/../lib/gcc/arm-none-eabi/9.3.1/../../../../arm-none-eabi/lib/thumb/v7e-m+dp/hard\libnosys.a
END GROUP
START GROUP
LOAD d:/stm32cubeide_1.6.1/stm32cubeide/plugins/com.st.stm32cube.ide.mcu.externaltools.gnu-tools-for-stm32.9-2020-q2-update.win32_1.5.0.202011040924/tools/bin/../lib/gcc/arm-none-eabi/9.3.1/thumb/v7e-m+dp/hard\libgcc.a
LOAD d:/stm32cubeide_1.6.1/stm32cubeide/plugins/com.st.stm32cube.ide.mcu.externaltools.gnu-tools-for-stm32.9-2020-q2-update.win32_1.5.0.202011040924/tools/bin/../lib/gcc/arm-none-eabi/9.3.1/../../../../arm-none-eabi/lib/thumb/v7e-m+dp/hard\libc_nano.a
LOAD d:/stm32cubeide_1.6.1/stm32cubeide/plugins/com.st.stm32cube.ide.mcu.externaltools.gnu-tools-for-stm32.9-2020-q2-update.win32_1.5.0.202011040924/tools/bin/../lib/gcc/arm-none-eabi/9.3.1/../../../../arm-none-eabi/lib/thumb/v7e-m+dp/hard\libnosys.a
END GROUP
LOAD d:/stm32cubeide_1.6.1/stm32cubeide/plugins/com.st.stm32cube.ide.mcu.externaltools.gnu-tools-for-stm32.9-2020-q2-update.win32_1.5.0.202011040924/tools/bin/../lib/gcc/arm-none-eabi/9.3.1/thumb/v7e-m+dp/hard/crtend.o
LOAD d:/stm32cubeide_1.6.1/stm32cubeide/plugins/com.st.stm32cube.ide.mcu.externaltools.gnu-tools-for-stm32.9-2020-q2-update.win32_1.5.0.202011040924/tools/bin/../lib/gcc/arm-none-eabi/9.3.1/thumb/v7e-m+dp/hard/crtn.o
                0x0000000020020000                _estack = 0x20020000
                0x0000000000000200                _Min_Heap_Size = 0x200
                0x0000000000000400                _Min_Stack_Size = 0x400

.isr_vector     0x0000000008000000      0x298
                0x0000000008000000                . = ALIGN (0x4)
 *(.isr_vector)
 .isr_vector    0x0000000008000000      0x298 Core/Startup/startup_stm32h750vbtx.o
                0x0000000008000000                g_pfnVectors
                0x0000000008000298                . = ALIGN (0x4)

.text           0x00000000080002a0     0xbedc
                0x00000000080002a0                . = ALIGN (0x4)
 *(.text)
 .text          0x00000000080002a0       0x40 d:/stm32cubeide_1.6.1/stm32cubeide/plugins/com.st.stm32cube.ide.mcu.externaltools.gnu-tools-for-stm32.9-2020-q2-update.win32_1.5.0.202011040924/tools/bin/../lib/gcc/arm-none-eabi/9.3.1/thumb/v7e-m+dp/hard/crtbegin.o
 .text          0x00000000080002e0       0x30 d:/stm32cubeide_1.6.1/stm32cubeide/plugins/com.st.stm32cube.ide.mcu.externaltools.gnu-tools-for-stm32.9-2020-q2-update.win32_1.5.0.202011040924/tools/bin/../lib/gcc/arm-none-eabi/9.3.1/thumb/v7e-m+dp/hard\libgcc.a(_aeabi_uldivmod.o)
                0x00000000080002e0                __aeabi_uldivmod
 .text          0x0000000008000310      0x2c4 d:/stm32cubeide_1.6.1/stm32cubeide/plugins/com.st.stm32cube.ide.mcu.externaltools.gnu-tools-for-stm32.9-2020-q2-update.win32_1.5.0.202011040924/tools/bin/../lib/gcc/arm-none-eabi/9.3.1/thumb/v7e-m+dp/hard\libgcc.a(_udivmoddi4.o)
                0x0000000008000310                __udivmoddi4
 .text          0x00000000080005d4        0x4 d:/stm32cubeide_1.6.1/stm32cubeide/plugins/com.st.stm32cube.ide.mcu.externaltools.gnu-tools-for-stm32.9-2020-q2-update.win32_1.5.0.202011040924/tools/bin/../lib/gcc/arm-none-eabi/9.3.1/thumb/v7e-m+dp/hard\libgcc.a(_dvmd_tls.o)
                0x00000000080005d4                __aeabi_idiv0
                0x00000000080005d4                __aeabi_ldiv0
 *(.text*)
 .text.DownDetectPoint
                0x00000000080005d8       0xcc Core/Src/BasicCtrl.o
                0x00000000080005d8                DownDetectPoint
 .text.DownMoveDetect
                0x00000000080006a4       0x20 Core/Src/BasicCtrl.o
                0x00000000080006a4                DownMoveDetect
 .text.SpecialMovePID
                0x00000000080006c4      0x29c Core/Src/BasicCtrl.o
                0x00000000080006c4                SpecialMovePID
 .text.SendBackPoint
                0x0000000008000960      0x130 Core/Src/BasicCtrl.o
                0x0000000008000960                SendBackPoint
 .text.SendBack
                0x0000000008000a90      0x158 Core/Src/BasicCtrl.o
                0x0000000008000a90                SendBack
 .text.IdTest   0x0000000008000be8       0x50 Core/Src/BasicCtrl.o
                0x0000000008000be8                IdTest
 .text.XorCaculate
                0x0000000008000c38       0x42 Core/Src/BasicCtrl.o
                0x0000000008000c38                XorCaculate
 *fill*         0x0000000008000c7a        0x2 
 .text.DeepPoint
                0x0000000008000c7c       0x2c Core/Src/Sensor.o
                0x0000000008000c7c                DeepPoint
 .text.DeepTake
                0x0000000008000ca8       0x34 Core/Src/Sensor.o
                0x0000000008000ca8                DeepTake
 .text.WT931Point
                0x0000000008000cdc       0xa8 Core/Src/Sensor.o
                0x0000000008000cdc                WT931Point
 .text.WT931Take
                0x0000000008000d84       0xb4 Core/Src/Sensor.o
                0x0000000008000d84                WT931Take
 .text.GY39InitStr
                0x0000000008000e38       0x2a Core/Src/Sensor.o
                0x0000000008000e38                GY39InitStr
 *fill*         0x0000000008000e62        0x2 
 .text.GY39Point
                0x0000000008000e64       0x40 Core/Src/Sensor.o
                0x0000000008000e64                GY39Point
 .text.GY39Take
                0x0000000008000ea4       0x50 Core/Src/Sensor.o
                0x0000000008000ea4                GY39Take
 .text.vApplicationGetIdleTaskMemory
                0x0000000008000ef4       0x34 Core/Src/freertos.o
                0x0000000008000ef4                vApplicationGetIdleTaskMemory
 .text.main     0x0000000008000f28      0x1fc Core/Src/main.o
                0x0000000008000f28                main
 .text.SystemClock_Config
                0x0000000008001124      0x10c Core/Src/main.o
                0x0000000008001124                SystemClock_Config
 .text.PeriphCommonClock_Config
                0x0000000008001230       0x58 Core/Src/main.o
                0x0000000008001230                PeriphCommonClock_Config
 .text.MX_IWDG1_Init
                0x0000000008001288       0x3c Core/Src/main.o
 .text.MX_UART4_Init
                0x00000000080012c4       0x98 Core/Src/main.o
 .text.MX_UART8_Init
                0x000000000800135c       0x98 Core/Src/main.o
 .text.MX_USART1_UART_Init
                0x00000000080013f4       0x98 Core/Src/main.o
 .text.MX_USART2_UART_Init
                0x000000000800148c       0x98 Core/Src/main.o
 .text.MX_USART3_UART_Init
                0x0000000008001524       0x98 Core/Src/main.o
 .text.MX_DMA_Init
                0x00000000080015bc       0xe0 Core/Src/main.o
 .text.MX_GPIO_Init
                0x000000000800169c       0xfc Core/Src/main.o
 .text.UpTaskF  0x0000000008001798      0x180 Core/Src/main.o
                0x0000000008001798                UpTaskF
 .text.DownTaskF
                0x0000000008001918      0x184 Core/Src/main.o
                0x0000000008001918                DownTaskF
 .text.InitialTaskF
                0x0000000008001a9c       0xac Core/Src/main.o
                0x0000000008001a9c                InitialTaskF
 .text.SensorTaskF
                0x0000000008001b48      0x1a8 Core/Src/main.o
                0x0000000008001b48                SensorTaskF
 .text.EmptyTaskF
                0x0000000008001cf0       0x14 Core/Src/main.o
                0x0000000008001cf0                EmptyTaskF
 .text.HAL_TIM_PeriodElapsedCallback
                0x0000000008001d04       0x24 Core/Src/main.o
                0x0000000008001d04                HAL_TIM_PeriodElapsedCallback
 .text.Error_Handler
                0x0000000008001d28        0xa Core/Src/main.o
                0x0000000008001d28                Error_Handler
 *fill*         0x0000000008001d32        0x2 
 .text.HAL_MspInit
                0x0000000008001d34       0x3c Core/Src/stm32h7xx_hal_msp.o
                0x0000000008001d34                HAL_MspInit
 .text.HAL_UART_MspInit
                0x0000000008001d70      0x62c Core/Src/stm32h7xx_hal_msp.o
                0x0000000008001d70                HAL_UART_MspInit
 .text.HAL_InitTick
                0x000000000800239c       0xd8 Core/Src/stm32h7xx_hal_timebase_tim.o
                0x000000000800239c                HAL_InitTick
 .text.NMI_Handler
                0x0000000008002474        0x6 Core/Src/stm32h7xx_it.o
                0x0000000008002474                NMI_Handler
 .text.HardFault_Handler
                0x000000000800247a        0x6 Core/Src/stm32h7xx_it.o
                0x000000000800247a                HardFault_Handler
 .text.MemManage_Handler
                0x0000000008002480        0x6 Core/Src/stm32h7xx_it.o
                0x0000000008002480                MemManage_Handler
 .text.BusFault_Handler
                0x0000000008002486        0x6 Core/Src/stm32h7xx_it.o
                0x0000000008002486                BusFault_Handler
 .text.UsageFault_Handler
                0x000000000800248c        0x6 Core/Src/stm32h7xx_it.o
                0x000000000800248c                UsageFault_Handler
 .text.DebugMon_Handler
                0x0000000008002492        0xe Core/Src/stm32h7xx_it.o
                0x0000000008002492                DebugMon_Handler
 .text.DMA1_Stream0_IRQHandler
                0x00000000080024a0       0x14 Core/Src/stm32h7xx_it.o
                0x00000000080024a0                DMA1_Stream0_IRQHandler
 .text.DMA1_Stream1_IRQHandler
                0x00000000080024b4       0x14 Core/Src/stm32h7xx_it.o
                0x00000000080024b4                DMA1_Stream1_IRQHandler
 .text.DMA1_Stream2_IRQHandler
                0x00000000080024c8       0x14 Core/Src/stm32h7xx_it.o
                0x00000000080024c8                DMA1_Stream2_IRQHandler
 .text.DMA1_Stream3_IRQHandler
                0x00000000080024dc       0x14 Core/Src/stm32h7xx_it.o
                0x00000000080024dc                DMA1_Stream3_IRQHandler
 .text.DMA1_Stream4_IRQHandler
                0x00000000080024f0       0x14 Core/Src/stm32h7xx_it.o
                0x00000000080024f0                DMA1_Stream4_IRQHandler
 .text.DMA1_Stream5_IRQHandler
                0x0000000008002504       0x14 Core/Src/stm32h7xx_it.o
                0x0000000008002504                DMA1_Stream5_IRQHandler
 .text.DMA1_Stream6_IRQHandler
                0x0000000008002518       0x14 Core/Src/stm32h7xx_it.o
                0x0000000008002518                DMA1_Stream6_IRQHandler
 .text.USART1_IRQHandler
                0x000000000800252c      0x154 Core/Src/stm32h7xx_it.o
                0x000000000800252c                USART1_IRQHandler
 .text.USART2_IRQHandler
                0x0000000008002680      0x154 Core/Src/stm32h7xx_it.o
                0x0000000008002680                USART2_IRQHandler
 .text.USART3_IRQHandler
                0x00000000080027d4      0x160 Core/Src/stm32h7xx_it.o
                0x00000000080027d4                USART3_IRQHandler
 .text.DMA1_Stream7_IRQHandler
                0x0000000008002934       0x14 Core/Src/stm32h7xx_it.o
                0x0000000008002934                DMA1_Stream7_IRQHandler
 .text.UART4_IRQHandler
                0x0000000008002948      0x154 Core/Src/stm32h7xx_it.o
                0x0000000008002948                UART4_IRQHandler
 .text.TIM6_DAC_IRQHandler
                0x0000000008002a9c       0x14 Core/Src/stm32h7xx_it.o
                0x0000000008002a9c                TIM6_DAC_IRQHandler
 .text.DMA2_Stream0_IRQHandler
                0x0000000008002ab0       0x14 Core/Src/stm32h7xx_it.o
                0x0000000008002ab0                DMA2_Stream0_IRQHandler
 .text.UART8_IRQHandler
                0x0000000008002ac4      0x154 Core/Src/stm32h7xx_it.o
                0x0000000008002ac4                UART8_IRQHandler
 .text.SystemInit
                0x0000000008002c18      0x118 Core/Src/system_stm32h7xx.o
                0x0000000008002c18                SystemInit
 .text.Reset_Handler
                0x0000000008002d30       0x50 Core/Startup/startup_stm32h750vbtx.o
                0x0000000008002d30                Reset_Handler
 .text.Default_Handler
                0x0000000008002d80        0x2 Core/Startup/startup_stm32h750vbtx.o
                0x0000000008002d80                RTC_Alarm_IRQHandler
                0x0000000008002d80                HASH_RNG_IRQHandler
                0x0000000008002d80                EXTI2_IRQHandler
                0x0000000008002d80                TIM8_CC_IRQHandler
                0x0000000008002d80                HRTIM1_Master_IRQHandler
                0x0000000008002d80                SPI4_IRQHandler
                0x0000000008002d80                TIM1_CC_IRQHandler
                0x0000000008002d80                BDMA_Channel6_IRQHandler
                0x0000000008002d80                DMA2_Stream5_IRQHandler
                0x0000000008002d80                HRTIM1_FLT_IRQHandler
                0x0000000008002d80                JPEG_IRQHandler
                0x0000000008002d80                BDMA_Channel1_IRQHandler
                0x0000000008002d80                HRTIM1_TIMD_IRQHandler
                0x0000000008002d80                TAMP_STAMP_IRQHandler
                0x0000000008002d80                EXTI3_IRQHandler
                0x0000000008002d80                LPTIM4_IRQHandler
                0x0000000008002d80                TIM8_TRG_COM_TIM14_IRQHandler
                0x0000000008002d80                LPTIM2_IRQHandler
                0x0000000008002d80                DFSDM1_FLT1_IRQHandler
                0x0000000008002d80                DMAMUX2_OVR_IRQHandler
                0x0000000008002d80                TIM8_UP_TIM13_IRQHandler
                0x0000000008002d80                I2C3_ER_IRQHandler
                0x0000000008002d80                DFSDM1_FLT2_IRQHandler
                0x0000000008002d80                MDMA_IRQHandler
                0x0000000008002d80                LPTIM3_IRQHandler
                0x0000000008002d80                HSEM1_IRQHandler
                0x0000000008002d80                EXTI0_IRQHandler
                0x0000000008002d80                I2C2_EV_IRQHandler
                0x0000000008002d80                FPU_IRQHandler
                0x0000000008002d80                OTG_HS_WKUP_IRQHandler
                0x0000000008002d80                FDCAN1_IT1_IRQHandler
                0x0000000008002d80                LTDC_ER_IRQHandler
                0x0000000008002d80                DMA2_Stream2_IRQHandler
                0x0000000008002d80                HRTIM1_TIME_IRQHandler
                0x0000000008002d80                SPI1_IRQHandler
                0x0000000008002d80                DCMI_IRQHandler
                0x0000000008002d80                HRTIM1_TIMC_IRQHandler
                0x0000000008002d80                DMA2_Stream3_IRQHandler
                0x0000000008002d80                SAI2_IRQHandler
                0x0000000008002d80                DFSDM1_FLT3_IRQHandler
                0x0000000008002d80                USART6_IRQHandler
                0x0000000008002d80                TIM17_IRQHandler
                0x0000000008002d80                BDMA_Channel7_IRQHandler
                0x0000000008002d80                CRYP_IRQHandler
                0x0000000008002d80                LPTIM5_IRQHandler
                0x0000000008002d80                UART5_IRQHandler
                0x0000000008002d80                ADC3_IRQHandler
                0x0000000008002d80                TIM4_IRQHandler
                0x0000000008002d80                BDMA_Channel2_IRQHandler
                0x0000000008002d80                QUADSPI_IRQHandler
                0x0000000008002d80                I2C1_EV_IRQHandler
                0x0000000008002d80                DMAMUX1_OVR_IRQHandler
                0x0000000008002d80                TIM16_IRQHandler
                0x0000000008002d80                BDMA_Channel5_IRQHandler
                0x0000000008002d80                TIM3_IRQHandler
                0x0000000008002d80                RCC_IRQHandler
                0x0000000008002d80                TIM8_BRK_TIM12_IRQHandler
                0x0000000008002d80                TIM1_TRG_COM_IRQHandler
                0x0000000008002d80                Default_Handler
                0x0000000008002d80                ECC_IRQHandler
                0x0000000008002d80                CEC_IRQHandler
                0x0000000008002d80                EXTI15_10_IRQHandler
                0x0000000008002d80                BDMA_Channel0_IRQHandler
                0x0000000008002d80                ADC_IRQHandler
                0x0000000008002d80                HRTIM1_TIMA_IRQHandler
                0x0000000008002d80                SPI5_IRQHandler
                0x0000000008002d80                TIM7_IRQHandler
                0x0000000008002d80                SDMMC1_IRQHandler
                0x0000000008002d80                TIM5_IRQHandler
                0x0000000008002d80                DMA2_Stream7_IRQHandler
                0x0000000008002d80                TIM15_IRQHandler
                0x0000000008002d80                PVD_AVD_IRQHandler
                0x0000000008002d80                I2C3_EV_IRQHandler
                0x0000000008002d80                EXTI9_5_IRQHandler
                0x0000000008002d80                RTC_WKUP_IRQHandler
                0x0000000008002d80                LTDC_IRQHandler
                0x0000000008002d80                SAI3_IRQHandler
                0x0000000008002d80                ETH_WKUP_IRQHandler
                0x0000000008002d80                SPDIF_RX_IRQHandler
                0x0000000008002d80                SPI2_IRQHandler
                0x0000000008002d80                OTG_HS_EP1_IN_IRQHandler
                0x0000000008002d80                CRS_IRQHandler
                0x0000000008002d80                EXTI4_IRQHandler
                0x0000000008002d80                HRTIM1_TIMB_IRQHandler
                0x0000000008002d80                FDCAN2_IT1_IRQHandler
                0x0000000008002d80                ETH_IRQHandler
                0x0000000008002d80                TIM1_UP_IRQHandler
                0x0000000008002d80                BDMA_Channel4_IRQHandler
                0x0000000008002d80                OTG_HS_EP1_OUT_IRQHandler
                0x0000000008002d80                WWDG_IRQHandler
                0x0000000008002d80                SPI6_IRQHandler
                0x0000000008002d80                MDIOS_IRQHandler
                0x0000000008002d80                I2C4_EV_IRQHandler
                0x0000000008002d80                FDCAN2_IT0_IRQHandler
                0x0000000008002d80                LPUART1_IRQHandler
                0x0000000008002d80                FDCAN1_IT0_IRQHandler
                0x0000000008002d80                TIM2_IRQHandler
                0x0000000008002d80                OTG_FS_WKUP_IRQHandler
                0x0000000008002d80                OTG_HS_IRQHandler
                0x0000000008002d80                DMA2D_IRQHandler
                0x0000000008002d80                TIM1_BRK_IRQHandler
                0x0000000008002d80                EXTI1_IRQHandler
                0x0000000008002d80                SDMMC2_IRQHandler
                0x0000000008002d80                OTG_FS_EP1_OUT_IRQHandler
                0x0000000008002d80                BDMA_Channel3_IRQHandler
                0x0000000008002d80                UART7_IRQHandler
                0x0000000008002d80                MDIOS_WKUP_IRQHandler
                0x0000000008002d80                DFSDM1_FLT0_IRQHandler
                0x0000000008002d80                SAI4_IRQHandler
                0x0000000008002d80                I2C2_ER_IRQHandler
                0x0000000008002d80                DMA2_Stream1_IRQHandler
                0x0000000008002d80                FLASH_IRQHandler
                0x0000000008002d80                DMA2_Stream4_IRQHandler
                0x0000000008002d80                OTG_FS_IRQHandler
                0x0000000008002d80                SPI3_IRQHandler
                0x0000000008002d80                WAKEUP_PIN_IRQHandler
                0x0000000008002d80                OTG_FS_EP1_IN_IRQHandler
                0x0000000008002d80                I2C1_ER_IRQHandler
                0x0000000008002d80                FMC_IRQHandler
                0x0000000008002d80                FDCAN_CAL_IRQHandler
                0x0000000008002d80                SWPMI1_IRQHandler
                0x0000000008002d80                COMP1_IRQHandler
                0x0000000008002d80                LPTIM1_IRQHandler
                0x0000000008002d80                I2C4_ER_IRQHandler
                0x0000000008002d80                DMA2_Stream6_IRQHandler
                0x0000000008002d80                SAI1_IRQHandler
 *fill*         0x0000000008002d82        0x2 
 .text.HAL_Init
                0x0000000008002d84       0x78 Drivers/STM32H7xx_HAL_Driver/Src/stm32h7xx_hal.o
                0x0000000008002d84                HAL_Init
 .text.HAL_IncTick
                0x0000000008002dfc       0x28 Drivers/STM32H7xx_HAL_Driver/Src/stm32h7xx_hal.o
                0x0000000008002dfc                HAL_IncTick
 .text.HAL_GetTick
                0x0000000008002e24       0x18 Drivers/STM32H7xx_HAL_Driver/Src/stm32h7xx_hal.o
                0x0000000008002e24                HAL_GetTick
 .text.HAL_GetREVID
                0x0000000008002e3c       0x18 Drivers/STM32H7xx_HAL_Driver/Src/stm32h7xx_hal.o
                0x0000000008002e3c                HAL_GetREVID
 .text.__NVIC_SetPriorityGrouping
                0x0000000008002e54       0x48 Drivers/STM32H7xx_HAL_Driver/Src/stm32h7xx_hal_cortex.o
 .text.__NVIC_GetPriorityGrouping
                0x0000000008002e9c       0x1c Drivers/STM32H7xx_HAL_Driver/Src/stm32h7xx_hal_cortex.o
 .text.__NVIC_EnableIRQ
                0x0000000008002eb8       0x3c Drivers/STM32H7xx_HAL_Driver/Src/stm32h7xx_hal_cortex.o
 .text.__NVIC_SetPriority
                0x0000000008002ef4       0x54 Drivers/STM32H7xx_HAL_Driver/Src/stm32h7xx_hal_cortex.o
 .text.NVIC_EncodePriority
                0x0000000008002f48       0x66 Drivers/STM32H7xx_HAL_Driver/Src/stm32h7xx_hal_cortex.o
 .text.HAL_NVIC_SetPriorityGrouping
                0x0000000008002fae       0x16 Drivers/STM32H7xx_HAL_Driver/Src/stm32h7xx_hal_cortex.o
                0x0000000008002fae                HAL_NVIC_SetPriorityGrouping
 .text.HAL_NVIC_SetPriority
                0x0000000008002fc4       0x34 Drivers/STM32H7xx_HAL_Driver/Src/stm32h7xx_hal_cortex.o
                0x0000000008002fc4                HAL_NVIC_SetPriority
 .text.HAL_NVIC_EnableIRQ
                0x0000000008002ff8       0x1c Drivers/STM32H7xx_HAL_Driver/Src/stm32h7xx_hal_cortex.o
                0x0000000008002ff8                HAL_NVIC_EnableIRQ
 .text.HAL_DMA_Init
                0x0000000008003014      0x6b8 Drivers/STM32H7xx_HAL_Driver/Src/stm32h7xx_hal_dma.o
                0x0000000008003014                HAL_DMA_Init
 .text.HAL_DMA_Start_IT
                0x00000000080036cc      0x4d4 Drivers/STM32H7xx_HAL_Driver/Src/stm32h7xx_hal_dma.o
                0x00000000080036cc                HAL_DMA_Start_IT
 .text.HAL_DMA_Abort
                0x0000000008003ba0      0x63c Drivers/STM32H7xx_HAL_Driver/Src/stm32h7xx_hal_dma.o
                0x0000000008003ba0                HAL_DMA_Abort
 .text.HAL_DMA_Abort_IT
                0x00000000080041dc      0x488 Drivers/STM32H7xx_HAL_Driver/Src/stm32h7xx_hal_dma.o
                0x00000000080041dc                HAL_DMA_Abort_IT
 .text.HAL_DMA_IRQHandler
                0x0000000008004664      0xe54 Drivers/STM32H7xx_HAL_Driver/Src/stm32h7xx_hal_dma.o
                0x0000000008004664                HAL_DMA_IRQHandler
 .text.HAL_DMA_GetError
                0x00000000080054b8       0x18 Drivers/STM32H7xx_HAL_Driver/Src/stm32h7xx_hal_dma.o
                0x00000000080054b8                HAL_DMA_GetError
 .text.DMA_SetConfig
                0x00000000080054d0      0x358 Drivers/STM32H7xx_HAL_Driver/Src/stm32h7xx_hal_dma.o
 .text.DMA_CalcBaseAndBitshift
                0x0000000008005828      0x164 Drivers/STM32H7xx_HAL_Driver/Src/stm32h7xx_hal_dma.o
 .text.DMA_CheckFifoParam
                0x000000000800598c       0xf8 Drivers/STM32H7xx_HAL_Driver/Src/stm32h7xx_hal_dma.o
 .text.DMA_CalcDMAMUXChannelBaseAndMask
                0x0000000008005a84      0x134 Drivers/STM32H7xx_HAL_Driver/Src/stm32h7xx_hal_dma.o
 .text.DMA_CalcDMAMUXRequestGenBaseAndMask
                0x0000000008005bb8       0xe8 Drivers/STM32H7xx_HAL_Driver/Src/stm32h7xx_hal_dma.o
 .text.HAL_GPIO_Init
                0x0000000008005ca0      0x360 Drivers/STM32H7xx_HAL_Driver/Src/stm32h7xx_hal_gpio.o
                0x0000000008005ca0                HAL_GPIO_Init
 .text.HAL_GPIO_ReadPin
                0x0000000008006000       0x30 Drivers/STM32H7xx_HAL_Driver/Src/stm32h7xx_hal_gpio.o
                0x0000000008006000                HAL_GPIO_ReadPin
 .text.HAL_GPIO_WritePin
                0x0000000008006030       0x32 Drivers/STM32H7xx_HAL_Driver/Src/stm32h7xx_hal_gpio.o
                0x0000000008006030                HAL_GPIO_WritePin
 .text.HAL_IWDG_Init
                0x0000000008006062       0x9e Drivers/STM32H7xx_HAL_Driver/Src/stm32h7xx_hal_iwdg.o
                0x0000000008006062                HAL_IWDG_Init
 .text.HAL_IWDG_Refresh
                0x0000000008006100       0x20 Drivers/STM32H7xx_HAL_Driver/Src/stm32h7xx_hal_iwdg.o
                0x0000000008006100                HAL_IWDG_Refresh
 .text.HAL_PWREx_ConfigSupply
                0x0000000008006120       0x74 Drivers/STM32H7xx_HAL_Driver/Src/stm32h7xx_hal_pwr_ex.o
                0x0000000008006120                HAL_PWREx_ConfigSupply
 .text.HAL_RCC_OscConfig
                0x0000000008006194      0x820 Drivers/STM32H7xx_HAL_Driver/Src/stm32h7xx_hal_rcc.o
                0x0000000008006194                HAL_RCC_OscConfig
 .text.HAL_RCC_ClockConfig
                0x00000000080069b4      0x36c Drivers/STM32H7xx_HAL_Driver/Src/stm32h7xx_hal_rcc.o
                0x00000000080069b4                HAL_RCC_ClockConfig
 .text.HAL_RCC_GetSysClockFreq
                0x0000000008006d20      0x2f4 Drivers/STM32H7xx_HAL_Driver/Src/stm32h7xx_hal_rcc.o
                0x0000000008006d20                HAL_RCC_GetSysClockFreq
 .text.HAL_RCC_GetHCLKFreq
                0x0000000008007014       0x60 Drivers/STM32H7xx_HAL_Driver/Src/stm32h7xx_hal_rcc.o
                0x0000000008007014                HAL_RCC_GetHCLKFreq
 .text.HAL_RCC_GetPCLK1Freq
                0x0000000008007074       0x2c Drivers/STM32H7xx_HAL_Driver/Src/stm32h7xx_hal_rcc.o
                0x0000000008007074                HAL_RCC_GetPCLK1Freq
 .text.HAL_RCC_GetPCLK2Freq
                0x00000000080070a0       0x2c Drivers/STM32H7xx_HAL_Driver/Src/stm32h7xx_hal_rcc.o
                0x00000000080070a0                HAL_RCC_GetPCLK2Freq
 .text.HAL_RCC_GetClockConfig
                0x00000000080070cc       0x84 Drivers/STM32H7xx_HAL_Driver/Src/stm32h7xx_hal_rcc.o
                0x00000000080070cc                HAL_RCC_GetClockConfig
 .text.HAL_RCCEx_PeriphCLKConfig
                0x0000000008007150      0xe80 Drivers/STM32H7xx_HAL_Driver/Src/stm32h7xx_hal_rcc_ex.o
                0x0000000008007150                HAL_RCCEx_PeriphCLKConfig
 .text.HAL_RCCEx_GetD3PCLK1Freq
                0x0000000008007fd0       0x2c Drivers/STM32H7xx_HAL_Driver/Src/stm32h7xx_hal_rcc_ex.o
                0x0000000008007fd0                HAL_RCCEx_GetD3PCLK1Freq
 .text.HAL_RCCEx_GetPLL2ClockFreq
                0x0000000008007ffc      0x2a8 Drivers/STM32H7xx_HAL_Driver/Src/stm32h7xx_hal_rcc_ex.o
                0x0000000008007ffc                HAL_RCCEx_GetPLL2ClockFreq
 .text.HAL_RCCEx_GetPLL3ClockFreq
                0x00000000080082a4      0x2a8 Drivers/STM32H7xx_HAL_Driver/Src/stm32h7xx_hal_rcc_ex.o
                0x00000000080082a4                HAL_RCCEx_GetPLL3ClockFreq
 .text.RCCEx_PLL2_Config
                0x000000000800854c      0x164 Drivers/STM32H7xx_HAL_Driver/Src/stm32h7xx_hal_rcc_ex.o
 .text.RCCEx_PLL3_Config
                0x00000000080086b0      0x164 Drivers/STM32H7xx_HAL_Driver/Src/stm32h7xx_hal_rcc_ex.o
 .text.HAL_TIM_Base_Init
                0x0000000008008814       0xae Drivers/STM32H7xx_HAL_Driver/Src/stm32h7xx_hal_tim.o
                0x0000000008008814                HAL_TIM_Base_Init
 .text.HAL_TIM_Base_MspInit
                0x00000000080088c2       0x14 Drivers/STM32H7xx_HAL_Driver/Src/stm32h7xx_hal_tim.o
                0x00000000080088c2                HAL_TIM_Base_MspInit
 *fill*         0x00000000080088d6        0x2 
 .text.HAL_TIM_Base_Start_IT
                0x00000000080088d8       0xe0 Drivers/STM32H7xx_HAL_Driver/Src/stm32h7xx_hal_tim.o
                0x00000000080088d8                HAL_TIM_Base_Start_IT
 .text.HAL_TIM_IRQHandler
                0x00000000080089b8      0x23e Drivers/STM32H7xx_HAL_Driver/Src/stm32h7xx_hal_tim.o
                0x00000000080089b8                HAL_TIM_IRQHandler
 .text.HAL_TIM_OC_DelayElapsedCallback
                0x0000000008008bf6       0x14 Drivers/STM32H7xx_HAL_Driver/Src/stm32h7xx_hal_tim.o
                0x0000000008008bf6                HAL_TIM_OC_DelayElapsedCallback
 .text.HAL_TIM_IC_CaptureCallback
                0x0000000008008c0a       0x14 Drivers/STM32H7xx_HAL_Driver/Src/stm32h7xx_hal_tim.o
                0x0000000008008c0a                HAL_TIM_IC_CaptureCallback
 .text.HAL_TIM_PWM_PulseFinishedCallback
                0x0000000008008c1e       0x14 Drivers/STM32H7xx_HAL_Driver/Src/stm32h7xx_hal_tim.o
                0x0000000008008c1e                HAL_TIM_PWM_PulseFinishedCallback
 .text.HAL_TIM_TriggerCallback
                0x0000000008008c32       0x14 Drivers/STM32H7xx_HAL_Driver/Src/stm32h7xx_hal_tim.o
                0x0000000008008c32                HAL_TIM_TriggerCallback
 *fill*         0x0000000008008c46        0x2 
 .text.TIM_Base_SetConfig
                0x0000000008008c48      0x134 Drivers/STM32H7xx_HAL_Driver/Src/stm32h7xx_hal_tim.o
                0x0000000008008c48                TIM_Base_SetConfig
 .text.HAL_TIMEx_CommutCallback
                0x0000000008008d7c       0x14 Drivers/STM32H7xx_HAL_Driver/Src/stm32h7xx_hal_tim_ex.o
                0x0000000008008d7c                HAL_TIMEx_CommutCallback
 .text.HAL_TIMEx_BreakCallback
                0x0000000008008d90       0x14 Drivers/STM32H7xx_HAL_Driver/Src/stm32h7xx_hal_tim_ex.o
                0x0000000008008d90                HAL_TIMEx_BreakCallback
 .text.HAL_TIMEx_Break2Callback
                0x0000000008008da4       0x14 Drivers/STM32H7xx_HAL_Driver/Src/stm32h7xx_hal_tim_ex.o
                0x0000000008008da4                HAL_TIMEx_Break2Callback
 .text.HAL_UART_Init
                0x0000000008008db8       0xa0 Drivers/STM32H7xx_HAL_Driver/Src/stm32h7xx_hal_uart.o
                0x0000000008008db8                HAL_UART_Init
 .text.HAL_UART_Transmit_DMA
                0x0000000008008e58      0x100 Drivers/STM32H7xx_HAL_Driver/Src/stm32h7xx_hal_uart.o
                0x0000000008008e58                HAL_UART_Transmit_DMA
 .text.HAL_UART_Receive_DMA
                0x0000000008008f58       0x8c Drivers/STM32H7xx_HAL_Driver/Src/stm32h7xx_hal_uart.o
                0x0000000008008f58                HAL_UART_Receive_DMA
 .text.HAL_UART_DMAStop
                0x0000000008008fe4       0xde Drivers/STM32H7xx_HAL_Driver/Src/stm32h7xx_hal_uart.o
                0x0000000008008fe4                HAL_UART_DMAStop
 *fill*         0x00000000080090c2        0x2 
 .text.HAL_UART_IRQHandler
                0x00000000080090c4      0x574 Drivers/STM32H7xx_HAL_Driver/Src/stm32h7xx_hal_uart.o
                0x00000000080090c4                HAL_UART_IRQHandler
 .text.HAL_UART_TxCpltCallback
                0x0000000008009638       0x14 Drivers/STM32H7xx_HAL_Driver/Src/stm32h7xx_hal_uart.o
                0x0000000008009638                HAL_UART_TxCpltCallback
 .text.HAL_UART_TxHalfCpltCallback
                0x000000000800964c       0x14 Drivers/STM32H7xx_HAL_Driver/Src/stm32h7xx_hal_uart.o
                0x000000000800964c                HAL_UART_TxHalfCpltCallback
 .text.HAL_UART_RxCpltCallback
                0x0000000008009660       0x14 Drivers/STM32H7xx_HAL_Driver/Src/stm32h7xx_hal_uart.o
                0x0000000008009660                HAL_UART_RxCpltCallback
 .text.HAL_UART_RxHalfCpltCallback
                0x0000000008009674       0x14 Drivers/STM32H7xx_HAL_Driver/Src/stm32h7xx_hal_uart.o
                0x0000000008009674                HAL_UART_RxHalfCpltCallback
 .text.HAL_UART_ErrorCallback
                0x0000000008009688       0x14 Drivers/STM32H7xx_HAL_Driver/Src/stm32h7xx_hal_uart.o
                0x0000000008009688                HAL_UART_ErrorCallback
 .text.HAL_UARTEx_RxEventCallback
                0x000000000800969c       0x18 Drivers/STM32H7xx_HAL_Driver/Src/stm32h7xx_hal_uart.o
                0x000000000800969c                HAL_UARTEx_RxEventCallback
 .text.UART_SetConfig
                0x00000000080096b4      0xac0 Drivers/STM32H7xx_HAL_Driver/Src/stm32h7xx_hal_uart.o
                0x00000000080096b4                UART_SetConfig
 .text.UART_AdvFeatureConfig
                0x000000000800a174      0x144 Drivers/STM32H7xx_HAL_Driver/Src/stm32h7xx_hal_uart.o
                0x000000000800a174                UART_AdvFeatureConfig
 .text.UART_CheckIdleState
                0x000000000800a2b8       0x96 Drivers/STM32H7xx_HAL_Driver/Src/stm32h7xx_hal_uart.o
                0x000000000800a2b8                UART_CheckIdleState
 .text.UART_WaitOnFlagUntilTimeout
                0x000000000800a34e      0x100 Drivers/STM32H7xx_HAL_Driver/Src/stm32h7xx_hal_uart.o
                0x000000000800a34e                UART_WaitOnFlagUntilTimeout
 *fill*         0x000000000800a44e        0x2 
 .text.UART_Start_Receive_DMA
                0x000000000800a450       0xdc Drivers/STM32H7xx_HAL_Driver/Src/stm32h7xx_hal_uart.o
                0x000000000800a450                UART_Start_Receive_DMA
 .text.UART_EndTxTransfer
                0x000000000800a52c       0x3c Drivers/STM32H7xx_HAL_Driver/Src/stm32h7xx_hal_uart.o
 .text.UART_EndRxTransfer
                0x000000000800a568       0x64 Drivers/STM32H7xx_HAL_Driver/Src/stm32h7xx_hal_uart.o
 .text.UART_DMATransmitCplt
                0x000000000800a5cc       0x50 Drivers/STM32H7xx_HAL_Driver/Src/stm32h7xx_hal_uart.o
 .text.UART_DMATxHalfCplt
                0x000000000800a61c       0x1c Drivers/STM32H7xx_HAL_Driver/Src/stm32h7xx_hal_uart.o
 .text.UART_DMAReceiveCplt
                0x000000000800a638       0x96 Drivers/STM32H7xx_HAL_Driver/Src/stm32h7xx_hal_uart.o
 .text.UART_DMARxHalfCplt
                0x000000000800a6ce       0x38 Drivers/STM32H7xx_HAL_Driver/Src/stm32h7xx_hal_uart.o
 .text.UART_DMAError
                0x000000000800a706       0x80 Drivers/STM32H7xx_HAL_Driver/Src/stm32h7xx_hal_uart.o
 .text.UART_DMAAbortOnError
                0x000000000800a786       0x2c Drivers/STM32H7xx_HAL_Driver/Src/stm32h7xx_hal_uart.o
 .text.UART_EndTransmit_IT
                0x000000000800a7b2       0x34 Drivers/STM32H7xx_HAL_Driver/Src/stm32h7xx_hal_uart.o
 .text.HAL_UARTEx_WakeupCallback
                0x000000000800a7e6       0x14 Drivers/STM32H7xx_HAL_Driver/Src/stm32h7xx_hal_uart_ex.o
                0x000000000800a7e6                HAL_UARTEx_WakeupCallback
 .text.HAL_UARTEx_RxFifoFullCallback
                0x000000000800a7fa       0x14 Drivers/STM32H7xx_HAL_Driver/Src/stm32h7xx_hal_uart_ex.o
                0x000000000800a7fa                HAL_UARTEx_RxFifoFullCallback
 .text.HAL_UARTEx_TxFifoEmptyCallback
                0x000000000800a80e       0x14 Drivers/STM32H7xx_HAL_Driver/Src/stm32h7xx_hal_uart_ex.o
                0x000000000800a80e                HAL_UARTEx_TxFifoEmptyCallback
 .text.HAL_UARTEx_DisableFifoMode
                0x000000000800a822       0x72 Drivers/STM32H7xx_HAL_Driver/Src/stm32h7xx_hal_uart_ex.o
                0x000000000800a822                HAL_UARTEx_DisableFifoMode
 .text.HAL_UARTEx_SetTxFifoThreshold
                0x000000000800a894       0x7c Drivers/STM32H7xx_HAL_Driver/Src/stm32h7xx_hal_uart_ex.o
                0x000000000800a894                HAL_UARTEx_SetTxFifoThreshold
 .text.HAL_UARTEx_SetRxFifoThreshold
                0x000000000800a910       0x7c Drivers/STM32H7xx_HAL_Driver/Src/stm32h7xx_hal_uart_ex.o
                0x000000000800a910                HAL_UARTEx_SetRxFifoThreshold
 .text.UARTEx_SetNbDataToProcess
                0x000000000800a98c       0x9c Drivers/STM32H7xx_HAL_Driver/Src/stm32h7xx_hal_uart_ex.o
 .text.makeFreeRtosPriority
                0x000000000800aa28       0x30 Middlewares/Third_Party/FreeRTOS/Source/CMSIS_RTOS/cmsis_os.o
 .text.osKernelStart
                0x000000000800aa58        0xe Middlewares/Third_Party/FreeRTOS/Source/CMSIS_RTOS/cmsis_os.o
                0x000000000800aa58                osKernelStart
 .text.osThreadCreate
                0x000000000800aa66       0x98 Middlewares/Third_Party/FreeRTOS/Source/CMSIS_RTOS/cmsis_os.o
                0x000000000800aa66                osThreadCreate
 .text.osDelay  0x000000000800aafe       0x28 Middlewares/Third_Party/FreeRTOS/Source/CMSIS_RTOS/cmsis_os.o
                0x000000000800aafe                osDelay
 .text.vListInitialise
                0x000000000800ab26       0x40 Middlewares/Third_Party/FreeRTOS/Source/list.o
                0x000000000800ab26                vListInitialise
 .text.vListInitialiseItem
                0x000000000800ab66       0x1a Middlewares/Third_Party/FreeRTOS/Source/list.o
                0x000000000800ab66                vListInitialiseItem
 .text.vListInsertEnd
                0x000000000800ab80       0x48 Middlewares/Third_Party/FreeRTOS/Source/list.o
                0x000000000800ab80                vListInsertEnd
 .text.vListInsert
                0x000000000800abc8       0x72 Middlewares/Third_Party/FreeRTOS/Source/list.o
                0x000000000800abc8                vListInsert
 .text.uxListRemove
                0x000000000800ac3a       0x54 Middlewares/Third_Party/FreeRTOS/Source/list.o
                0x000000000800ac3a                uxListRemove
 .text.xTaskCreateStatic
                0x000000000800ac8e       0xba Middlewares/Third_Party/FreeRTOS/Source/tasks.o
                0x000000000800ac8e                xTaskCreateStatic
 .text.xTaskCreate
                0x000000000800ad48       0x8a Middlewares/Third_Party/FreeRTOS/Source/tasks.o
                0x000000000800ad48                xTaskCreate
 .text.prvInitialiseNewTask
                0x000000000800add2      0x10e Middlewares/Third_Party/FreeRTOS/Source/tasks.o
 .text.prvAddNewTaskToReadyList
                0x000000000800aee0       0xd4 Middlewares/Third_Party/FreeRTOS/Source/tasks.o
 .text.vTaskDelay
                0x000000000800afb4       0x68 Middlewares/Third_Party/FreeRTOS/Source/tasks.o
                0x000000000800afb4                vTaskDelay
 .text.vTaskSuspend
                0x000000000800b01c      0x124 Middlewares/Third_Party/FreeRTOS/Source/tasks.o
                0x000000000800b01c                vTaskSuspend
 .text.prvTaskIsTaskSuspended
                0x000000000800b140       0x64 Middlewares/Third_Party/FreeRTOS/Source/tasks.o
 .text.vTaskResume
                0x000000000800b1a4       0xbc Middlewares/Third_Party/FreeRTOS/Source/tasks.o
                0x000000000800b1a4                vTaskResume
 .text.vTaskStartScheduler
                0x000000000800b260       0xc0 Middlewares/Third_Party/FreeRTOS/Source/tasks.o
                0x000000000800b260                vTaskStartScheduler
 .text.vTaskSuspendAll
                0x000000000800b320       0x1c Middlewares/Third_Party/FreeRTOS/Source/tasks.o
                0x000000000800b320                vTaskSuspendAll
 .text.xTaskResumeAll
                0x000000000800b33c      0x138 Middlewares/Third_Party/FreeRTOS/Source/tasks.o
                0x000000000800b33c                xTaskResumeAll
 .text.xTaskIncrementTick
                0x000000000800b474      0x170 Middlewares/Third_Party/FreeRTOS/Source/tasks.o
                0x000000000800b474                xTaskIncrementTick
 .text.vTaskSwitchContext
                0x000000000800b5e4       0xb8 Middlewares/Third_Party/FreeRTOS/Source/tasks.o
                0x000000000800b5e4                vTaskSwitchContext
 .text.prvIdleTask
                0x000000000800b69c       0x30 Middlewares/Third_Party/FreeRTOS/Source/tasks.o
 .text.prvInitialiseTaskLists
                0x000000000800b6cc       0x80 Middlewares/Third_Party/FreeRTOS/Source/tasks.o
 .text.prvCheckTasksWaitingTermination
                0x000000000800b74c       0x5c Middlewares/Third_Party/FreeRTOS/Source/tasks.o
 .text.prvDeleteTCB
                0x000000000800b7a8       0x5e Middlewares/Third_Party/FreeRTOS/Source/tasks.o
 *fill*         0x000000000800b806        0x2 
 .text.prvResetNextTaskUnblockTime
                0x000000000800b808       0x40 Middlewares/Third_Party/FreeRTOS/Source/tasks.o
 .text.prvAddCurrentTaskToDelayedList
                0x000000000800b848       0xcc Middlewares/Third_Party/FreeRTOS/Source/tasks.o
 .text.pxPortInitialiseStack
                0x000000000800b914       0x68 Middlewares/Third_Party/FreeRTOS/Source/portable/GCC/ARM_CM4F/port.o
                0x000000000800b914                pxPortInitialiseStack
 .text.prvTaskExitError
                0x000000000800b97c       0x58 Middlewares/Third_Party/FreeRTOS/Source/portable/GCC/ARM_CM4F/port.o
 *fill*         0x000000000800b9d4        0xc 
 .text.SVC_Handler
                0x000000000800b9e0       0x28 Middlewares/Third_Party/FreeRTOS/Source/portable/GCC/ARM_CM4F/port.o
                0x000000000800b9e0                SVC_Handler
 .text.prvPortStartFirstTask
                0x000000000800ba08       0x28 Middlewares/Third_Party/FreeRTOS/Source/portable/GCC/ARM_CM4F/port.o
 .text.xPortStartScheduler
                0x000000000800ba30      0x144 Middlewares/Third_Party/FreeRTOS/Source/portable/GCC/ARM_CM4F/port.o
                0x000000000800ba30                xPortStartScheduler
 .text.vPortEnterCritical
                0x000000000800bb74       0x60 Middlewares/Third_Party/FreeRTOS/Source/portable/GCC/ARM_CM4F/port.o
                0x000000000800bb74                vPortEnterCritical
 .text.vPortExitCritical
                0x000000000800bbd4       0x54 Middlewares/Third_Party/FreeRTOS/Source/portable/GCC/ARM_CM4F/port.o
                0x000000000800bbd4                vPortExitCritical
 *fill*         0x000000000800bc28        0x8 
 .text.PendSV_Handler
                0x000000000800bc30       0x68 Middlewares/Third_Party/FreeRTOS/Source/portable/GCC/ARM_CM4F/port.o
                0x000000000800bc30                PendSV_Handler
 .text.SysTick_Handler
                0x000000000800bc98       0x44 Middlewares/Third_Party/FreeRTOS/Source/portable/GCC/ARM_CM4F/port.o
                0x000000000800bc98                SysTick_Handler
 .text.vPortSetupTimerInterrupt
                0x000000000800bcdc       0x48 Middlewares/Third_Party/FreeRTOS/Source/portable/GCC/ARM_CM4F/port.o
                0x000000000800bcdc                vPortSetupTimerInterrupt
 .text.vPortEnableVFP
                0x000000000800bd24       0x14 Middlewares/Third_Party/FreeRTOS/Source/portable/GCC/ARM_CM4F/port.o
 .text.pvPortMalloc
                0x000000000800bd38      0x198 Middlewares/Third_Party/FreeRTOS/Source/portable/MemMang/heap_4.o
                0x000000000800bd38                pvPortMalloc
 .text.vPortFree
                0x000000000800bed0       0xc4 Middlewares/Third_Party/FreeRTOS/Source/portable/MemMang/heap_4.o
                0x000000000800bed0                vPortFree
 .text.prvHeapInit
                0x000000000800bf94       0xc4 Middlewares/Third_Party/FreeRTOS/Source/portable/MemMang/heap_4.o
 .text.prvInsertBlockIntoFreeList
                0x000000000800c058       0xb4 Middlewares/Third_Party/FreeRTOS/Source/portable/MemMang/heap_4.o
 .text.__libc_init_array
                0x000000000800c10c       0x48 d:/stm32cubeide_1.6.1/stm32cubeide/plugins/com.st.stm32cube.ide.mcu.externaltools.gnu-tools-for-stm32.9-2020-q2-update.win32_1.5.0.202011040924/tools/bin/../lib/gcc/arm-none-eabi/9.3.1/../../../../arm-none-eabi/lib/thumb/v7e-m+dp/hard\libc_nano.a(lib_a-init.o)
                0x000000000800c10c                __libc_init_array
 .text.memset   0x000000000800c154       0x10 d:/stm32cubeide_1.6.1/stm32cubeide/plugins/com.st.stm32cube.ide.mcu.externaltools.gnu-tools-for-stm32.9-2020-q2-update.win32_1.5.0.202011040924/tools/bin/../lib/gcc/arm-none-eabi/9.3.1/../../../../arm-none-eabi/lib/thumb/v7e-m+dp/hard\libc_nano.a(lib_a-memset.o)
                0x000000000800c154                memset
 *(.glue_7)
 .glue_7        0x000000000800c164        0x0 linker stubs
 *(.glue_7t)
 .glue_7t       0x000000000800c164        0x0 linker stubs
 *(.eh_frame)
 .eh_frame      0x000000000800c164        0x0 d:/stm32cubeide_1.6.1/stm32cubeide/plugins/com.st.stm32cube.ide.mcu.externaltools.gnu-tools-for-stm32.9-2020-q2-update.win32_1.5.0.202011040924/tools/bin/../lib/gcc/arm-none-eabi/9.3.1/thumb/v7e-m+dp/hard/crtbegin.o
 *(.init)
 .init          0x000000000800c164        0x4 d:/stm32cubeide_1.6.1/stm32cubeide/plugins/com.st.stm32cube.ide.mcu.externaltools.gnu-tools-for-stm32.9-2020-q2-update.win32_1.5.0.202011040924/tools/bin/../lib/gcc/arm-none-eabi/9.3.1/thumb/v7e-m+dp/hard/crti.o
                0x000000000800c164                _init
 .init          0x000000000800c168        0x8 d:/stm32cubeide_1.6.1/stm32cubeide/plugins/com.st.stm32cube.ide.mcu.externaltools.gnu-tools-for-stm32.9-2020-q2-update.win32_1.5.0.202011040924/tools/bin/../lib/gcc/arm-none-eabi/9.3.1/thumb/v7e-m+dp/hard/crtn.o
 *(.fini)
 .fini          0x000000000800c170        0x4 d:/stm32cubeide_1.6.1/stm32cubeide/plugins/com.st.stm32cube.ide.mcu.externaltools.gnu-tools-for-stm32.9-2020-q2-update.win32_1.5.0.202011040924/tools/bin/../lib/gcc/arm-none-eabi/9.3.1/thumb/v7e-m+dp/hard/crti.o
                0x000000000800c170                _fini
 .fini          0x000000000800c174        0x8 d:/stm32cubeide_1.6.1/stm32cubeide/plugins/com.st.stm32cube.ide.mcu.externaltools.gnu-tools-for-stm32.9-2020-q2-update.win32_1.5.0.202011040924/tools/bin/../lib/gcc/arm-none-eabi/9.3.1/thumb/v7e-m+dp/hard/crtn.o
                0x000000000800c17c                . = ALIGN (0x4)
                0x000000000800c17c                _etext = .

.vfp11_veneer   0x000000000800c17c        0x0
 .vfp11_veneer  0x000000000800c17c        0x0 linker stubs

.v4_bx          0x000000000800c17c        0x0
 .v4_bx         0x000000000800c17c        0x0 linker stubs

.iplt           0x000000000800c17c        0x0
 .iplt          0x000000000800c17c        0x0 d:/stm32cubeide_1.6.1/stm32cubeide/plugins/com.st.stm32cube.ide.mcu.externaltools.gnu-tools-for-stm32.9-2020-q2-update.win32_1.5.0.202011040924/tools/bin/../lib/gcc/arm-none-eabi/9.3.1/thumb/v7e-m+dp/hard/crtbegin.o

.rodata         0x000000000800c17c      0x10c
                0x000000000800c17c                . = ALIGN (0x4)
 *(.rodata)
 .rodata        0x000000000800c17c       0xc4 Core/Src/main.o
 .rodata        0x000000000800c240        0x5 Middlewares/Third_Party/FreeRTOS/Source/tasks.o
 *(.rodata*)
 *fill*         0x000000000800c245        0x3 
 .rodata.D1CorePrescTable
                0x000000000800c248       0x10 Core/Src/system_stm32h7xx.o
                0x000000000800c248                D1CorePrescTable
 .rodata.flagBitshiftOffset.11077
                0x000000000800c258        0x8 Drivers/STM32H7xx_HAL_Driver/Src/stm32h7xx_hal_dma.o
 .rodata.UARTPrescTable
                0x000000000800c260       0x18 Drivers/STM32H7xx_HAL_Driver/Src/stm32h7xx_hal_uart.o
                0x000000000800c260                UARTPrescTable
 .rodata.numerator.11032
                0x000000000800c278        0x8 Drivers/STM32H7xx_HAL_Driver/Src/stm32h7xx_hal_uart_ex.o
 .rodata.denominator.11033
                0x000000000800c280        0x8 Drivers/STM32H7xx_HAL_Driver/Src/stm32h7xx_hal_uart_ex.o
                0x000000000800c288                . = ALIGN (0x4)

.ARM.extab
 *(.ARM.extab* .gnu.linkonce.armextab.*)

.ARM            0x000000000800c288        0x8
                0x000000000800c288                __exidx_start = .
 *(.ARM.exidx*)
 .ARM.exidx     0x000000000800c288        0x8 d:/stm32cubeide_1.6.1/stm32cubeide/plugins/com.st.stm32cube.ide.mcu.externaltools.gnu-tools-for-stm32.9-2020-q2-update.win32_1.5.0.202011040924/tools/bin/../lib/gcc/arm-none-eabi/9.3.1/thumb/v7e-m+dp/hard\libgcc.a(_udivmoddi4.o)
                0x000000000800c290                __exidx_end = .

.rel.dyn        0x000000000800c290        0x0
 .rel.iplt      0x000000000800c290        0x0 d:/stm32cubeide_1.6.1/stm32cubeide/plugins/com.st.stm32cube.ide.mcu.externaltools.gnu-tools-for-stm32.9-2020-q2-update.win32_1.5.0.202011040924/tools/bin/../lib/gcc/arm-none-eabi/9.3.1/thumb/v7e-m+dp/hard/crtbegin.o

.preinit_array  0x000000000800c290        0x0
                0x000000000800c290                PROVIDE (__preinit_array_start = .)
 *(.preinit_array*)
                0x000000000800c290                PROVIDE (__preinit_array_end = .)

.init_array     0x000000000800c290        0x4
                0x000000000800c290                PROVIDE (__init_array_start = .)
 *(SORT_BY_NAME(.init_array.*))
 *(.init_array*)
 .init_array    0x000000000800c290        0x4 d:/stm32cubeide_1.6.1/stm32cubeide/plugins/com.st.stm32cube.ide.mcu.externaltools.gnu-tools-for-stm32.9-2020-q2-update.win32_1.5.0.202011040924/tools/bin/../lib/gcc/arm-none-eabi/9.3.1/thumb/v7e-m+dp/hard/crtbegin.o
                0x000000000800c294                PROVIDE (__init_array_end = .)

.fini_array     0x000000000800c294        0x4
                [!provide]                        PROVIDE (__fini_array_start = .)
 *(SORT_BY_NAME(.fini_array.*))
 *(.fini_array*)
 .fini_array    0x000000000800c294        0x4 d:/stm32cubeide_1.6.1/stm32cubeide/plugins/com.st.stm32cube.ide.mcu.externaltools.gnu-tools-for-stm32.9-2020-q2-update.win32_1.5.0.202011040924/tools/bin/../lib/gcc/arm-none-eabi/9.3.1/thumb/v7e-m+dp/hard/crtbegin.o
                [!provide]                        PROVIDE (__fini_array_end = .)
                0x000000000800c298                _sidata = LOADADDR (.data)

.data           0x0000000020000000       0x14 load address 0x000000000800c298
                0x0000000020000000                . = ALIGN (0x4)
                0x0000000020000000                _sdata = .
 *(.data)
 *(.data*)
 .data.SystemCoreClock
                0x0000000020000000        0x4 Core/Src/system_stm32h7xx.o
                0x0000000020000000                SystemCoreClock
 .data.SystemD2Clock
                0x0000000020000004        0x4 Core/Src/system_stm32h7xx.o
                0x0000000020000004                SystemD2Clock
 .data.uwTickPrio
                0x0000000020000008        0x4 Drivers/STM32H7xx_HAL_Driver/Src/stm32h7xx_hal.o
                0x0000000020000008                uwTickPrio
 .data.uwTickFreq
                0x000000002000000c        0x1 Drivers/STM32H7xx_HAL_Driver/Src/stm32h7xx_hal.o
                0x000000002000000c                uwTickFreq
 *fill*         0x000000002000000d        0x3 
 .data.uxCriticalNesting
                0x0000000020000010        0x4 Middlewares/Third_Party/FreeRTOS/Source/portable/GCC/ARM_CM4F/port.o
 *(.RamFunc)
 *(.RamFunc*)
                0x0000000020000014                . = ALIGN (0x4)
                0x0000000020000014                _edata = .

.igot.plt       0x0000000020000014        0x0 load address 0x000000000800c2ac
 .igot.plt      0x0000000020000014        0x0 d:/stm32cubeide_1.6.1/stm32cubeide/plugins/com.st.stm32cube.ide.mcu.externaltools.gnu-tools-for-stm32.9-2020-q2-update.win32_1.5.0.202011040924/tools/bin/../lib/gcc/arm-none-eabi/9.3.1/thumb/v7e-m+dp/hard/crtbegin.o
                0x0000000020000014                . = ALIGN (0x4)

.bss            0x0000000020000014     0x4a04 load address 0x000000000800c2ac
                0x0000000020000014                _sbss = .
                0x0000000020000014                __bss_start__ = _sbss
 *(.bss)
 .bss           0x0000000020000014       0x1c d:/stm32cubeide_1.6.1/stm32cubeide/plugins/com.st.stm32cube.ide.mcu.externaltools.gnu-tools-for-stm32.9-2020-q2-update.win32_1.5.0.202011040924/tools/bin/../lib/gcc/arm-none-eabi/9.3.1/thumb/v7e-m+dp/hard/crtbegin.o
 *(.bss*)
 .bss.PUString  0x0000000020000030        0x4 Core/Src/BasicCtrl.o
 .bss.PDBegin   0x0000000020000034        0x4 Core/Src/BasicCtrl.o
 .bss.PDStraight
                0x0000000020000038        0x4 Core/Src/BasicCtrl.o
 .bss.PDRotate  0x000000002000003c        0x4 Core/Src/BasicCtrl.o
 .bss.PDVertical
                0x0000000020000040        0x4 Core/Src/BasicCtrl.o
 .bss.PDLight   0x0000000020000044        0x4 Core/Src/BasicCtrl.o
 .bss.PDTH      0x0000000020000048        0x4 Core/Src/BasicCtrl.o
 .bss.PDTransp  0x000000002000004c        0x4 Core/Src/BasicCtrl.o
 .bss.PDArm     0x0000000020000050       0x18 Core/Src/BasicCtrl.o
 .bss.PDRes     0x0000000020000068        0x4 Core/Src/BasicCtrl.o
 .bss.PDMode    0x000000002000006c        0x4 Core/Src/BasicCtrl.o
 .bss.PDId      0x0000000020000070        0x4 Core/Src/BasicCtrl.o
 .bss.PDEnd     0x0000000020000074        0x4 Core/Src/BasicCtrl.o
 .bss.PUCabin   0x0000000020000078        0x4 Core/Src/BasicCtrl.o
 .bss.PUTemp    0x000000002000007c        0x4 Core/Src/BasicCtrl.o
 .bss.PUBaro    0x0000000020000080        0x8 Core/Src/BasicCtrl.o
 .bss.PUHum     0x0000000020000088        0x4 Core/Src/BasicCtrl.o
 .bss.PUAcc     0x000000002000008c        0xc Core/Src/BasicCtrl.o
 .bss.PURot     0x0000000020000098        0xc Core/Src/BasicCtrl.o
 .bss.PUEul     0x00000000200000a4        0xc Core/Src/BasicCtrl.o
 .bss.PUMag     0x00000000200000b0        0xc Core/Src/BasicCtrl.o
 .bss.PUWaterT  0x00000000200000bc        0x4 Core/Src/BasicCtrl.o
 .bss.PUWaterD  0x00000000200000c0        0x4 Core/Src/BasicCtrl.o
 .bss.PUId      0x00000000200000c4        0x4 Core/Src/BasicCtrl.o
 .bss.DeepSensorIO
                0x00000000200000c8        0x4 Core/Src/BasicCtrl.o
 .bss.GY39SensorIO
                0x00000000200000cc        0x4 Core/Src/BasicCtrl.o
 .bss.WT931SensorIO
                0x00000000200000d0        0x4 Core/Src/BasicCtrl.o
 .bss.PIDData.11099
                0x00000000200000d4        0x1 Core/Src/BasicCtrl.o
 *fill*         0x00000000200000d5        0x3 
 .bss.Ek.11096  0x00000000200000d8        0x4 Core/Src/BasicCtrl.o
 .bss.LocSum.11098
                0x00000000200000dc        0x4 Core/Src/BasicCtrl.o
 .bss.Ek1.11097
                0x00000000200000e0        0x4 Core/Src/BasicCtrl.o
 .bss.DDepthPos
                0x00000000200000e4        0x4 Core/Src/Sensor.o
 .bss.DWaterTemperturePos
                0x00000000200000e8        0x4 Core/Src/Sensor.o
 .bss.PAccPos   0x00000000200000ec        0xc Core/Src/Sensor.o
 .bss.PRotPos   0x00000000200000f8        0xc Core/Src/Sensor.o
 .bss.PEulPos   0x0000000020000104        0xc Core/Src/Sensor.o
 .bss.PMagPos   0x0000000020000110        0xc Core/Src/Sensor.o
 .bss.PInsTemPos
                0x000000002000011c       0x10 Core/Src/Sensor.o
 .bss.TTemPos   0x000000002000012c        0x4 Core/Src/Sensor.o
 .bss.TBaroPos  0x0000000020000130        0x8 Core/Src/Sensor.o
 .bss.THumPos   0x0000000020000138        0x4 Core/Src/Sensor.o
 .bss.xIdleTaskTCBBuffer
                0x000000002000013c       0x54 Core/Src/freertos.o
 .bss.xIdleStack
                0x0000000020000190      0x200 Core/Src/freertos.o
 .bss.SensorCabin
                0x0000000020000390        0x1 Core/Src/main.o
                0x0000000020000390                SensorCabin
 .bss.UpSideFinish
                0x0000000020000391        0x1 Core/Src/main.o
                0x0000000020000391                UpSideFinish
 .bss.DownSideFinish
                0x0000000020000392        0x1 Core/Src/main.o
                0x0000000020000392                DownSideFinish
 .bss.DeepFinish
                0x0000000020000393        0x1 Core/Src/main.o
                0x0000000020000393                DeepFinish
 .bss.GY39Finish
                0x0000000020000394        0x1 Core/Src/main.o
                0x0000000020000394                GY39Finish
 .bss.WT931Finish
                0x0000000020000395        0x1 Core/Src/main.o
                0x0000000020000395                WT931Finish
 .bss.DeepIO    0x0000000020000396        0x1 Core/Src/main.o
                0x0000000020000396                DeepIO
 .bss.GY39IO    0x0000000020000397        0x1 Core/Src/main.o
                0x0000000020000397                GY39IO
 .bss.WT931IO   0x0000000020000398        0x1 Core/Src/main.o
                0x0000000020000398                WT931IO
 .bss.UpIO      0x0000000020000399        0x1 Core/Src/main.o
                0x0000000020000399                UpIO
 .bss.DownIO    0x000000002000039a        0x1 Core/Src/main.o
                0x000000002000039a                DownIO
 .bss.DownEn    0x000000002000039b        0x1 Core/Src/main.o
                0x000000002000039b                DownEn
 .bss.DIPFlag   0x000000002000039c        0x1 Core/Src/main.o
                0x000000002000039c                DIPFlag
 *fill*         0x000000002000039d        0x1 
 .bss.DIPStartNum
                0x000000002000039e        0x2 Core/Src/main.o
                0x000000002000039e                DIPStartNum
 .bss.WaterDetect
                0x00000000200003a0        0x1 Core/Src/main.o
                0x00000000200003a0                WaterDetect
 *fill*         0x00000000200003a1        0x3 
 .bss.AccelerationCache
                0x00000000200003a4        0x6 Core/Src/main.o
                0x00000000200003a4                AccelerationCache
 *fill*         0x00000000200003aa        0x2 
 .bss.RotSpeedCache
                0x00000000200003ac        0x6 Core/Src/main.o
                0x00000000200003ac                RotSpeedCache
 *fill*         0x00000000200003b2        0x2 
 .bss.EulerAngleCache
                0x00000000200003b4        0x6 Core/Src/main.o
                0x00000000200003b4                EulerAngleCache
 *fill*         0x00000000200003ba        0x2 
 .bss.MagnetisCache
                0x00000000200003bc        0x6 Core/Src/main.o
                0x00000000200003bc                MagnetisCache
 .bss.TemCache  0x00000000200003c2        0x2 Core/Src/main.o
                0x00000000200003c2                TemCache
 .bss.BaroCache
                0x00000000200003c4        0x4 Core/Src/main.o
                0x00000000200003c4                BaroCache
 .bss.HumCache  0x00000000200003c8        0x2 Core/Src/main.o
                0x00000000200003c8                HumCache
 .bss.DepthCache
                0x00000000200003ca        0x2 Core/Src/main.o
                0x00000000200003ca                DepthCache
 .bss.WaterTempertureCache
                0x00000000200003cc        0x2 Core/Src/main.o
                0x00000000200003cc                WaterTempertureCache
 .bss.WT931Len  0x00000000200003ce        0x1 Core/Src/main.o
                0x00000000200003ce                WT931Len
 *fill*         0x00000000200003cf        0x1 
 .bss.pxCurrentTCB
                0x00000000200003d0        0x4 Middlewares/Third_Party/FreeRTOS/Source/tasks.o
                0x00000000200003d0                pxCurrentTCB
 .bss.pxReadyTasksLists
                0x00000000200003d4       0x8c Middlewares/Third_Party/FreeRTOS/Source/tasks.o
 .bss.xDelayedTaskList1
                0x0000000020000460       0x14 Middlewares/Third_Party/FreeRTOS/Source/tasks.o
 .bss.xDelayedTaskList2
                0x0000000020000474       0x14 Middlewares/Third_Party/FreeRTOS/Source/tasks.o
 .bss.pxDelayedTaskList
                0x0000000020000488        0x4 Middlewares/Third_Party/FreeRTOS/Source/tasks.o
 .bss.pxOverflowDelayedTaskList
                0x000000002000048c        0x4 Middlewares/Third_Party/FreeRTOS/Source/tasks.o
 .bss.xPendingReadyList
                0x0000000020000490       0x14 Middlewares/Third_Party/FreeRTOS/Source/tasks.o
 .bss.xTasksWaitingTermination
                0x00000000200004a4       0x14 Middlewares/Third_Party/FreeRTOS/Source/tasks.o
 .bss.uxDeletedTasksWaitingCleanUp
                0x00000000200004b8        0x4 Middlewares/Third_Party/FreeRTOS/Source/tasks.o
 .bss.xSuspendedTaskList
                0x00000000200004bc       0x14 Middlewares/Third_Party/FreeRTOS/Source/tasks.o
 .bss.uxCurrentNumberOfTasks
                0x00000000200004d0        0x4 Middlewares/Third_Party/FreeRTOS/Source/tasks.o
 .bss.xTickCount
                0x00000000200004d4        0x4 Middlewares/Third_Party/FreeRTOS/Source/tasks.o
 .bss.uxTopReadyPriority
                0x00000000200004d8        0x4 Middlewares/Third_Party/FreeRTOS/Source/tasks.o
 .bss.xSchedulerRunning
                0x00000000200004dc        0x4 Middlewares/Third_Party/FreeRTOS/Source/tasks.o
 .bss.xPendedTicks
                0x00000000200004e0        0x4 Middlewares/Third_Party/FreeRTOS/Source/tasks.o
 .bss.xYieldPending
                0x00000000200004e4        0x4 Middlewares/Third_Party/FreeRTOS/Source/tasks.o
 .bss.xNumOfOverflows
                0x00000000200004e8        0x4 Middlewares/Third_Party/FreeRTOS/Source/tasks.o
 .bss.uxTaskNumber
                0x00000000200004ec        0x4 Middlewares/Third_Party/FreeRTOS/Source/tasks.o
 .bss.xNextTaskUnblockTime
                0x00000000200004f0        0x4 Middlewares/Third_Party/FreeRTOS/Source/tasks.o
 .bss.xIdleTaskHandle
                0x00000000200004f4        0x4 Middlewares/Third_Party/FreeRTOS/Source/tasks.o
 .bss.uxSchedulerSuspended
                0x00000000200004f8        0x4 Middlewares/Third_Party/FreeRTOS/Source/tasks.o
 .bss.ucMaxSysCallPriority
                0x00000000200004fc        0x1 Middlewares/Third_Party/FreeRTOS/Source/portable/GCC/ARM_CM4F/port.o
 *fill*         0x00000000200004fd        0x3 
 .bss.ulMaxPRIGROUPValue
                0x0000000020000500        0x4 Middlewares/Third_Party/FreeRTOS/Source/portable/GCC/ARM_CM4F/port.o
 .bss.ucHeap    0x0000000020000504     0x3c00 Middlewares/Third_Party/FreeRTOS/Source/portable/MemMang/heap_4.o
 .bss.xStart    0x0000000020004104        0x8 Middlewares/Third_Party/FreeRTOS/Source/portable/MemMang/heap_4.o
 .bss.pxEnd     0x000000002000410c        0x4 Middlewares/Third_Party/FreeRTOS/Source/portable/MemMang/heap_4.o
 .bss.xFreeBytesRemaining
                0x0000000020004110        0x4 Middlewares/Third_Party/FreeRTOS/Source/portable/MemMang/heap_4.o
 .bss.xMinimumEverFreeBytesRemaining
                0x0000000020004114        0x4 Middlewares/Third_Party/FreeRTOS/Source/portable/MemMang/heap_4.o
 .bss.xNumberOfSuccessfulAllocations
                0x0000000020004118        0x4 Middlewares/Third_Party/FreeRTOS/Source/portable/MemMang/heap_4.o
 .bss.xNumberOfSuccessfulFrees
                0x000000002000411c        0x4 Middlewares/Third_Party/FreeRTOS/Source/portable/MemMang/heap_4.o
 .bss.xBlockAllocatedBit
                0x0000000020004120        0x4 Middlewares/Third_Party/FreeRTOS/Source/portable/MemMang/heap_4.o
 *(COMMON)
 COMMON         0x0000000020004124      0x8a4 Core/Src/main.o
                0x0000000020004124                SensorTaskHandle
                0x0000000020004128                hdma_uart4_rx
                0x00000000200041a0                hdma_usart2_rx
                0x0000000020004218                hiwdg1
                0x0000000020004228                UART4RXCache
                0x000000002000422c                UART2TXCache
                0x0000000020004230                DownCache
                0x000000002000425c                hdma_usart3_rx
                0x00000000200042d4                huart3
                0x0000000020004364                UART2RXCache
                0x0000000020004374                EmptyTaskHandle
                0x0000000020004378                hdma_usart1_tx
                0x00000000200043f0                hdma_usart1_rx
                0x0000000020004468                hdma_usart2_tx
                0x00000000200044e0                hdma_uart8_rx
                0x0000000020004558                huart1
                0x00000000200045e8                UART4TXCache
                0x00000000200045fc                hdma_uart8_tx
                0x0000000020004674                UART8RXCache
                0x00000000200046a0                UpCache
                0x00000000200046c0                UART1TXCache_C
                0x00000000200046ec                UpTaskHandle
                0x00000000200046f0                UART1RXCache
                0x0000000020004710                huart8
                0x00000000200047a0                UART3RXCache
                0x00000000200047dc                huart4
                0x000000002000486c                huart2
                0x00000000200048fc                UART8TXCache
                0x000000002000491c                DownTaskHandle
                0x0000000020004920                InitialTaskHandle
                0x0000000020004924                UART1TXCache_P
                0x0000000020004950                hdma_uart4_tx
 COMMON         0x00000000200049c8       0x4c Core/Src/stm32h7xx_hal_timebase_tim.o
                0x00000000200049c8                htim6
 COMMON         0x0000000020004a14        0x4 Drivers/STM32H7xx_HAL_Driver/Src/stm32h7xx_hal.o
                0x0000000020004a14                uwTick
                0x0000000020004a18                . = ALIGN (0x4)
                0x0000000020004a18                _ebss = .
                0x0000000020004a18                __bss_end__ = _ebss

._user_heap_stack
                0x0000000020004a18      0x600 load address 0x000000000800c2ac
                0x0000000020004a18                . = ALIGN (0x8)
                [!provide]                        PROVIDE (end = .)
                0x0000000020004a18                PROVIDE (_end = .)
                0x0000000020004c18                . = (. + _Min_Heap_Size)
 *fill*         0x0000000020004a18      0x200 
                0x0000000020005018                . = (. + _Min_Stack_Size)
 *fill*         0x0000000020004c18      0x400 
                0x0000000020005018                . = ALIGN (0x8)

/DISCARD/
 libc.a(*)
 libm.a(*)
 libgcc.a(*)

.ARM.attributes
                0x0000000000000000       0x2e
 *(.ARM.attributes)
 .ARM.attributes
                0x0000000000000000       0x1e d:/stm32cubeide_1.6.1/stm32cubeide/plugins/com.st.stm32cube.ide.mcu.externaltools.gnu-tools-for-stm32.9-2020-q2-update.win32_1.5.0.202011040924/tools/bin/../lib/gcc/arm-none-eabi/9.3.1/thumb/v7e-m+dp/hard/crti.o
 .ARM.attributes
                0x000000000000001e       0x32 d:/stm32cubeide_1.6.1/stm32cubeide/plugins/com.st.stm32cube.ide.mcu.externaltools.gnu-tools-for-stm32.9-2020-q2-update.win32_1.5.0.202011040924/tools/bin/../lib/gcc/arm-none-eabi/9.3.1/thumb/v7e-m+dp/hard/crtbegin.o
 .ARM.attributes
                0x0000000000000050       0x32 Core/Src/BasicCtrl.o
 .ARM.attributes
                0x0000000000000082       0x32 Core/Src/Sensor.o
 .ARM.attributes
                0x00000000000000b4       0x32 Core/Src/freertos.o
 .ARM.attributes
                0x00000000000000e6       0x32 Core/Src/main.o
 .ARM.attributes
                0x0000000000000118       0x32 Core/Src/stm32h7xx_hal_msp.o
 .ARM.attributes
                0x000000000000014a       0x32 Core/Src/stm32h7xx_hal_timebase_tim.o
 .ARM.attributes
                0x000000000000017c       0x32 Core/Src/stm32h7xx_it.o
 .ARM.attributes
                0x00000000000001ae       0x32 Core/Src/system_stm32h7xx.o
 .ARM.attributes
                0x00000000000001e0       0x21 Core/Startup/startup_stm32h750vbtx.o
 .ARM.attributes
                0x0000000000000201       0x32 Drivers/STM32H7xx_HAL_Driver/Src/stm32h7xx_hal.o
 .ARM.attributes
                0x0000000000000233       0x32 Drivers/STM32H7xx_HAL_Driver/Src/stm32h7xx_hal_cortex.o
 .ARM.attributes
                0x0000000000000265       0x32 Drivers/STM32H7xx_HAL_Driver/Src/stm32h7xx_hal_dma.o
 .ARM.attributes
                0x0000000000000297       0x32 Drivers/STM32H7xx_HAL_Driver/Src/stm32h7xx_hal_gpio.o
 .ARM.attributes
                0x00000000000002c9       0x32 Drivers/STM32H7xx_HAL_Driver/Src/stm32h7xx_hal_iwdg.o
 .ARM.attributes
                0x00000000000002fb       0x32 Drivers/STM32H7xx_HAL_Driver/Src/stm32h7xx_hal_pwr_ex.o
 .ARM.attributes
                0x000000000000032d       0x32 Drivers/STM32H7xx_HAL_Driver/Src/stm32h7xx_hal_rcc.o
 .ARM.attributes
                0x000000000000035f       0x32 Drivers/STM32H7xx_HAL_Driver/Src/stm32h7xx_hal_rcc_ex.o
 .ARM.attributes
                0x0000000000000391       0x32 Drivers/STM32H7xx_HAL_Driver/Src/stm32h7xx_hal_tim.o
 .ARM.attributes
                0x00000000000003c3       0x32 Drivers/STM32H7xx_HAL_Driver/Src/stm32h7xx_hal_tim_ex.o
 .ARM.attributes
                0x00000000000003f5       0x32 Drivers/STM32H7xx_HAL_Driver/Src/stm32h7xx_hal_uart.o
 .ARM.attributes
                0x0000000000000427       0x32 Drivers/STM32H7xx_HAL_Driver/Src/stm32h7xx_hal_uart_ex.o
 .ARM.attributes
                0x0000000000000459       0x32 Middlewares/Third_Party/FreeRTOS/Source/CMSIS_RTOS/cmsis_os.o
 .ARM.attributes
                0x000000000000048b       0x32 Middlewares/Third_Party/FreeRTOS/Source/list.o
 .ARM.attributes
                0x00000000000004bd       0x32 Middlewares/Third_Party/FreeRTOS/Source/tasks.o
 .ARM.attributes
                0x00000000000004ef       0x32 Middlewares/Third_Party/FreeRTOS/Source/portable/GCC/ARM_CM4F/port.o
 .ARM.attributes
                0x0000000000000521       0x32 Middlewares/Third_Party/FreeRTOS/Source/portable/MemMang/heap_4.o
 .ARM.attributes
                0x0000000000000553       0x32 d:/stm32cubeide_1.6.1/stm32cubeide/plugins/com.st.stm32cube.ide.mcu.externaltools.gnu-tools-for-stm32.9-2020-q2-update.win32_1.5.0.202011040924/tools/bin/../lib/gcc/arm-none-eabi/9.3.1/../../../../arm-none-eabi/lib/thumb/v7e-m+dp/hard\libc_nano.a(lib_a-init.o)
 .ARM.attributes
                0x0000000000000585       0x32 d:/stm32cubeide_1.6.1/stm32cubeide/plugins/com.st.stm32cube.ide.mcu.externaltools.gnu-tools-for-stm32.9-2020-q2-update.win32_1.5.0.202011040924/tools/bin/../lib/gcc/arm-none-eabi/9.3.1/../../../../arm-none-eabi/lib/thumb/v7e-m+dp/hard\libc_nano.a(lib_a-memset.o)
 .ARM.attributes
                0x00000000000005b7       0x1e d:/stm32cubeide_1.6.1/stm32cubeide/plugins/com.st.stm32cube.ide.mcu.externaltools.gnu-tools-for-stm32.9-2020-q2-update.win32_1.5.0.202011040924/tools/bin/../lib/gcc/arm-none-eabi/9.3.1/thumb/v7e-m+dp/hard\libgcc.a(_aeabi_uldivmod.o)
 .ARM.attributes
                0x00000000000005d5       0x32 d:/stm32cubeide_1.6.1/stm32cubeide/plugins/com.st.stm32cube.ide.mcu.externaltools.gnu-tools-for-stm32.9-2020-q2-update.win32_1.5.0.202011040924/tools/bin/../lib/gcc/arm-none-eabi/9.3.1/thumb/v7e-m+dp/hard\libgcc.a(_udivmoddi4.o)
 .ARM.attributes
                0x0000000000000607       0x1e d:/stm32cubeide_1.6.1/stm32cubeide/plugins/com.st.stm32cube.ide.mcu.externaltools.gnu-tools-for-stm32.9-2020-q2-update.win32_1.5.0.202011040924/tools/bin/../lib/gcc/arm-none-eabi/9.3.1/thumb/v7e-m+dp/hard\libgcc.a(_dvmd_tls.o)
 .ARM.attributes
                0x0000000000000625       0x1e d:/stm32cubeide_1.6.1/stm32cubeide/plugins/com.st.stm32cube.ide.mcu.externaltools.gnu-tools-for-stm32.9-2020-q2-update.win32_1.5.0.202011040924/tools/bin/../lib/gcc/arm-none-eabi/9.3.1/thumb/v7e-m+dp/hard/crtn.o
OUTPUT(CtrlH7.elf elf32-littlearm)
LOAD linker stubs
LOAD d:/stm32cubeide_1.6.1/stm32cubeide/plugins/com.st.stm32cube.ide.mcu.externaltools.gnu-tools-for-stm32.9-2020-q2-update.win32_1.5.0.202011040924/tools/bin/../lib/gcc/arm-none-eabi/9.3.1/../../../../arm-none-eabi/lib/thumb/v7e-m+dp/hard\libc.a
LOAD d:/stm32cubeide_1.6.1/stm32cubeide/plugins/com.st.stm32cube.ide.mcu.externaltools.gnu-tools-for-stm32.9-2020-q2-update.win32_1.5.0.202011040924/tools/bin/../lib/gcc/arm-none-eabi/9.3.1/../../../../arm-none-eabi/lib/thumb/v7e-m+dp/hard\libm.a
LOAD d:/stm32cubeide_1.6.1/stm32cubeide/plugins/com.st.stm32cube.ide.mcu.externaltools.gnu-tools-for-stm32.9-2020-q2-update.win32_1.5.0.202011040924/tools/bin/../lib/gcc/arm-none-eabi/9.3.1/thumb/v7e-m+dp/hard\libgcc.a

.debug_info     0x0000000000000000    0x293db
 .debug_info    0x0000000000000000     0x124e Core/Src/BasicCtrl.o
 .debug_info    0x000000000000124e      0xe7e Core/Src/Sensor.o
 .debug_info    0x00000000000020cc      0xd9e Core/Src/freertos.o
 .debug_info    0x0000000000002e6a     0x3634 Core/Src/main.o
 .debug_info    0x000000000000649e     0x1d40 Core/Src/stm32h7xx_hal_msp.o
 .debug_info    0x00000000000081de     0x1afe Core/Src/stm32h7xx_hal_timebase_tim.o
 .debug_info    0x0000000000009cdc     0x196f Core/Src/stm32h7xx_it.o
 .debug_info    0x000000000000b64b     0x1787 Core/Src/system_stm32h7xx.o
 .debug_info    0x000000000000cdd2       0x22 Core/Startup/startup_stm32h750vbtx.o
 .debug_info    0x000000000000cdf4     0x1fa3 Drivers/STM32H7xx_HAL_Driver/Src/stm32h7xx_hal.o
 .debug_info    0x000000000000ed97     0x1c19 Drivers/STM32H7xx_HAL_Driver/Src/stm32h7xx_hal_cortex.o
 .debug_info    0x00000000000109b0     0x174c Drivers/STM32H7xx_HAL_Driver/Src/stm32h7xx_hal_dma.o
 .debug_info    0x00000000000120fc     0x17e6 Drivers/STM32H7xx_HAL_Driver/Src/stm32h7xx_hal_gpio.o
 .debug_info    0x00000000000138e2      0xce7 Drivers/STM32H7xx_HAL_Driver/Src/stm32h7xx_hal_iwdg.o
 .debug_info    0x00000000000145c9     0x1b45 Drivers/STM32H7xx_HAL_Driver/Src/stm32h7xx_hal_pwr_ex.o
 .debug_info    0x000000000001610e     0x1951 Drivers/STM32H7xx_HAL_Driver/Src/stm32h7xx_hal_rcc.o
 .debug_info    0x0000000000017a5f     0x1d01 Drivers/STM32H7xx_HAL_Driver/Src/stm32h7xx_hal_rcc_ex.o
 .debug_info    0x0000000000019760     0x3639 Drivers/STM32H7xx_HAL_Driver/Src/stm32h7xx_hal_tim.o
 .debug_info    0x000000000001cd99     0x21cf Drivers/STM32H7xx_HAL_Driver/Src/stm32h7xx_hal_tim_ex.o
 .debug_info    0x000000000001ef68     0x2937 Drivers/STM32H7xx_HAL_Driver/Src/stm32h7xx_hal_uart.o
 .debug_info    0x000000000002189f     0x178e Drivers/STM32H7xx_HAL_Driver/Src/stm32h7xx_hal_uart_ex.o
 .debug_info    0x000000000002302d     0x203c Middlewares/Third_Party/FreeRTOS/Source/CMSIS_RTOS/cmsis_os.o
 .debug_info    0x0000000000025069      0xb82 Middlewares/Third_Party/FreeRTOS/Source/list.o
 .debug_info    0x0000000000025beb     0x2575 Middlewares/Third_Party/FreeRTOS/Source/tasks.o
 .debug_info    0x0000000000028160      0x4f1 Middlewares/Third_Party/FreeRTOS/Source/portable/GCC/ARM_CM4F/port.o
 .debug_info    0x0000000000028651      0xd8a Middlewares/Third_Party/FreeRTOS/Source/portable/MemMang/heap_4.o

.debug_abbrev   0x0000000000000000     0x476d
 .debug_abbrev  0x0000000000000000      0x328 Core/Src/BasicCtrl.o
 .debug_abbrev  0x0000000000000328      0x235 Core/Src/Sensor.o
 .debug_abbrev  0x000000000000055d      0x208 Core/Src/freertos.o
 .debug_abbrev  0x0000000000000765      0x3a6 Core/Src/main.o
 .debug_abbrev  0x0000000000000b0b      0x2a3 Core/Src/stm32h7xx_hal_msp.o
 .debug_abbrev  0x0000000000000dae      0x271 Core/Src/stm32h7xx_hal_timebase_tim.o
 .debug_abbrev  0x000000000000101f      0x270 Core/Src/stm32h7xx_it.o
 .debug_abbrev  0x000000000000128f      0x262 Core/Src/system_stm32h7xx.o
 .debug_abbrev  0x00000000000014f1       0x12 Core/Startup/startup_stm32h750vbtx.o
 .debug_abbrev  0x0000000000001503      0x31b Drivers/STM32H7xx_HAL_Driver/Src/stm32h7xx_hal.o
 .debug_abbrev  0x000000000000181e      0x409 Drivers/STM32H7xx_HAL_Driver/Src/stm32h7xx_hal_cortex.o
 .debug_abbrev  0x0000000000001c27      0x2c1 Drivers/STM32H7xx_HAL_Driver/Src/stm32h7xx_hal_dma.o
 .debug_abbrev  0x0000000000001ee8      0x2cb Drivers/STM32H7xx_HAL_Driver/Src/stm32h7xx_hal_gpio.o
 .debug_abbrev  0x00000000000021b3      0x237 Drivers/STM32H7xx_HAL_Driver/Src/stm32h7xx_hal_iwdg.o
 .debug_abbrev  0x00000000000023ea      0x350 Drivers/STM32H7xx_HAL_Driver/Src/stm32h7xx_hal_pwr_ex.o
 .debug_abbrev  0x000000000000273a      0x322 Drivers/STM32H7xx_HAL_Driver/Src/stm32h7xx_hal_rcc.o
 .debug_abbrev  0x0000000000002a5c      0x31d Drivers/STM32H7xx_HAL_Driver/Src/stm32h7xx_hal_rcc_ex.o
 .debug_abbrev  0x0000000000002d79      0x2f9 Drivers/STM32H7xx_HAL_Driver/Src/stm32h7xx_hal_tim.o
 .debug_abbrev  0x0000000000003072      0x301 Drivers/STM32H7xx_HAL_Driver/Src/stm32h7xx_hal_tim_ex.o
 .debug_abbrev  0x0000000000003373      0x309 Drivers/STM32H7xx_HAL_Driver/Src/stm32h7xx_hal_uart.o
 .debug_abbrev  0x000000000000367c      0x2a5 Drivers/STM32H7xx_HAL_Driver/Src/stm32h7xx_hal_uart_ex.o
 .debug_abbrev  0x0000000000003921      0x3d1 Middlewares/Third_Party/FreeRTOS/Source/CMSIS_RTOS/cmsis_os.o
 .debug_abbrev  0x0000000000003cf2      0x1f7 Middlewares/Third_Party/FreeRTOS/Source/list.o
 .debug_abbrev  0x0000000000003ee9      0x380 Middlewares/Third_Party/FreeRTOS/Source/tasks.o
 .debug_abbrev  0x0000000000004269      0x231 Middlewares/Third_Party/FreeRTOS/Source/portable/GCC/ARM_CM4F/port.o
 .debug_abbrev  0x000000000000449a      0x2d3 Middlewares/Third_Party/FreeRTOS/Source/portable/MemMang/heap_4.o

.debug_aranges  0x0000000000000000     0x1690
 .debug_aranges
                0x0000000000000000       0x60 Core/Src/BasicCtrl.o
 .debug_aranges
                0x0000000000000060       0x50 Core/Src/Sensor.o
 .debug_aranges
                0x00000000000000b0       0x20 Core/Src/freertos.o
 .debug_aranges
                0x00000000000000d0       0xa8 Core/Src/main.o
 .debug_aranges
                0x0000000000000178       0x30 Core/Src/stm32h7xx_hal_msp.o
 .debug_aranges
                0x00000000000001a8       0x30 Core/Src/stm32h7xx_hal_timebase_tim.o
 .debug_aranges
                0x00000000000001d8       0xc0 Core/Src/stm32h7xx_it.o
 .debug_aranges
                0x0000000000000298       0x28 Core/Src/system_stm32h7xx.o
 .debug_aranges
                0x00000000000002c0       0x28 Core/Startup/startup_stm32h750vbtx.o
 .debug_aranges
                0x00000000000002e8      0x198 Drivers/STM32H7xx_HAL_Driver/Src/stm32h7xx_hal.o
 .debug_aranges
                0x0000000000000480      0x120 Drivers/STM32H7xx_HAL_Driver/Src/stm32h7xx_hal_cortex.o
 .debug_aranges
                0x00000000000005a0       0xa0 Drivers/STM32H7xx_HAL_Driver/Src/stm32h7xx_hal_dma.o
 .debug_aranges
                0x0000000000000640       0x58 Drivers/STM32H7xx_HAL_Driver/Src/stm32h7xx_hal_gpio.o
 .debug_aranges
                0x0000000000000698       0x28 Drivers/STM32H7xx_HAL_Driver/Src/stm32h7xx_hal_iwdg.o
 .debug_aranges
                0x00000000000006c0      0x158 Drivers/STM32H7xx_HAL_Driver/Src/stm32h7xx_hal_pwr_ex.o
 .debug_aranges
                0x0000000000000818       0x88 Drivers/STM32H7xx_HAL_Driver/Src/stm32h7xx_hal_rcc.o
 .debug_aranges
                0x00000000000008a0       0xf8 Drivers/STM32H7xx_HAL_Driver/Src/stm32h7xx_hal_rcc_ex.o
 .debug_aranges
                0x0000000000000998      0x3e0 Drivers/STM32H7xx_HAL_Driver/Src/stm32h7xx_hal_tim.o
 .debug_aranges
                0x0000000000000d78      0x188 Drivers/STM32H7xx_HAL_Driver/Src/stm32h7xx_hal_tim_ex.o
 .debug_aranges
                0x0000000000000f00      0x248 Drivers/STM32H7xx_HAL_Driver/Src/stm32h7xx_hal_uart.o
 .debug_aranges
                0x0000000000001148       0xa0 Drivers/STM32H7xx_HAL_Driver/Src/stm32h7xx_hal_uart_ex.o
 .debug_aranges
                0x00000000000011e8      0x1d8 Middlewares/Third_Party/FreeRTOS/Source/CMSIS_RTOS/cmsis_os.o
 .debug_aranges
                0x00000000000013c0       0x40 Middlewares/Third_Party/FreeRTOS/Source/list.o
 .debug_aranges
                0x0000000000001400      0x1b8 Middlewares/Third_Party/FreeRTOS/Source/tasks.o
 .debug_aranges
                0x00000000000015b8       0x80 Middlewares/Third_Party/FreeRTOS/Source/portable/GCC/ARM_CM4F/port.o
 .debug_aranges
                0x0000000000001638       0x58 Middlewares/Third_Party/FreeRTOS/Source/portable/MemMang/heap_4.o

.debug_ranges   0x0000000000000000     0x1528
 .debug_ranges  0x0000000000000000       0x50 Core/Src/BasicCtrl.o
 .debug_ranges  0x0000000000000050       0x40 Core/Src/Sensor.o
 .debug_ranges  0x0000000000000090       0x10 Core/Src/freertos.o
 .debug_ranges  0x00000000000000a0       0x98 Core/Src/main.o
 .debug_ranges  0x0000000000000138       0x20 Core/Src/stm32h7xx_hal_msp.o
 .debug_ranges  0x0000000000000158       0x20 Core/Src/stm32h7xx_hal_timebase_tim.o
 .debug_ranges  0x0000000000000178       0xb0 Core/Src/stm32h7xx_it.o
 .debug_ranges  0x0000000000000228       0x18 Core/Src/system_stm32h7xx.o
 .debug_ranges  0x0000000000000240       0x20 Core/Startup/startup_stm32h750vbtx.o
 .debug_ranges  0x0000000000000260      0x188 Drivers/STM32H7xx_HAL_Driver/Src/stm32h7xx_hal.o
 .debug_ranges  0x00000000000003e8      0x110 Drivers/STM32H7xx_HAL_Driver/Src/stm32h7xx_hal_cortex.o
 .debug_ranges  0x00000000000004f8       0x90 Drivers/STM32H7xx_HAL_Driver/Src/stm32h7xx_hal_dma.o
 .debug_ranges  0x0000000000000588       0x48 Drivers/STM32H7xx_HAL_Driver/Src/stm32h7xx_hal_gpio.o
 .debug_ranges  0x00000000000005d0       0x18 Drivers/STM32H7xx_HAL_Driver/Src/stm32h7xx_hal_iwdg.o
 .debug_ranges  0x00000000000005e8      0x148 Drivers/STM32H7xx_HAL_Driver/Src/stm32h7xx_hal_pwr_ex.o
 .debug_ranges  0x0000000000000730       0x78 Drivers/STM32H7xx_HAL_Driver/Src/stm32h7xx_hal_rcc.o
 .debug_ranges  0x00000000000007a8       0xe8 Drivers/STM32H7xx_HAL_Driver/Src/stm32h7xx_hal_rcc_ex.o
 .debug_ranges  0x0000000000000890      0x3d0 Drivers/STM32H7xx_HAL_Driver/Src/stm32h7xx_hal_tim.o
 .debug_ranges  0x0000000000000c60      0x178 Drivers/STM32H7xx_HAL_Driver/Src/stm32h7xx_hal_tim_ex.o
 .debug_ranges  0x0000000000000dd8      0x268 Drivers/STM32H7xx_HAL_Driver/Src/stm32h7xx_hal_uart.o
 .debug_ranges  0x0000000000001040       0x90 Drivers/STM32H7xx_HAL_Driver/Src/stm32h7xx_hal_uart_ex.o
 .debug_ranges  0x00000000000010d0      0x1c8 Middlewares/Third_Party/FreeRTOS/Source/CMSIS_RTOS/cmsis_os.o
 .debug_ranges  0x0000000000001298       0x30 Middlewares/Third_Party/FreeRTOS/Source/list.o
 .debug_ranges  0x00000000000012c8      0x1a8 Middlewares/Third_Party/FreeRTOS/Source/tasks.o
 .debug_ranges  0x0000000000001470       0x70 Middlewares/Third_Party/FreeRTOS/Source/portable/GCC/ARM_CM4F/port.o
 .debug_ranges  0x00000000000014e0       0x48 Middlewares/Third_Party/FreeRTOS/Source/portable/MemMang/heap_4.o

.debug_macro    0x0000000000000000    0x39331
 .debug_macro   0x0000000000000000      0x2eb Core/Src/BasicCtrl.o
 .debug_macro   0x00000000000002eb      0xac0 Core/Src/BasicCtrl.o
 .debug_macro   0x0000000000000dab      0x23e Core/Src/BasicCtrl.o
 .debug_macro   0x0000000000000fe9       0x2e Core/Src/BasicCtrl.o
 .debug_macro   0x0000000000001017       0x3b Core/Src/BasicCtrl.o
 .debug_macro   0x0000000000001052       0x22 Core/Src/BasicCtrl.o
 .debug_macro   0x0000000000001074       0x8e Core/Src/BasicCtrl.o
 .debug_macro   0x0000000000001102       0x51 Core/Src/BasicCtrl.o
 .debug_macro   0x0000000000001153      0x103 Core/Src/BasicCtrl.o
 .debug_macro   0x0000000000001256       0x6a Core/Src/BasicCtrl.o
 .debug_macro   0x00000000000012c0      0x1df Core/Src/BasicCtrl.o
 .debug_macro   0x000000000000149f       0x1c Core/Src/BasicCtrl.o
 .debug_macro   0x00000000000014bb       0x22 Core/Src/BasicCtrl.o
 .debug_macro   0x00000000000014dd      0x101 Core/Src/BasicCtrl.o
 .debug_macro   0x00000000000015de     0x1305 Core/Src/BasicCtrl.o
 .debug_macro   0x00000000000028e3      0x11f Core/Src/BasicCtrl.o
 .debug_macro   0x0000000000002a02       0x27 Core/Src/BasicCtrl.o
 .debug_macro   0x0000000000002a29    0x259c6 Core/Src/BasicCtrl.o
 .debug_macro   0x00000000000283ef       0x43 Core/Src/BasicCtrl.o
 .debug_macro   0x0000000000028432     0x3cd3 Core/Src/BasicCtrl.o
 .debug_macro   0x000000000002c105      0x174 Core/Src/BasicCtrl.o
 .debug_macro   0x000000000002c279       0x52 Core/Src/BasicCtrl.o
 .debug_macro   0x000000000002c2cb       0x17 Core/Src/BasicCtrl.o
 .debug_macro   0x000000000002c2e2       0x3c Core/Src/BasicCtrl.o
 .debug_macro   0x000000000002c31e       0x34 Core/Src/BasicCtrl.o
 .debug_macro   0x000000000002c352       0x16 Core/Src/BasicCtrl.o
 .debug_macro   0x000000000002c368       0x43 Core/Src/BasicCtrl.o
 .debug_macro   0x000000000002c3ab       0x34 Core/Src/BasicCtrl.o
 .debug_macro   0x000000000002c3df       0x10 Core/Src/BasicCtrl.o
 .debug_macro   0x000000000002c3ef       0x58 Core/Src/BasicCtrl.o
 .debug_macro   0x000000000002c447       0x71 Core/Src/BasicCtrl.o
 .debug_macro   0x000000000002c4b8       0x1c Core/Src/BasicCtrl.o
 .debug_macro   0x000000000002c4d4      0x12a Core/Src/BasicCtrl.o
 .debug_macro   0x000000000002c5fe      0x333 Core/Src/BasicCtrl.o
 .debug_macro   0x000000000002c931      0x1a9 Core/Src/BasicCtrl.o
 .debug_macro   0x000000000002cada       0x5d Core/Src/BasicCtrl.o
 .debug_macro   0x000000000002cb37     0x240e Core/Src/BasicCtrl.o
 .debug_macro   0x000000000002ef45     0x1002 Core/Src/BasicCtrl.o
 .debug_macro   0x000000000002ff47      0x14d Core/Src/BasicCtrl.o
 .debug_macro   0x0000000000030094      0x117 Core/Src/BasicCtrl.o
 .debug_macro   0x00000000000301ab      0x3b2 Core/Src/BasicCtrl.o
 .debug_macro   0x000000000003055d       0x27 Core/Src/BasicCtrl.o
 .debug_macro   0x0000000000030584      0x72d Core/Src/BasicCtrl.o
 .debug_macro   0x0000000000030cb1      0x229 Core/Src/BasicCtrl.o
 .debug_macro   0x0000000000030eda       0x66 Core/Src/BasicCtrl.o
 .debug_macro   0x0000000000030f40      0x3bb Core/Src/BasicCtrl.o
 .debug_macro   0x00000000000312fb      0x3e5 Core/Src/BasicCtrl.o
 .debug_macro   0x00000000000316e0      0x275 Core/Src/BasicCtrl.o
 .debug_macro   0x0000000000031955      0x3cb Core/Src/BasicCtrl.o
 .debug_macro   0x0000000000031d20      0x3de Core/Src/BasicCtrl.o
 .debug_macro   0x00000000000320fe       0x3c Core/Src/BasicCtrl.o
 .debug_macro   0x000000000003213a       0x4a Core/Src/BasicCtrl.o
 .debug_macro   0x0000000000032184      0x22c Core/Src/BasicCtrl.o
 .debug_macro   0x00000000000323b0       0x67 Core/Src/BasicCtrl.o
 .debug_macro   0x0000000000032417       0xa5 Core/Src/BasicCtrl.o
 .debug_macro   0x00000000000324bc       0x85 Core/Src/BasicCtrl.o
 .debug_macro   0x0000000000032541      0x1c5 Core/Src/BasicCtrl.o
 .debug_macro   0x0000000000032706      0x25f Core/Src/BasicCtrl.o
 .debug_macro   0x0000000000032965       0x35 Core/Src/BasicCtrl.o
 .debug_macro   0x000000000003299a      0xad7 Core/Src/BasicCtrl.o
 .debug_macro   0x0000000000033471      0x2a0 Core/Src/BasicCtrl.o
 .debug_macro   0x0000000000033711      0x67e Core/Src/BasicCtrl.o
 .debug_macro   0x0000000000033d8f       0xa6 Core/Src/BasicCtrl.o
 .debug_macro   0x0000000000033e35      0x5a0 Core/Src/BasicCtrl.o
 .debug_macro   0x00000000000343d5       0x3a Core/Src/BasicCtrl.o
 .debug_macro   0x000000000003440f       0x3a Core/Src/BasicCtrl.o
 .debug_macro   0x0000000000034449       0x22 Core/Src/BasicCtrl.o
 .debug_macro   0x000000000003446b      0x2eb Core/Src/Sensor.o
 .debug_macro   0x0000000000034756       0x16 Core/Src/Sensor.o
 .debug_macro   0x000000000003476c      0x349 Core/Src/freertos.o
 .debug_macro   0x0000000000034ab5       0xea Core/Src/freertos.o
 .debug_macro   0x0000000000034b9f      0x15a Core/Src/freertos.o
 .debug_macro   0x0000000000034cf9       0xde Core/Src/freertos.o
 .debug_macro   0x0000000000034dd7       0x1c Core/Src/freertos.o
 .debug_macro   0x0000000000034df3       0x26 Core/Src/freertos.o
 .debug_macro   0x0000000000034e19      0x504 Core/Src/freertos.o
 .debug_macro   0x000000000003531d       0xb5 Core/Src/freertos.o
 .debug_macro   0x00000000000353d2       0xaa Core/Src/freertos.o
 .debug_macro   0x000000000003547c       0x1c Core/Src/freertos.o
 .debug_macro   0x0000000000035498      0x394 Core/Src/main.o
 .debug_macro   0x000000000003582c       0xea Core/Src/main.o
 .debug_macro   0x0000000000035916       0x91 Core/Src/main.o
 .debug_macro   0x00000000000359a7       0x8d Core/Src/main.o
 .debug_macro   0x0000000000035a34       0x7e Core/Src/main.o
 .debug_macro   0x0000000000035ab2       0x19 Core/Src/main.o
 .debug_macro   0x0000000000035acb       0xf2 Core/Src/main.o
 .debug_macro   0x0000000000035bbd      0x2e1 Core/Src/stm32h7xx_hal_msp.o
 .debug_macro   0x0000000000035e9e      0x2b2 Core/Src/stm32h7xx_hal_timebase_tim.o
 .debug_macro   0x0000000000036150      0x2eb Core/Src/stm32h7xx_it.o
 .debug_macro   0x000000000003643b      0x2b8 Core/Src/system_stm32h7xx.o
 .debug_macro   0x00000000000366f3      0x2dc Drivers/STM32H7xx_HAL_Driver/Src/stm32h7xx_hal.o
 .debug_macro   0x00000000000369cf      0x2b2 Drivers/STM32H7xx_HAL_Driver/Src/stm32h7xx_hal_cortex.o
 .debug_macro   0x0000000000036c81      0x306 Drivers/STM32H7xx_HAL_Driver/Src/stm32h7xx_hal_dma.o
 .debug_macro   0x0000000000036f87      0x2ee Drivers/STM32H7xx_HAL_Driver/Src/stm32h7xx_hal_gpio.o
 .debug_macro   0x0000000000037275      0x2c0 Drivers/STM32H7xx_HAL_Driver/Src/stm32h7xx_hal_iwdg.o
 .debug_macro   0x0000000000037535      0x2eb Drivers/STM32H7xx_HAL_Driver/Src/stm32h7xx_hal_pwr_ex.o
 .debug_macro   0x0000000000037820      0x2d6 Drivers/STM32H7xx_HAL_Driver/Src/stm32h7xx_hal_rcc.o
 .debug_macro   0x0000000000037af6      0x2d0 Drivers/STM32H7xx_HAL_Driver/Src/stm32h7xx_hal_rcc_ex.o
 .debug_macro   0x0000000000037dc6      0x2b3 Drivers/STM32H7xx_HAL_Driver/Src/stm32h7xx_hal_tim.o
 .debug_macro   0x0000000000038079      0x2b2 Drivers/STM32H7xx_HAL_Driver/Src/stm32h7xx_hal_tim_ex.o