<html>
<body>
<pre>
<h1>µVision Build Log</h1>
<h2>Tool Versions:</h2>
IDE-Version: ¶ÃVision V5.31.0.0
Copyright (C) 2020 ARM Ltd and ARM Germany GmbH. All rights reserved.
License Information:  ,  , LIC=47GU5-GV1A0-RAYDM-X74IR-KPD11-R0ZPC
 
Tool Versions:
Toolchain:       MDK-ARM Plus  Version: 5.31.0.0
Toolchain Path:  D:\keil\ARM\ARMCC\Bin
C Compiler:      Armcc.exe V5.06 update 6 (build 750)
Assembler:       Armasm.exe V5.06 update 6 (build 750)
Linker/Locator:  ArmLink.exe V5.06 update 6 (build 750)
Library Manager: ArmAr.exe V5.06 update 6 (build 750)
Hex Converter:   FromElf.exe V5.06 update 6 (build 750)
CPU DLL:         SARMCM3.DLL V5.31.0.0
Dialog DLL:      DCM.DLL V1.17.3.0
Target DLL:      STLink\ST-LINKIII-KEIL_SWO.dll V3.0.7.0
Dialog DLL:      TCM.DLL V1.46.0.0
 
<h2>Project:</h2>
F:\Git_repository\OurEDA\OurEDA-B1S\CtrlH7\file\MDK-ARM\CtrlH7.uvprojx
Project File Date:  07/23/2021

<h2>Output:</h2>
*** Using Compiler 'V5.06 update 6 (build 750)', folder: 'D:\keil\ARM\ARMCC\Bin'
Rebuild target 'CtrlH7'
assembling startup_stm32h750xx.s...
compiling stm32h7xx_hal_msp.c...
compiling stm32h7xx_hal_flash.c...
compiling stm32h7xx_hal_timebase_tim.c...
compiling freertos.c...
compiling stm32h7xx_hal_rcc_ex.c...
compiling main.c...
../Core/Src/main.c(857): warning:  #167-D: argument of type "volatile u8 *" is incompatible with parameter of type "u8 *"
  	SendBackPoint(UART1TXCache_C, &DeepIO, &WT931IO, &GY39IO);
../Core/Src/main.c(857): warning:  #167-D: argument of type "volatile u8 *" is incompatible with parameter of type "u8 *"
  	SendBackPoint(UART1TXCache_C, &DeepIO, &WT931IO, &GY39IO);
../Core/Src/main.c(857): warning:  #167-D: argument of type "volatile u8 *" is incompatible with parameter of type "u8 *"
  	SendBackPoint(UART1TXCache_C, &DeepIO, &WT931IO, &GY39IO);
../Core/Src/main.c: 3 warnings, 0 errors
compiling BasicCtrl.c...
..\Core\Src\BasicCtrl.c(345): warning:  #111-D: statement is unreachable
  	return 1;
..\Core\Src\BasicCtrl.c(19): warning:  #550-D: variable "PDId"  was set but never used
  static u8 *PDId = 0; 		//È™åËØÅ‰Ω?
..\Core\Src\BasicCtrl.c: 2 warnings, 0 errors
compiling stm32h7xx_hal_cortex.c...
compiling stm32h7xx_it.c...
compiling Sensor.c...
..\Core\Src\Sensor.c(30): warning:  #550-D: variable "PInsTemPos"  was set but never used
  static u16 *PInsTemPos[4] =
..\Core\Src\Sensor.c: 1 warning, 0 errors
compiling stm32h7xx_hal_flash_ex.c...
compiling stm32h7xx_hal_rcc.c...
compiling stm32h7xx_hal_gpio.c...
compiling stm32h7xx_hal_hsem.c...
compiling stm32h7xx_hal_mdma.c...
compiling stm32h7xx_hal_pwr_ex.c...
compiling stm32h7xx_hal_exti.c...
compiling stm32h7xx_hal_i2c_ex.c...
compiling stm32h7xx_hal_pwr.c...
compiling stm32h7xx_hal.c...
compiling stm32h7xx_hal_dma_ex.c...
compiling croutine.c...
compiling event_groups.c...
compiling list.c...
compiling queue.c...
compiling stream_buffer.c...
compiling timers.c...
compiling tasks.c...
compiling heap_4.c...
compiling port.c...
compiling cmsis_os.c...
compiling stm32h7xx_hal_i2c.c...
compiling stm32h7xx_hal_iwdg.c...
compiling stm32h7xx_hal_dma.c...
compiling stm32h7xx_hal_uart_ex.c...
compiling system_stm32h7xx.c...
compiling stm32h7xx_hal_tim_ex.c...
compiling stm32h7xx_hal_uart.c...
compiling stm32h7xx_hal_tim.c...
linking...
Program Size: Code=27520 RO-data=956 RW-data=344 ZI-data=20208  
FromELF: creating hex file...
"CtrlH7\CtrlH7.axf" - 0 Error(s), 6 Warning(s).

<h2>Software Packages used:</h2>

Package Vendor: ARM
                http://www.keil.com/pack/ARM.CMSIS.5.7.0.pack
                ARM.CMSIS.5.7.0
                CMSIS (Cortex Microcontroller Software Interface Standard)
   * Component: CORE Version: 5.4.0

Package Vendor: Keil
                https://www.keil.com/pack/Keil.STM32H7xx_DFP.2.7.0.pack
                Keil.STM32H7xx_DFP.2.7.0
                STMicroelectronics STM32H7 Series Device Support and Examples

<h2>Collection of Component include folders:</h2>
  .\RTE\_CtrlH7
  D:\keil\ARM\PACK\ARM\CMSIS\5.7.0\CMSIS\Core\Include
  D:\keil\ARM\PACK\Keil\STM32H7xx_DFP\2.7.0\Drivers\CMSIS\Device\ST\STM32H7xx\Include

<h2>Collection of Component Files used:</h2>

   * Component: ARM::CMSIS:CORE:5.4.0
      Include file:  CMSIS\Core\Include\tz_context.h
Build Time Elapsed:  00:00:31
</pre>
</body>
</html>
