Component: ARM Compiler 5.06 update 6 (build 750) Tool: armlink [4d35ed]

==============================================================================

Section Cross References

    startup_stm32h750xx.o(STACK) refers (Special) to heapauxi.o(.text) for __use_two_region_memory
    startup_stm32h750xx.o(HEAP) refers (Special) to heapauxi.o(.text) for __use_two_region_memory
    startup_stm32h750xx.o(RESET) refers (Special) to heapauxi.o(.text) for __use_two_region_memory
    startup_stm32h750xx.o(RESET) refers to startup_stm32h750xx.o(STACK) for __initial_sp
    startup_stm32h750xx.o(RESET) refers to startup_stm32h750xx.o(.text) for Reset_Handler
    startup_stm32h750xx.o(RESET) refers to stm32h7xx_it.o(i.NMI_Handler) for NMI_Handler
    startup_stm32h750xx.o(RESET) refers to stm32h7xx_it.o(i.HardFault_Handler) for HardFault_Handler
    startup_stm32h750xx.o(RESET) refers to stm32h7xx_it.o(i.MemManage_Handler) for MemManage_Handler
    startup_stm32h750xx.o(RESET) refers to stm32h7xx_it.o(i.BusFault_Handler) for BusFault_Handler
    startup_stm32h750xx.o(RESET) refers to stm32h7xx_it.o(i.UsageFault_Handler) for UsageFault_Handler
    startup_stm32h750xx.o(RESET) refers to port.o(.emb_text) for SVC_Handler
    startup_stm32h750xx.o(RESET) refers to stm32h7xx_it.o(i.DebugMon_Handler) for DebugMon_Handler
    startup_stm32h750xx.o(RESET) refers to port.o(i.SysTick_Handler) for SysTick_Handler
    startup_stm32h750xx.o(RESET) refers to stm32h7xx_it.o(i.DMA1_Stream0_IRQHandler) for DMA1_Stream0_IRQHandler
    startup_stm32h750xx.o(RESET) refers to stm32h7xx_it.o(i.DMA1_Stream1_IRQHandler) for DMA1_Stream1_IRQHandler
    startup_stm32h750xx.o(RESET) refers to stm32h7xx_it.o(i.DMA1_Stream2_IRQHandler) for DMA1_Stream2_IRQHandler
    startup_stm32h750xx.o(RESET) refers to stm32h7xx_it.o(i.DMA1_Stream3_IRQHandler) for DMA1_Stream3_IRQHandler
    startup_stm32h750xx.o(RESET) refers to stm32h7xx_it.o(i.DMA1_Stream4_IRQHandler) for DMA1_Stream4_IRQHandler
    startup_stm32h750xx.o(RESET) refers to stm32h7xx_it.o(i.DMA1_Stream5_IRQHandler) for DMA1_Stream5_IRQHandler
    startup_stm32h750xx.o(RESET) refers to stm32h7xx_it.o(i.DMA1_Stream6_IRQHandler) for DMA1_Stream6_IRQHandler
    startup_stm32h750xx.o(RESET) refers to stm32h7xx_it.o(i.USART1_IRQHandler) for USART1_IRQHandler
    startup_stm32h750xx.o(RESET) refers to stm32h7xx_it.o(i.USART2_IRQHandler) for USART2_IRQHandler
    startup_stm32h750xx.o(RESET) refers to stm32h7xx_it.o(i.USART3_IRQHandler) for USART3_IRQHandler
    startup_stm32h750xx.o(RESET) refers to stm32h7xx_it.o(i.DMA1_Stream7_IRQHandler) for DMA1_Stream7_IRQHandler
    startup_stm32h750xx.o(RESET) refers to stm32h7xx_it.o(i.UART4_IRQHandler) for UART4_IRQHandler
    startup_stm32h750xx.o(RESET) refers to stm32h7xx_it.o(i.TIM6_DAC_IRQHandler) for TIM6_DAC_IRQHandler
    startup_stm32h750xx.o(RESET) refers to stm32h7xx_it.o(i.DMA2_Stream0_IRQHandler) for DMA2_Stream0_IRQHandler
    startup_stm32h750xx.o(RESET) refers to stm32h7xx_it.o(i.UART8_IRQHandler) for UART8_IRQHandler
    startup_stm32h750xx.o(.text) refers (Special) to heapauxi.o(.text) for __use_two_region_memory
    startup_stm32h750xx.o(.text) refers to system_stm32h7xx.o(i.SystemInit) for SystemInit
    startup_stm32h750xx.o(.text) refers to __main.o(!!!main) for __main
    startup_stm32h750xx.o(.text) refers to startup_stm32h750xx.o(HEAP) for Heap_Mem
    startup_stm32h750xx.o(.text) refers to startup_stm32h750xx.o(STACK) for Stack_Mem
    main.o(i.DownTaskF) refers to cmsis_os.o(i.osDelay) for osDelay
    main.o(i.DownTaskF) refers to basicctrl.o(i.DownMoveDetect) for DownMoveDetect
    main.o(i.DownTaskF) refers to basicctrl.o(i.SpecialMovePID) for SpecialMovePID
    main.o(i.DownTaskF) refers to stm32h7xx_hal_uart.o(i.HAL_UART_Transmit_DMA) for HAL_UART_Transmit_DMA
    main.o(i.DownTaskF) refers to basicctrl.o(i.IdTest) for IdTest
    main.o(i.DownTaskF) refers to stm32h7xx_hal_uart.o(i.HAL_UART_Receive_DMA) for HAL_UART_Receive_DMA
    main.o(i.DownTaskF) refers to stm32h7xx_hal_iwdg.o(i.HAL_IWDG_Refresh) for HAL_IWDG_Refresh
    main.o(i.DownTaskF) refers to main.o(.data) for .data
    main.o(i.DownTaskF) refers to main.o(.bss) for .bss
    main.o(i.EmptyTaskF) refers to stm32h7xx_hal_iwdg.o(i.HAL_IWDG_Refresh) for HAL_IWDG_Refresh
    main.o(i.EmptyTaskF) refers to main.o(.bss) for .bss
    main.o(i.HAL_TIM_PeriodElapsedCallback) refers to stm32h7xx_hal.o(i.HAL_IncTick) for HAL_IncTick
    main.o(i.InitialTaskF) refers to tasks.o(i.vTaskSuspend) for vTaskSuspend
    main.o(i.InitialTaskF) refers to stm32h7xx_hal_gpio.o(i.HAL_GPIO_WritePin) for HAL_GPIO_WritePin
    main.o(i.InitialTaskF) refers to basicctrl.o(i.SendBackPoint) for SendBackPoint
    main.o(i.InitialTaskF) refers to basicctrl.o(i.DownDetectPoint) for DownDetectPoint
    main.o(i.InitialTaskF) refers to tasks.o(i.vTaskResume) for vTaskResume
    main.o(i.InitialTaskF) refers to stm32h7xx_hal_iwdg.o(i.HAL_IWDG_Refresh) for HAL_IWDG_Refresh
[...]
    numerator                                0x08006ec4   Data           8  stm32h7xx_hal_uart_ex.o(.constdata)
    denominator                              0x08006ecc   Data           8  stm32h7xx_hal_uart_ex.o(.constdata)
    .constdata                               0x08006ed4   Section       16  system_stm32h7xx.o(.constdata)
    .conststring                             0x08006ee4   Section       54  main.o(.conststring)
    .data                                    0x24000000   Section       84  main.o(.data)
    .data                                    0x24000054   Section      112  basicctrl.o(.data)
    PIDData                                  0x24000054   Data           1  basicctrl.o(.data)
    PDString                                 0x24000058   Data           4  basicctrl.o(.data)
    PUString                                 0x2400005c   Data           4  basicctrl.o(.data)
    PDBegin                                  0x24000060   Data           4  basicctrl.o(.data)
    PDStraight                               0x24000064   Data           4  basicctrl.o(.data)
    PDRotate                                 0x24000068   Data           4  basicctrl.o(.data)
    PDVertical                               0x2400006c   Data           4  basicctrl.o(.data)
    PDLight                                  0x24000070   Data           4  basicctrl.o(.data)
    PDTH                                     0x24000074   Data           4  basicctrl.o(.data)
    PDTransp                                 0x24000078   Data           4  basicctrl.o(.data)
    PDRes                                    0x2400007c   Data           4  basicctrl.o(.data)
    PDMode                                   0x24000080   Data           4  basicctrl.o(.data)
    PDId                                     0x24000084   Data           4  basicctrl.o(.data)
    PDEnd                                    0x24000088   Data           4  basicctrl.o(.data)
    PUCabin                                  0x2400008c   Data           4  basicctrl.o(.data)
    PUTemp                                   0x24000090   Data           4  basicctrl.o(.data)
    PUHum                                    0x24000094   Data           4  basicctrl.o(.data)
    PUWaterT                                 0x24000098   Data           4  basicctrl.o(.data)
    PUWaterD                                 0x2400009c   Data           4  basicctrl.o(.data)
    PUId                                     0x240000a0   Data           4  basicctrl.o(.data)
    DeepSensorIO                             0x240000a4   Data           4  basicctrl.o(.data)
    GY39SensorIO                             0x240000a8   Data           4  basicctrl.o(.data)
    WT931SensorIO                            0x240000ac   Data           4  basicctrl.o(.data)
    Ek                                       0x240000b0   Data           4  basicctrl.o(.data)
    Ek1                                      0x240000b4   Data           4  basicctrl.o(.data)
    LocSum                                   0x240000b8   Data           4  basicctrl.o(.data)
    PUBaro                                   0x240000bc   Data           8  basicctrl.o(.data)
    .data                                    0x240000c4   Section       24  sensor.o(.data)
    DDepthPos                                0x240000c4   Data           4  sensor.o(.data)
    DWaterTemperturePos                      0x240000c8   Data           4  sensor.o(.data)
    TTemPos                                  0x240000cc   Data           4  sensor.o(.data)
    THumPos                                  0x240000d0   Data           4  sensor.o(.data)
    TBaroPos                                 0x240000d4   Data           8  sensor.o(.data)
    .data                                    0x240000dc   Section       12  stm32h7xx_hal.o(.data)
    .data                                    0x240000e8   Section        8  system_stm32h7xx.o(.data)
    .data                                    0x240000f0   Section       60  tasks.o(.data)
    uxDeletedTasksWaitingCleanUp             0x240000f4   Data           4  tasks.o(.data)
    uxCurrentNumberOfTasks                   0x240000f8   Data           4  tasks.o(.data)
    xTickCount                               0x240000fc   Data           4  tasks.o(.data)
    uxTopReadyPriority                       0x24000100   Data           4  tasks.o(.data)
    xSchedulerRunning                        0x24000104   Data           4  tasks.o(.data)
    xPendedTicks                             0x24000108   Data           4  tasks.o(.data)
    xYieldPending                            0x2400010c   Data           4  tasks.o(.data)
    xNumOfOverflows                          0x24000110   Data           4  tasks.o(.data)
    uxTaskNumber                             0x24000114   Data           4  tasks.o(.data)
    xNextTaskUnblockTime                     0x24000118   Data           4  tasks.o(.data)
    xIdleTaskHandle                          0x2400011c   Data           4  tasks.o(.data)
    uxSchedulerSuspended                     0x24000120   Data           4  tasks.o(.data)
    pxDelayedTaskList                        0x24000124   Data           4  tasks.o(.data)
    pxOverflowDelayedTaskList                0x24000128   Data           4  tasks.o(.data)
    .data                                    0x2400012c   Section       32  heap_4.o(.data)
    pxEnd                                    0x2400012c   Data           4  heap_4.o(.data)
    xFreeBytesRemaining                      0x24000130   Data           4  heap_4.o(.data)
    xMinimumEverFreeBytesRemaining           0x24000134   Data           4  heap_4.o(.data)
    xNumberOfSuccessfulAllocations           0x24000138   Data           4  heap_4.o(.data)
    xNumberOfSuccessfulFrees                 0x2400013c   Data           4  heap_4.o(.data)
    xBlockAllocatedBit                       0x24000140   Data           4  heap_4.o(.data)
    xStart                                   0x24000144   Data           8  heap_4.o(.data)
    .data                                    0x2400014c   Section       12  port.o(.data)
    ucMaxSysCallPriority                     0x2400014c   Data           1  port.o(.data)
    uxCriticalNesting                        0x24000150   Data           4  port.o(.data)
    ulMaxPRIGROUPValue                       0x24000154   Data           4  port.o(.data)
    .bss                                     0x24000158   Section     1088  main.o(.bss)
    .bss                                     0x24000598   Section      120  main.o(.bss)
    .bss                                     0x24000610   Section      120  main.o(.bss)
    .bss                                     0x24000688   Section      120  main.o(.bss)
    .bss                                     0x24000700   Section      120  main.o(.bss)
    .bss                                     0x24000778   Section      120  main.o(.bss)
    .bss                                     0x240007f0   Section      120  main.o(.bss)
    .bss                                     0x24000868   Section      120  main.o(.bss)
    .bss                                     0x240008e0   Section      120  main.o(.bss)
    .bss                                     0x24000958   Section      120  main.o(.bss)
    .bss                                     0x240009d0   Section      596  freertos.o(.bss)
    xIdleTaskTCBBuffer                       0x240009d0   Data          84  freertos.o(.bss)
    xIdleStack                               0x24000a24   Data         512  freertos.o(.bss)
    .bss                                     0x24000c24   Section       76  stm32h7xx_hal_timebase_tim.o(.bss)
    .bss                                     0x24000c70   Section       72  basicctrl.o(.bss)
    PDArm                                    0x24000c70   Data          24  basicctrl.o(.bss)
    PUAcc                                    0x24000c88   Data          12  basicctrl.o(.bss)
    PURot                                    0x24000c94   Data          12  basicctrl.o(.bss)
    PUEul                                    0x24000ca0   Data          12  basicctrl.o(.bss)
    PUMag                                    0x24000cac   Data          12  basicctrl.o(.bss)
    .bss                                     0x24000cb8   Section       64  sensor.o(.bss)
    PAccPos                                  0x24000cb8   Data          12  sensor.o(.bss)
    PRotPos                                  0x24000cc4   Data          12  sensor.o(.bss)
    PEulPos                                  0x24000cd0   Data          12  sensor.o(.bss)
    PMagPos                                  0x24000cdc   Data          12  sensor.o(.bss)
    PInsTemPos                               0x24000ce8   Data          16  sensor.o(.bss)
    .bss                                     0x24000cf8   Section      240  tasks.o(.bss)
    pxReadyTasksLists                        0x24000cf8   Data         140  tasks.o(.bss)
    xDelayedTaskList1                        0x24000d84   Data          20  tasks.o(.bss)
    xDelayedTaskList2                        0x24000d98   Data          20  tasks.o(.bss)
    xPendingReadyList                        0x24000dac   Data          20  tasks.o(.bss)
    xTasksWaitingTermination                 0x24000dc0   Data          20  tasks.o(.bss)
    xSuspendedTaskList                       0x24000dd4   Data          20  tasks.o(.bss)
    .bss                                     0x24000de8   Section    15360  heap_4.o(.bss)
    ucHeap                                   0x24000de8   Data       15360  heap_4.o(.bss)
    .bss                                     0x240049e8   Section       96  libspace.o(.bss)
    HEAP                                     0x24004a48   Section      512  startup_stm32h750xx.o(HEAP)
    Heap_Mem                                 0x24004a48   Data         512  startup_stm32h750xx.o(HEAP)
    STACK                                    0x24004c48   Section     1024  startup_stm32h750xx.o(STACK)
    Stack_Mem                                0x24004c48   Data        1024  startup_stm32h750xx.o(STACK)
    __initial_sp                             0x24005048   Data           0  startup_stm32h750xx.o(STACK)

    Global Symbols

    Symbol Name                              Value     Ov Type        Size  Object(Section)

    BuildAttributes$$THM_ISAv4$E$P$D$K$B$S$7EM$VFPv5_D16$PE$PLD8$A:L22UL41UL21$X:L11$S22US41US21$IEEE1$IW$USESV6$~STKCKD$USESV7$~SHL$OSPACE$ROPI$EBA8$UX$STANDARDLIB$REQ8$PRES8$EABIv2 0x00000000   Number         0  anon$$obj.o ABSOLUTE
    __ARM_use_no_argv                        0x00000000   Number         0  main.o ABSOLUTE
    __ARM_exceptions_init                     - Undefined Weak Reference
    __alloca_initialize                       - Undefined Weak Reference
    __arm_preinit_                            - Undefined Weak Reference
    __cpp_initialize__aeabi_                  - Undefined Weak Reference
    __cxa_finalize                            - Undefined Weak Reference
    __rt_locale                               - Undefined Weak Reference
    __sigvec_lookup                           - Undefined Weak Reference
    _atexit_init                              - Undefined Weak Reference
    _call_atexit_fns                          - Undefined Weak Reference
    _clock_init                               - Undefined Weak Reference
    _fp_trap_init                             - Undefined Weak Reference
    _fp_trap_shutdown                         - Undefined Weak Reference
    _get_lc_collate                           - Undefined Weak Reference
    _get_lc_ctype                             - Undefined Weak Reference
    _get_lc_monetary                          - Undefined Weak Reference
    _get_lc_numeric                           - Undefined Weak Reference
    _get_lc_time                              - Undefined Weak Reference
    _getenv_init                              - Undefined Weak Reference
    _handle_redirection                       - Undefined Weak Reference
    _init_alloc                               - Undefined Weak Reference
    _init_user_alloc                          - Undefined Weak Reference
    _initio                                   - Undefined Weak Reference
    _rand_init                                - Undefined Weak Reference
    _signal_finish                            - Undefined Weak Reference
    _signal_init                              - Undefined Weak Reference
    _terminate_alloc                          - Undefined Weak Reference
    _terminate_user_alloc                     - Undefined Weak Reference
    _terminateio                              - Undefined Weak Reference
    __Vectors_Size                           0x00000298   Number         0  startup_stm32h750xx.o ABSOLUTE
    __Vectors                                0x08000000   Data           4  startup_stm32h750xx.o(RESET)
    __Vectors_End                            0x08000298   Data           0  startup_stm32h750xx.o(RESET)
    __main                                   0x08000299   Thumb Code     8  __main.o(!!!main)
    __scatterload                            0x080002a1   Thumb Code     0  __scatter.o(!!!scatter)
    __scatterload_rt2                        0x080002a1   Thumb Code    44  __scatter.o(!!!scatter)
    __scatterload_rt2_thumb_only             0x080002a1   Thumb Code     0  __scatter.o(!!!scatter)
    __scatterload_null                       0x080002af   Thumb Code     0  __scatter.o(!!!scatter)
    __decompress                             0x080002d5   Thumb Code    58  __dczerorl.o(!!dczerorl)
    __decompress0                            0x080002d5   Thumb Code     0  __dczerorl.o(!!dczerorl)
    __scatterload_zeroinit                   0x08000311   Thumb Code    28  __scatter_zi.o(!!handler_zi)
    __rt_lib_init                            0x0800032d   Thumb Code     0  libinit.o(.ARM.Collect$$libinit$$00000000)
    __rt_lib_init_fp_1                       0x0800032f   Thumb Code     0  libinit2.o(.ARM.Collect$$libinit$$00000001)
    __rt_lib_init_alloca_1                   0x08000333   Thumb Code     0  libinit2.o(.ARM.Collect$$libinit$$0000002E)
    __rt_lib_init_argv_1                     0x08000333   Thumb Code     0  libinit2.o(.ARM.Collect$$libinit$$0000002C)
    __rt_lib_init_atexit_1                   0x08000333   Thumb Code     0  libinit2.o(.ARM.Collect$$libinit$$0000001B)
    __rt_lib_init_clock_1                    0x08000333   Thumb Code     0  libinit2.o(.ARM.Collect$$libinit$$00000021)
    __rt_lib_init_cpp_1                      0x08000333   Thumb Code     0  libinit2.o(.ARM.Collect$$libinit$$00000032)
    __rt_lib_init_exceptions_1               0x08000333   Thumb Code     0  libinit2.o(.ARM.Collect$$libinit$$00000030)
    __rt_lib_init_fp_trap_1                  0x08000333   Thumb Code     0  libinit2.o(.ARM.Collect$$libinit$$0000001F)
    __rt_lib_init_getenv_1                   0x08000333   Thumb Code     0  libinit2.o(.ARM.Collect$$libinit$$00000023)
    __rt_lib_init_heap_1                     0x08000333   Thumb Code     0  libinit2.o(.ARM.Collect$$libinit$$0000000A)
    __rt_lib_init_lc_collate_1               0x08000333   Thumb Code     0  libinit2.o(.ARM.Collect$$libinit$$00000011)
    __rt_lib_init_lc_ctype_1                 0x08000333   Thumb Code     0  libinit2.o(.ARM.Collect$$libinit$$00000013)
    __rt_lib_init_lc_monetary_1              0x08000333   Thumb Code     0  libinit2.o(.ARM.Collect$$libinit$$00000015)
    __rt_lib_init_lc_numeric_1               0x08000333   Thumb Code     0  libinit2.o(.ARM.Collect$$libinit$$00000017)
    __rt_lib_init_lc_time_1                  0x08000333   Thumb Code     0  libinit2.o(.ARM.Collect$$libinit$$00000019)
    __rt_lib_init_preinit_1                  0x08000333   Thumb Code     0  libinit2.o(.ARM.Collect$$libinit$$00000004)
    __rt_lib_init_rand_1                     0x08000333   Thumb Code     0  libinit2.o(.ARM.Collect$$libinit$$0000000E)
    __rt_lib_init_return                     0x08000333   Thumb Code     0  libinit2.o(.ARM.Collect$$libinit$$00000033)
    __rt_lib_init_signal_1                   0x08000333   Thumb Code     0  libinit2.o(.ARM.Collect$$libinit$$0000001D)
    __rt_lib_init_stdio_1                    0x08000333   Thumb Code     0  libinit2.o(.ARM.Collect$$libinit$$00000025)
    __rt_lib_init_user_alloc_1               0x08000333   Thumb Code     0  libinit2.o(.ARM.Collect$$libinit$$0000000C)
    __rt_lib_shutdown                        0x08000335   Thumb Code     0  libshutdown.o(.ARM.Collect$$libshutdown$$00000000)
    __rt_lib_shutdown_cpp_1                  0x08000337   Thumb Code     0  libshutdown2.o(.ARM.Collect$$libshutdown$$00000002)
    __rt_lib_shutdown_fp_trap_1              0x08000337   Thumb Code     0  libshutdown2.o(.ARM.Collect$$libshutdown$$00000007)
    __rt_lib_shutdown_heap_1                 0x08000337   Thumb Code     0  libshutdown2.o(.ARM.Collect$$libshutdown$$0000000F)
    __rt_lib_shutdown_return                 0x08000337   Thumb Code     0  libshutdown2.o(.ARM.Collect$$libshutdown$$00000010)
    __rt_lib_shutdown_signal_1               0x08000337   Thumb Code     0  libshutdown2.o(.ARM.Collect$$libshutdown$$0000000A)
    __rt_lib_shutdown_stdio_1                0x08000337   Thumb Code     0  libshutdown2.o(.ARM.Collect$$libshutdown$$00000004)
    __rt_lib_shutdown_user_alloc_1           0x08000337   Thumb Code     0  libshutdown2.o(.ARM.Collect$$libshutdown$$0000000C)
    __rt_entry                               0x08000339   Thumb Code     0  __rtentry.o(.ARM.Collect$$rtentry$$00000000)
    __rt_entry_presh_1                       0x08000339   Thumb Code     0  __rtentry2.o(.ARM.Collect$$rtentry$$00000002)
    __rt_entry_sh                            0x08000339   Thumb Code     0  __rtentry4.o(.ARM.Collect$$rtentry$$00000004)
    __rt_entry_li                            0x0800033f   Thumb Code     0  __rtentry2.o(.ARM.Collect$$rtentry$$0000000A)
    __rt_entry_postsh_1                      0x0800033f   Thumb Code     0  __rtentry2.o(.ARM.Collect$$rtentry$$00000009)
    __rt_entry_main                          0x08000343   Thumb Code     0  __rtentry2.o(.ARM.Collect$$rtentry$$0000000D)
    __rt_entry_postli_1                      0x08000343   Thumb Code     0  __rtentry2.o(.ARM.Collect$$rtentry$$0000000C)
    __rt_exit                                0x0800034b   Thumb Code     0  rtexit.o(.ARM.Collect$$rtexit$$00000000)
    __rt_exit_ls                             0x0800034d   Thumb Code     0  rtexit2.o(.ARM.Collect$$rtexit$$00000003)
    __rt_exit_prels_1                        0x0800034d   Thumb Code     0  rtexit2.o(.ARM.Collect$$rtexit$$00000002)
    __rt_exit_exit                           0x08000351   Thumb Code     0  rtexit2.o(.ARM.Collect$$rtexit$$00000004)
    SVC_Handler                              0x08000359   Thumb Code    28  port.o(.emb_text)
    __asm___6_port_c_39a90d8d__prvStartFirstTask 0x08000379   Thumb Code    36  port.o(.emb_text)
    __asm___6_port_c_39a90d8d__prvEnableVFP  0x080003a1   Thumb Code    16  port.o(.emb_text)
    PendSV_Handler                           0x080003b5   Thumb Code    88  port.o(.emb_text)
    vPortGetIPSR                             0x08000411   Thumb Code     6  port.o(.emb_text)
    Reset_Handler                            0x08000419   Thumb Code     8  startup_stm32h750xx.o(.text)
    ADC3_IRQHandler                          0x08000433   Thumb Code     0  startup_stm32h750xx.o(.text)
    ADC_IRQHandler                           0x08000433   Thumb Code     0  startup_stm32h750xx.o(.text)
    BDMA_Channel0_IRQHandler                 0x08000433   Thumb Code     0  startup_stm32h750xx.o(.text)
    BDMA_Channel1_IRQHandler                 0x08000433   Thumb Code     0  startup_stm32h750xx.o(.text)
    BDMA_Channel2_IRQHandler                 0x08000433   Thumb Code     0  startup_stm32h750xx.o(.text)
    BDMA_Channel3_IRQHandler                 0x08000433   Thumb Code     0  startup_stm32h750xx.o(.text)
    BDMA_Channel4_IRQHandler                 0x08000433   Thumb Code     0  startup_stm32h750xx.o(.text)
    BDMA_Channel5_IRQHandler                 0x08000433   Thumb Code     0  startup_stm32h750xx.o(.text)
    BDMA_Channel6_IRQHandler                 0x08000433   Thumb Code     0  startup_stm32h750xx.o(.text)
    BDMA_Channel7_IRQHandler                 0x08000433   Thumb Code     0  startup_stm32h750xx.o(.text)
    CEC_IRQHandler                           0x08000433   Thumb Code     0  startup_stm32h750xx.o(.text)
    COMP1_IRQHandler                         0x08000433   Thumb Code     0  startup_stm32h750xx.o(.text)
    CRS_IRQHandler                           0x08000433   Thumb Code     0  startup_stm32h750xx.o(.text)
    CRYP_IRQHandler                          0x08000433   Thumb Code     0  startup_stm32h750xx.o(.text)
    DCMI_IRQHandler                          0x08000433   Thumb Code     0  startup_stm32h750xx.o(.text)
    DFSDM1_FLT0_IRQHandler                   0x08000433   Thumb Code     0  startup_stm32h750xx.o(.text)
    DFSDM1_FLT1_IRQHandler                   0x08000433   Thumb Code     0  startup_stm32h750xx.o(.text)
    DFSDM1_FLT2_IRQHandler                   0x08000433   Thumb Code     0  startup_stm32h750xx.o(.text)
    DFSDM1_FLT3_IRQHandler                   0x08000433   Thumb Code     0  startup_stm32h750xx.o(.text)
    DMA2D_IRQHandler                         0x08000433   Thumb Code     0  startup_stm32h750xx.o(.text)
    DMA2_Stream1_IRQHandler                  0x08000433   Thumb Code     0  startup_stm32h750xx.o(.text)
    DMA2_Stream2_IRQHandler                  0x08000433   Thumb Code     0  startup_stm32h750xx.o(.text)
    DMA2_Stream3_IRQHandler                  0x08000433   Thumb Code     0  startup_stm32h750xx.o(.text)
    DMA2_Stream4_IRQHandler                  0x08000433   Thumb Code     0  startup_stm32h750xx.o(.text)
    DMA2_Stream5_IRQHandler                  0x08000433   Thumb Code     0  startup_stm32h750xx.o(.text)
    DMA2_Stream6_IRQHandler                  0x08000433   Thumb Code     0  startup_stm32h750xx.o(.text)
    DMA2_Stream7_IRQHandler                  0x08000433   Thumb Code     0  startup_stm32h750xx.o(.text)
    DMAMUX1_OVR_IRQHandler                   0x08000433   Thumb Code     0  startup_stm32h750xx.o(.text)
    DMAMUX2_OVR_IRQHandler                   0x08000433   Thumb Code     0  startup_stm32h750xx.o(.text)
    ECC_IRQHandler                           0x08000433   Thumb Code     0  startup_stm32h750xx.o(.text)
    ETH_IRQHandler                           0x08000433   Thumb Code     0  startup_stm32h750xx.o(.text)
    ETH_WKUP_IRQHandler                      0x08000433   Thumb Code     0  startup_stm32h750xx.o(.text)
    EXTI0_IRQHandler                         0x08000433   Thumb Code     0  startup_stm32h750xx.o(.text)
    EXTI15_10_IRQHandler                     0x08000433   Thumb Code     0  startup_stm32h750xx.o(.text)
    EXTI1_IRQHandler                         0x08000433   Thumb Code     0  startup_stm32h750xx.o(.text)
    EXTI2_IRQHandler                         0x08000433   Thumb Code     0  startup_stm32h750xx.o(.text)
    EXTI3_IRQHandler                         0x08000433   Thumb Code     0  startup_stm32h750xx.o(.text)
    EXTI4_IRQHandler                         0x08000433   Thumb Code     0  startup_stm32h750xx.o(.text)
    EXTI9_5_IRQHandler                       0x08000433   Thumb Code     0  startup_stm32h750xx.o(.text)
    FDCAN1_IT0_IRQHandler                    0x08000433   Thumb Code     0  startup_stm32h750xx.o(.text)
    FDCAN1_IT1_IRQHandler                    0x08000433   Thumb Code     0  startup_stm32h750xx.o(.text)
    FDCAN2_IT0_IRQHandler                    0x08000433   Thumb Code     0  startup_stm32h750xx.o(.text)
    FDCAN2_IT1_IRQHandler                    0x08000433   Thumb Code     0  startup_stm32h750xx.o(.text)
    FDCAN_CAL_IRQHandler                     0x08000433   Thumb Code     0  startup_stm32h750xx.o(.text)
    FLASH_IRQHandler                         0x08000433   Thumb Code     0  startup_stm32h750xx.o(.text)
    FMC_IRQHandler                           0x08000433   Thumb Code     0  startup_stm32h750xx.o(.text)
    FPU_IRQHandler                           0x08000433   Thumb Code     0  startup_stm32h750xx.o(.text)
    HASH_RNG_IRQHandler                      0x08000433   Thumb Code     0  startup_stm32h750xx.o(.text)
    HRTIM1_FLT_IRQHandler                    0x08000433   Thumb Code     0  startup_stm32h750xx.o(.text)
    HRTIM1_Master_IRQHandler                 0x08000433   Thumb Code     0  startup_stm32h750xx.o(.text)
    HRTIM1_TIMA_IRQHandler                   0x08000433   Thumb Code     0  startup_stm32h750xx.o(.text)
    HRTIM1_TIMB_IRQHandler                   0x08000433   Thumb Code     0  startup_stm32h750xx.o(.text)
    HRTIM1_TIMC_IRQHandler                   0x08000433   Thumb Code     0  startup_stm32h750xx.o(.text)
    HRTIM1_TIMD_IRQHandler                   0x08000433   Thumb Code     0  startup_stm32h750xx.o(.text)
    HRTIM1_TIME_IRQHandler                   0x08000433   Thumb Code     0  startup_stm32h750xx.o(.text)
    HSEM1_IRQHandler                         0x08000433   Thumb Code     0  startup_stm32h750xx.o(.text)
    I2C1_ER_IRQHandler                       0x08000433   Thumb Code     0  startup_stm32h750xx.o(.text)
    I2C1_EV_IRQHandler                       0x08000433   Thumb Code     0  startup_stm32h750xx.o(.text)
    I2C2_ER_IRQHandler                       0x08000433   Thumb Code     0  startup_stm32h750xx.o(.text)
    I2C2_EV_IRQHandler                       0x08000433   Thumb Code     0  startup_stm32h750xx.o(.text)
    I2C3_ER_IRQHandler                       0x08000433   Thumb Code     0  startup_stm32h750xx.o(.text)
    I2C3_EV_IRQHandler                       0x08000433   Thumb Code     0  startup_stm32h750xx.o(.text)
    I2C4_ER_IRQHandler                       0x08000433   Thumb Code     0  startup_stm32h750xx.o(.text)
    I2C4_EV_IRQHandler                       0x08000433   Thumb Code     0  startup_stm32h750xx.o(.text)
    JPEG_IRQHandler                          0x08000433   Thumb Code     0  startup_stm32h750xx.o(.text)
    LPTIM1_IRQHandler                        0x08000433   Thumb Code     0  startup_stm32h750xx.o(.text)
    LPTIM2_IRQHandler                        0x08000433   Thumb Code     0  startup_stm32h750xx.o(.text)
    LPTIM3_IRQHandler                        0x08000433   Thumb Code     0  startup_stm32h750xx.o(.text)
    LPTIM4_IRQHandler                        0x08000433   Thumb Code     0  startup_stm32h750xx.o(.text)
    LPTIM5_IRQHandler                        0x08000433   Thumb Code     0  startup_stm32h750xx.o(.text)
    LPUART1_IRQHandler                       0x08000433   Thumb Code     0  startup_stm32h750xx.o(.text)
    LTDC_ER_IRQHandler                       0x08000433   Thumb Code     0  startup_stm32h750xx.o(.text)
    LTDC_IRQHandler                          0x08000433   Thumb Code     0  startup_stm32h750xx.o(.text)
    MDIOS_IRQHandler                         0x08000433   Thumb Code     0  startup_stm32h750xx.o(.text)
    MDIOS_WKUP_IRQHandler                    0x08000433   Thumb Code     0  startup_stm32h750xx.o(.text)
    MDMA_IRQHandler                          0x08000433   Thumb Code     0  startup_stm32h750xx.o(.text)
    OTG_FS_EP1_IN_IRQHandler                 0x08000433   Thumb Code     0  startup_stm32h750xx.o(.text)
    OTG_FS_EP1_OUT_IRQHandler                0x08000433   Thumb Code     0  startup_stm32h750xx.o(.text)
    OTG_FS_IRQHandler                        0x08000433   Thumb Code     0  startup_stm32h750xx.o(.text)
    OTG_FS_WKUP_IRQHandler                   0x08000433   Thumb Code     0  startup_stm32h750xx.o(.text)
    OTG_HS_EP1_IN_IRQHandler                 0x08000433   Thumb Code     0  startup_stm32h750xx.o(.text)
    OTG_HS_EP1_OUT_IRQHandler                0x08000433   Thumb Code     0  startup_stm32h750xx.o(.text)
    OTG_HS_IRQHandler                        0x08000433   Thumb Code     0  startup_stm32h750xx.o(.text)
    OTG_HS_WKUP_IRQHandler                   0x08000433   Thumb Code     0  startup_stm32h750xx.o(.text)
    PVD_AVD_IRQHandler                       0x08000433   Thumb Code     0  startup_stm32h750xx.o(.text)
    QUADSPI_IRQHandler                       0x08000433   Thumb Code     0  startup_stm32h750xx.o(.text)
    RCC_IRQHandler                           0x08000433   Thumb Code     0  startup_stm32h750xx.o(.text)
    RTC_Alarm_IRQHandler                     0x08000433   Thumb Code     0  startup_stm32h750xx.o(.text)
    RTC_WKUP_IRQHandler                      0x08000433   Thumb Code     0  startup_stm32h750xx.o(.text)
    SAI1_IRQHandler                          0x08000433   Thumb Code     0  startup_stm32h750xx.o(.text)
    SAI2_IRQHandler                          0x08000433   Thumb Code     0  startup_stm32h750xx.o(.text)
    SAI3_IRQHandler                          0x08000433   Thumb Code     0  startup_stm32h750xx.o(.text)
    SAI4_IRQHandler                          0x08000433   Thumb Code     0  startup_stm32h750xx.o(.text)
    SDMMC1_IRQHandler                        0x08000433   Thumb Code     0  startup_stm32h750xx.o(.text)
    SDMMC2_IRQHandler                        0x08000433   Thumb Code     0  startup_stm32h750xx.o(.text)
    SPDIF_RX_IRQHandler                      0x08000433   Thumb Code     0  startup_stm32h750xx.o(.text)
    SPI1_IRQHandler                          0x08000433   Thumb Code     0  startup_stm32h750xx.o(.text)
    SPI2_IRQHandler                          0x08000433   Thumb Code     0  startup_stm32h750xx.o(.text)
    SPI3_IRQHandler                          0x08000433   Thumb Code     0  startup_stm32h750xx.o(.text)
    SPI4_IRQHandler                          0x08000433   Thumb Code     0  startup_stm32h750xx.o(.text)
    SPI5_IRQHandler                          0x08000433   Thumb Code     0  startup_stm32h750xx.o(.text)
    SPI6_IRQHandler                          0x08000433   Thumb Code     0  startup_stm32h750xx.o(.text)
    SWPMI1_IRQHandler                        0x08000433   Thumb Code     0  startup_stm32h750xx.o(.text)
    TAMP_STAMP_IRQHandler                    0x08000433   Thumb Code     0  startup_stm32h750xx.o(.text)
    TIM15_IRQHandler                         0x08000433   Thumb Code     0  startup_stm32h750xx.o(.text)
    TIM16_IRQHandler                         0x08000433   Thumb Code     0  startup_stm32h750xx.o(.text)
    TIM17_IRQHandler                         0x08000433   Thumb Code     0  startup_stm32h750xx.o(.text)
    TIM1_BRK_IRQHandler                      0x08000433   Thumb Code     0  startup_stm32h750xx.o(.text)
    TIM1_CC_IRQHandler                       0x08000433   Thumb Code     0  startup_stm32h750xx.o(.text)
    TIM1_TRG_COM_IRQHandler                  0x08000433   Thumb Code     0  startup_stm32h750xx.o(.text)
    TIM1_UP_IRQHandler                       0x08000433   Thumb Code     0  startup_stm32h750xx.o(.text)
    TIM2_IRQHandler                          0x08000433   Thumb Code     0  startup_stm32h750xx.o(.text)
    TIM3_IRQHandler                          0x08000433   Thumb Code     0  startup_stm32h750xx.o(.text)
    TIM4_IRQHandler                          0x08000433   Thumb Code     0  startup_stm32h750xx.o(.text)
    TIM5_IRQHandler                          0x08000433   Thumb Code     0  startup_stm32h750xx.o(.text)
    TIM7_IRQHandler                          0x08000433   Thumb Code     0  startup_stm32h750xx.o(.text)
    TIM8_BRK_TIM12_IRQHandler                0x08000433   Thumb Code     0  startup_stm32h750xx.o(.text)
    TIM8_CC_IRQHandler                       0x08000433   Thumb Code     0  startup_stm32h750xx.o(.text)
    TIM8_TRG_COM_TIM14_IRQHandler            0x08000433   Thumb Code     0  startup_stm32h750xx.o(.text)
    TIM8_UP_TIM13_IRQHandler                 0x08000433   Thumb Code     0  startup_stm32h750xx.o(.text)
    UART5_IRQHandler                         0x08000433   Thumb Code     0  startup_stm32h750xx.o(.text)
    UART7_IRQHandler                         0x08000433   Thumb Code     0  startup_stm32h750xx.o(.text)
    USART6_IRQHandler                        0x08000433   Thumb Code     0  startup_stm32h750xx.o(.text)
    WAKEUP_PIN_IRQHandler                    0x08000433   Thumb Code     0  startup_stm32h750xx.o(.text)
    WWDG_IRQHandler                          0x08000433   Thumb Code     0  startup_stm32h750xx.o(.text)
    __user_initial_stackheap                 0x08000435   Thumb Code     0  startup_stm32h750xx.o(.text)
    __aeabi_uldivmod                         0x08000459   Thumb Code     0  lludivv7m.o(.text)
    _ll_udiv                                 0x08000459   Thumb Code   238  lludivv7m.o(.text)
    __aeabi_memcpy4                          0x08000547   Thumb Code     0  rt_memcpy_w.o(.text)
    __aeabi_memcpy8                          0x08000547   Thumb Code     0  rt_memcpy_w.o(.text)
    __rt_memcpy_w                            0x08000547   Thumb Code   100  rt_memcpy_w.o(.text)
    _memcpy_lastbytes_aligned                0x0800058f   Thumb Code     0  rt_memcpy_w.o(.text)
    __aeabi_memclr4                          0x080005ab   Thumb Code     0  rt_memclr_w.o(.text)
    __aeabi_memclr8                          0x080005ab   Thumb Code     0  rt_memclr_w.o(.text)
    __rt_memclr_w                            0x080005ab   Thumb Code    78  rt_memclr_w.o(.text)
    _memset_w                                0x080005af   Thumb Code     0  rt_memclr_w.o(.text)
    __use_two_region_memory                  0x080005f9   Thumb Code     2  heapauxi.o(.text)
    __rt_heap_escrow$2region                 0x080005fb   Thumb Code     2  heapauxi.o(.text)
    __rt_heap_expand$2region                 0x080005fd   Thumb Code     2  heapauxi.o(.text)
    __user_setup_stackheap                   0x080005ff   Thumb Code    74  sys_stackheap_outer.o(.text)
    exit                                     0x08000649   Thumb Code    18  exit.o(.text)
    __user_libspace                          0x0800065d   Thumb Code     8  libspace.o(.text)
    __user_perproc_libspace                  0x0800065d   Thumb Code     0  libspace.o(.text)
    __user_perthread_libspace                0x0800065d   Thumb Code     0  libspace.o(.text)
    _sys_exit                                0x08000665   Thumb Code     8  sys_exit.o(.text)
    __I$use$semihosting                      0x08000671   Thumb Code     0  use_no_semi.o(.text)
    __use_no_semihosting_swi                 0x08000671   Thumb Code     2  use_no_semi.o(.text)
    BusFault_Handler                         0x08000673   Thumb Code     2  stm32h7xx_it.o(i.BusFault_Handler)
    __semihosting_library_function           0x08000673   Thumb Code     0  indicate_semi.o(.text)
    DMA1_Stream0_IRQHandler                  0x08000675   Thumb Code     6  stm32h7xx_it.o(i.DMA1_Stream0_IRQHandler)
    DMA1_Stream1_IRQHandler                  0x08000681   Thumb Code     6  stm32h7xx_it.o(i.DMA1_Stream1_IRQHandler)
    DMA1_Stream2_IRQHandler                  0x0800068d   Thumb Code     6  stm32h7xx_it.o(i.DMA1_Stream2_IRQHandler)
    DMA1_Stream3_IRQHandler                  0x08000699   Thumb Code     6  stm32h7xx_it.o(i.DMA1_Stream3_IRQHandler)
    DMA1_Stream4_IRQHandler                  0x080006a5   Thumb Code     6  stm32h7xx_it.o(i.DMA1_Stream4_IRQHandler)
    DMA1_Stream5_IRQHandler                  0x080006b1   Thumb Code     6  stm32h7xx_it.o(i.DMA1_Stream5_IRQHandler)
    DMA1_Stream6_IRQHandler                  0x080006bd   Thumb Code     6  stm32h7xx_it.o(i.DMA1_Stream6_IRQHandler)
    DMA1_Stream7_IRQHandler                  0x080006c9   Thumb Code     6  stm32h7xx_it.o(i.DMA1_Stream7_IRQHandler)
    DMA2_Stream0_IRQHandler                  0x080006d5   Thumb Code     6  stm32h7xx_it.o(i.DMA2_Stream0_IRQHandler)
    DebugMon_Handler                         0x08000b19   Thumb Code     2  stm32h7xx_it.o(i.DebugMon_Handler)
    DeepPoint                                0x08000b1d   Thumb Code    10  sensor.o(i.DeepPoint)
    DeepTake                                 0x08000b2d   Thumb Code    16  sensor.o(i.DeepTake)
    DownDetectPoint                          0x08000b41   Thumb Code    84  basicctrl.o(i.DownDetectPoint)
    DownMoveDetect                           0x08000b9d   Thumb Code    12  basicctrl.o(i.DownMoveDetect)
    DownTaskF                                0x08000bad   Thumb Code   242  main.o(i.DownTaskF)
    EmptyTaskF                               0x08000cad   Thumb Code     8  main.o(i.EmptyTaskF)
    Error_Handler                            0x08000cb9   Thumb Code     4  main.o(i.Error_Handler)
    GY39InitStr                              0x08000cbd   Thumb Code    14  sensor.o(i.GY39InitStr)
    GY39Point                                0x08000ccd   Thumb Code    26  sensor.o(i.GY39Point)
    GY39Take                                 0x08000ced   Thumb Code    34  sensor.o(i.GY39Take)
    HAL_DMA_Abort                            0x08000d15   Thumb Code   840  stm32h7xx_hal_dma.o(i.HAL_DMA_Abort)
    HAL_DMA_Abort_IT                         0x08001079   Thumb Code   602  stm32h7xx_hal_dma.o(i.HAL_DMA_Abort_IT)
    HAL_DMA_GetError                         0x080012fd   Thumb Code     4  stm32h7xx_hal_dma.o(i.HAL_DMA_GetError)
    HAL_DMA_IRQHandler                       0x08001301   Thumb Code  1762  stm32h7xx_hal_dma.o(i.HAL_DMA_IRQHandler)
    HAL_DMA_Init                             0x080019f1   Thumb Code   926  stm32h7xx_hal_dma.o(i.HAL_DMA_Init)
    HAL_DMA_Start_IT                         0x08001db5   Thumb Code   626  stm32h7xx_hal_dma.o(i.HAL_DMA_Start_IT)
    HAL_GPIO_Init                            0x08002051   Thumb Code   510  stm32h7xx_hal_gpio.o(i.HAL_GPIO_Init)
    HAL_GPIO_ReadPin                         0x08002281   Thumb Code    10  stm32h7xx_hal_gpio.o(i.HAL_GPIO_ReadPin)
    HAL_GPIO_WritePin                        0x0800228b   Thumb Code    10  stm32h7xx_hal_gpio.o(i.HAL_GPIO_WritePin)
    HAL_GetREVID                             0x08002295   Thumb Code     8  stm32h7xx_hal.o(i.HAL_GetREVID)
    HAL_GetTick                              0x080022a1   Thumb Code     6  stm32h7xx_hal.o(i.HAL_GetTick)
    HAL_IWDG_Init                            0x080022ad   Thumb Code   102  stm32h7xx_hal_iwdg.o(i.HAL_IWDG_Init)
    HAL_IWDG_Refresh                         0x08002313   Thumb Code    12  stm32h7xx_hal_iwdg.o(i.HAL_IWDG_Refresh)
    HAL_IncTick                              0x08002321   Thumb Code    12  stm32h7xx_hal.o(i.HAL_IncTick)
    HAL_Init                                 0x08002331   Thumb Code    74  stm32h7xx_hal.o(i.HAL_Init)
    HAL_InitTick                             0x0800238d   Thumb Code   120  stm32h7xx_hal_timebase_tim.o(i.HAL_InitTick)
    HAL_MspInit                              0x08002419   Thumb Code    32  stm32h7xx_hal_msp.o(i.HAL_MspInit)
    HAL_NVIC_EnableIRQ                       0x0800243d   Thumb Code    26  stm32h7xx_hal_cortex.o(i.HAL_NVIC_EnableIRQ)
    HAL_NVIC_SetPriority                     0x08002459   Thumb Code    60  stm32h7xx_hal_cortex.o(i.HAL_NVIC_SetPriority)
    HAL_NVIC_SetPriorityGrouping             0x08002499   Thumb Code    28  stm32h7xx_hal_cortex.o(i.HAL_NVIC_SetPriorityGrouping)
    HAL_PWREx_ConfigSupply                   0x080024bd   Thumb Code    78  stm32h7xx_hal_pwr_ex.o(i.HAL_PWREx_ConfigSupply)
    HAL_RCCEx_GetD3PCLK1Freq                 0x08002511   Thumb Code    26  stm32h7xx_hal_rcc_ex.o(i.HAL_RCCEx_GetD3PCLK1Freq)
    HAL_RCCEx_GetPLL2ClockFreq               0x08002535   Thumb Code   296  stm32h7xx_hal_rcc_ex.o(i.HAL_RCCEx_GetPLL2ClockFreq)
    HAL_RCCEx_GetPLL3ClockFreq               0x08002679   Thumb Code   296  stm32h7xx_hal_rcc_ex.o(i.HAL_RCCEx_GetPLL3ClockFreq)
    HAL_RCCEx_PeriphCLKConfig                0x080027bd   Thumb Code  2258  stm32h7xx_hal_rcc_ex.o(i.HAL_RCCEx_PeriphCLKConfig)
    HAL_RCC_ClockConfig                      0x08003091   Thumb Code   580  stm32h7xx_hal_rcc.o(i.HAL_RCC_ClockConfig)
    HAL_RCC_GetClockConfig                   0x080032ed   Thumb Code    84  stm32h7xx_hal_rcc.o(i.HAL_RCC_GetClockConfig)
    HAL_RCC_GetHCLKFreq                      0x08003349   Thumb Code    52  stm32h7xx_hal_rcc.o(i.HAL_RCC_GetHCLKFreq)
    HAL_RCC_GetPCLK1Freq                     0x0800338d   Thumb Code    26  stm32h7xx_hal_rcc.o(i.HAL_RCC_GetPCLK1Freq)
    HAL_RCC_GetPCLK2Freq                     0x080033b1   Thumb Code    26  stm32h7xx_hal_rcc.o(i.HAL_RCC_GetPCLK2Freq)
    HAL_RCC_GetSysClockFreq                  0x080033d5   Thumb Code   278  stm32h7xx_hal_rcc.o(i.HAL_RCC_GetSysClockFreq)
    HAL_RCC_OscConfig                        0x0800350d   Thumb Code  1282  stm32h7xx_hal_rcc.o(i.HAL_RCC_OscConfig)
    HAL_TIMEx_Break2Callback                 0x08003a15   Thumb Code     2  stm32h7xx_hal_tim_ex.o(i.HAL_TIMEx_Break2Callback)
    HAL_TIMEx_BreakCallback                  0x08003a17   Thumb Code     2  stm32h7xx_hal_tim_ex.o(i.HAL_TIMEx_BreakCallback)
    HAL_TIMEx_CommutCallback                 0x08003a19   Thumb Code     2  stm32h7xx_hal_tim_ex.o(i.HAL_TIMEx_CommutCallback)
    HAL_TIM_Base_Init                        0x08003a1b   Thumb Code    98  stm32h7xx_hal_tim.o(i.HAL_TIM_Base_Init)
    HAL_TIM_Base_MspInit                     0x08003a7d   Thumb Code     2  stm32h7xx_hal_tim.o(i.HAL_TIM_Base_MspInit)
    HAL_TIM_Base_Start_IT                    0x08003a81   Thumb Code   100  stm32h7xx_hal_tim.o(i.HAL_TIM_Base_Start_IT)
    HAL_TIM_IC_CaptureCallback               0x08003b01   Thumb Code     2  stm32h7xx_hal_tim.o(i.HAL_TIM_IC_CaptureCallback)
    HAL_TIM_IRQHandler                       0x08003b03   Thumb Code   386  stm32h7xx_hal_tim.o(i.HAL_TIM_IRQHandler)
    HAL_TIM_OC_DelayElapsedCallback          0x08003c85   Thumb Code     2  stm32h7xx_hal_tim.o(i.HAL_TIM_OC_DelayElapsedCallback)
    HAL_TIM_PWM_PulseFinishedCallback        0x08003c87   Thumb Code     2  stm32h7xx_hal_tim.o(i.HAL_TIM_PWM_PulseFinishedCallback)
    HAL_TIM_PeriodElapsedCallback            0x08003c89   Thumb Code    14  main.o(i.HAL_TIM_PeriodElapsedCallback)
    HAL_TIM_TriggerCallback                  0x08003c9d   Thumb Code     2  stm32h7xx_hal_tim.o(i.HAL_TIM_TriggerCallback)
    HAL_UARTEx_DisableFifoMode               0x08003c9f   Thumb Code    64  stm32h7xx_hal_uart_ex.o(i.HAL_UARTEx_DisableFifoMode)
    HAL_UARTEx_RxEventCallback               0x08003cdf   Thumb Code     2  stm32h7xx_hal_uart.o(i.HAL_UARTEx_RxEventCallback)
    HAL_UARTEx_RxFifoFullCallback            0x08003ce1   Thumb Code     2  stm32h7xx_hal_uart_ex.o(i.HAL_UARTEx_RxFifoFullCallback)
    HAL_UARTEx_SetRxFifoThreshold            0x08003ce3   Thumb Code    76  stm32h7xx_hal_uart_ex.o(i.HAL_UARTEx_SetRxFifoThreshold)
    HAL_UARTEx_SetTxFifoThreshold            0x08003d2f   Thumb Code    76  stm32h7xx_hal_uart_ex.o(i.HAL_UARTEx_SetTxFifoThreshold)
    HAL_UARTEx_TxFifoEmptyCallback           0x08003d7b   Thumb Code     2  stm32h7xx_hal_uart_ex.o(i.HAL_UARTEx_TxFifoEmptyCallback)
    HAL_UARTEx_WakeupCallback                0x08003d7d   Thumb Code     2  stm32h7xx_hal_uart_ex.o(i.HAL_UARTEx_WakeupCallback)
    HAL_UART_DMAStop                         0x08003d7f   Thumb Code   118  stm32h7xx_hal_uart.o(i.HAL_UART_DMAStop)
    HAL_UART_ErrorCallback                   0x08003df5   Thumb Code     2  stm32h7xx_hal_uart.o(i.HAL_UART_ErrorCallback)
    HAL_UART_IRQHandler                      0x08003df9   Thumb Code   746  stm32h7xx_hal_uart.o(i.HAL_UART_IRQHandler)
    HAL_UART_Init                            0x080040fd   Thumb Code   106  stm32h7xx_hal_uart.o(i.HAL_UART_Init)
    HAL_UART_MspInit                         0x08004169   Thumb Code   936  stm32h7xx_hal_msp.o(i.HAL_UART_MspInit)
    HAL_UART_Receive_DMA                     0x08004561   Thumb Code    70  stm32h7xx_hal_uart.o(i.HAL_UART_Receive_DMA)
    HAL_UART_RxCpltCallback                  0x080045ad   Thumb Code     2  stm32h7xx_hal_uart.o(i.HAL_UART_RxCpltCallback)
    HAL_UART_RxHalfCpltCallback              0x080045af   Thumb Code     2  stm32h7xx_hal_uart.o(i.HAL_UART_RxHalfCpltCallback)
    HAL_UART_Transmit_DMA                    0x080045b1   Thumb Code   144  stm32h7xx_hal_uart.o(i.HAL_UART_Transmit_DMA)
    HAL_UART_TxCpltCallback                  0x0800464d   Thumb Code     2  stm32h7xx_hal_uart.o(i.HAL_UART_TxCpltCallback)
    HAL_UART_TxHalfCpltCallback              0x0800464f   Thumb Code     2  stm32h7xx_hal_uart.o(i.HAL_UART_TxHalfCpltCallback)
    HardFault_Handler                        0x08004651   Thumb Code     2  stm32h7xx_it.o(i.HardFault_Handler)
    IdTest                                   0x08004653   Thumb Code    38  basicctrl.o(i.IdTest)
    InitialTaskF                             0x08004679   Thumb Code   104  main.o(i.InitialTaskF)
    MemManage_Handler                        0x08004a39   Thumb Code     2  stm32h7xx_it.o(i.MemManage_Handler)
    NMI_Handler                              0x08004a3b   Thumb Code     2  stm32h7xx_it.o(i.NMI_Handler)
    PeriphCommonClock_Config                 0x08004a3d   Thumb Code    64  main.o(i.PeriphCommonClock_Config)
    SendBack                                 0x08004cbd   Thumb Code   226  basicctrl.o(i.SendBack)
    SendBackPoint                            0x08004da9   Thumb Code   166  basicctrl.o(i.SendBackPoint)
    SensorTaskF                              0x08004e59   Thumb Code   262  main.o(i.SensorTaskF)
    SpecialMovePID                           0x08004f71   Thumb Code   220  basicctrl.o(i.SpecialMovePID)
    SysTick_Handler                          0x08005065   Thumb Code    38  port.o(i.SysTick_Handler)
    SystemClock_Config                       0x08005091   Thumb Code   174  main.o(i.SystemClock_Config)
    SystemInit                               0x0800514d   Thumb Code   188  system_stm32h7xx.o(i.SystemInit)
    TIM6_DAC_IRQHandler                      0x08005231   Thumb Code     6  stm32h7xx_it.o(i.TIM6_DAC_IRQHandler)
    TIM_Base_SetConfig                       0x0800523d   Thumb Code   162  stm32h7xx_hal_tim.o(i.TIM_Base_SetConfig)
    UART4_IRQHandler                         0x08005301   Thumb Code   180  stm32h7xx_it.o(i.UART4_IRQHandler)
    UART8_IRQHandler                         0x080053c9   Thumb Code   180  stm32h7xx_it.o(i.UART8_IRQHandler)
    UART_AdvFeatureConfig                    0x080054d5   Thumb Code   200  stm32h7xx_hal_uart.o(i.UART_AdvFeatureConfig)
    UART_CheckIdleState                      0x0800559d   Thumb Code    96  stm32h7xx_hal_uart.o(i.UART_CheckIdleState)
    UART_SetConfig                           0x08005765   Thumb Code   876  stm32h7xx_hal_uart.o(i.UART_SetConfig)
    UART_Start_Receive_DMA                   0x08005b11   Thumb Code   122  stm32h7xx_hal_uart.o(i.UART_Start_Receive_DMA)
    UART_WaitOnFlagUntilTimeout              0x08005b99   Thumb Code   164  stm32h7xx_hal_uart.o(i.UART_WaitOnFlagUntilTimeout)
    USART1_IRQHandler                        0x08005c3d   Thumb Code   180  stm32h7xx_it.o(i.USART1_IRQHandler)
    USART2_IRQHandler                        0x08005d05   Thumb Code   180  stm32h7xx_it.o(i.USART2_IRQHandler)
    USART3_IRQHandler                        0x08005dcd   Thumb Code   180  stm32h7xx_it.o(i.USART3_IRQHandler)
    UpTaskF                                  0x08005e95   Thumb Code   210  main.o(i.UpTaskF)
    UsageFault_Handler                       0x08005f79   Thumb Code     2  stm32h7xx_it.o(i.UsageFault_Handler)
    WT931Point                               0x08005f7d   Thumb Code    94  sensor.o(i.WT931Point)
    WT931Take                                0x08005fe1   Thumb Code   102  sensor.o(i.WT931Take)
    XorCaculate                              0x0800604d   Thumb Code    24  basicctrl.o(i.XorCaculate)
    main                                     0x08006089   Thumb Code   308  main.o(i.main)
    osDelay                                  0x080061e3   Thumb Code    14  cmsis_os.o(i.osDelay)
    osKernelStart                            0x080061f1   Thumb Code    10  cmsis_os.o(i.osKernelStart)
    osThreadCreate                           0x080061fb   Thumb Code    84  cmsis_os.o(i.osThreadCreate)
    pvPortMalloc                             0x080065dd   Thumb Code   216  heap_4.o(i.pvPortMalloc)
    pxPortInitialiseStack                    0x080066b9   Thumb Code    42  port.o(i.pxPortInitialiseStack)
    uxListRemove                             0x080066e9   Thumb Code    38  list.o(i.uxListRemove)
    vApplicationGetIdleTaskMemory            0x08006711   Thumb Code    18  freertos.o(i.vApplicationGetIdleTaskMemory)
    vListInitialise                          0x08006729   Thumb Code    22  list.o(i.vListInitialise)
    vListInitialiseItem                      0x0800673f   Thumb Code     6  list.o(i.vListInitialiseItem)
    vListInsert                              0x08006745   Thumb Code    48  list.o(i.vListInsert)
    vListInsertEnd                           0x08006775   Thumb Code    24  list.o(i.vListInsertEnd)
    vPortEnterCritical                       0x0800678d   Thumb Code    54  port.o(i.vPortEnterCritical)
    vPortExitCritical                        0x080067cd   Thumb Code    34  port.o(i.vPortExitCritical)
    vPortFree                                0x080067f5   Thumb Code    94  heap_4.o(i.vPortFree)
    vPortSetupTimerInterrupt                 0x08006859   Thumb Code    32  port.o(i.vPortSetupTimerInterrupt)
    vTaskDelay                               0x0800687d   Thumb Code    66  tasks.o(i.vTaskDelay)
    vTaskResume                              0x080068c9   Thumb Code   112  tasks.o(i.vTaskResume)
    vTaskStartScheduler                      0x08006945   Thumb Code    90  tasks.o(i.vTaskStartScheduler)
    vTaskSuspend                             0x080069b1   Thumb Code   174  tasks.o(i.vTaskSuspend)
    vTaskSuspendAll                          0x08006a6d   Thumb Code    10  tasks.o(i.vTaskSuspendAll)
    vTaskSwitchContext                       0x08006a7d   Thumb Code    82  tasks.o(i.vTaskSwitchContext)
    xPortStartScheduler                      0x08006ad9   Thumb Code   222  port.o(i.xPortStartScheduler)
    xTaskCreate                              0x08006bcd   Thumb Code    90  tasks.o(i.xTaskCreate)
    xTaskCreateStatic                        0x08006c27   Thumb Code    86  tasks.o(i.xTaskCreateStatic)
    xTaskIncrementTick                       0x08006c7d   Thumb Code   194  tasks.o(i.xTaskIncrementTick)
    xTaskResumeAll                           0x08006d49   Thumb Code   184  tasks.o(i.xTaskResumeAll)
    _fp_init                                 0x08006e0d   Thumb Code    10  fpinit.o(x$fpl$fpinit)
    __fplib_config_fpu_vfp                   0x08006e15   Thumb Code     0  fpinit.o(x$fpl$fpinit)
    __fplib_config_pureend_doubles           0x08006e15   Thumb Code     0  fpinit.o(x$fpl$fpinit)
    UARTPrescTable                           0x08006eac   Data          24  stm32h7xx_hal_uart.o(.constdata)
    D1CorePrescTable                         0x08006ed4   Data          16  system_stm32h7xx.o(.constdata)
    Region$$Table$$Base                      0x08006f1c   Number         0  anon$$obj.o(Region$$Table)
    Region$$Table$$Limit                     0x08006f3c   Number         0  anon$$obj.o(Region$$Table)
    SensorCabin                              0x24000000   Data           1  main.o(.data)
    UpSideFinish                             0x24000001   Data           1  main.o(.data)
    DownSideFinish                           0x24000002   Data           1  main.o(.data)
    DeepFinish                               0x24000003   Data           1  main.o(.data)
    GY39Finish                               0x24000004   Data           1  main.o(.data)
    WT931Finish                              0x24000005   Data           1  main.o(.data)
    DeepIO                                   0x24000006   Data           1  main.o(.data)
    GY39IO                                   0x24000007   Data           1  main.o(.data)
    WT931IO                                  0x24000008   Data           1  main.o(.data)
    UpIO                                     0x24000009   Data           1  main.o(.data)
    DownIO                                   0x2400000a   Data           1  main.o(.data)
    DownEn                                   0x2400000b   Data           1  main.o(.data)
    DIPFlag                                  0x2400000c   Data           1  main.o(.data)
    WaterDetect                              0x2400000d   Data           1  main.o(.data)
    WT931Len                                 0x2400000e   Data           1  main.o(.data)
    DIPStartNum                              0x24000010   Data           2  main.o(.data)
    TemCache                                 0x24000012   Data           2  main.o(.data)
    HumCache                                 0x24000014   Data           2  main.o(.data)
    DepthCache                               0x24000016   Data           2  main.o(.data)
    WaterTempertureCache                     0x24000018   Data           2  main.o(.data)
    UART2TXCache                             0x2400001a   Data           3  main.o(.data)
    BaroCache                                0x2400001e   Data           4  main.o(.data)
    UART4RXCache                             0x24000022   Data           4  main.o(.data)
    UpTaskHandle                             0x24000028   Data           4  main.o(.data)
    DownTaskHandle                           0x2400002c   Data           4  main.o(.data)
    InitialTaskHandle                        0x24000030   Data           4  main.o(.data)
    SensorTaskHandle                         0x24000034   Data           4  main.o(.data)
    EmptyTaskHandle                          0x24000038   Data           4  main.o(.data)
    AccelerationCache                        0x2400003c   Data           6  main.o(.data)
    RotSpeedCache                            0x24000042   Data           6  main.o(.data)
    EulerAngleCache                          0x24000048   Data           6  main.o(.data)
    MagnetisCache                            0x2400004e   Data           6  main.o(.data)
    uwTickFreq                               0x240000dc   Data           1  stm32h7xx_hal.o(.data)
    uwTickPrio                               0x240000e0   Data           4  stm32h7xx_hal.o(.data)
    uwTick                                   0x240000e4   Data           4  stm32h7xx_hal.o(.data)
    SystemCoreClock                          0x240000e8   Data           4  system_stm32h7xx.o(.data)
    SystemD2Clock                            0x240000ec   Data           4  system_stm32h7xx.o(.data)
    pxCurrentTCB                             0x240000f0   Data           4  tasks.o(.data)
    UpCache                                  0x24000158   Data          30  main.o(.bss)
    DownCache                                0x24000176   Data          41  main.o(.bss)
    UART1RXCache                             0x2400019f   Data          30  main.o(.bss)
    UART1TXCache_P                           0x240001bd   Data          41  main.o(.bss)
    UART1TXCache_C                           0x240001e6   Data          41  main.o(.bss)
    UART2RXCache                             0x2400020f   Data          15  main.o(.bss)
    UART3RXCache                             0x2400021e   Data          60  main.o(.bss)
    UART4TXCache                             0x2400025a   Data          20  main.o(.bss)
    UART8RXCache                             0x2400026e   Data          41  main.o(.bss)
    UART8TXCache                             0x24000297   Data          30  main.o(.bss)
    hiwdg1                                   0x240002b8   Data          16  main.o(.bss)
    huart4                                   0x240002c8   Data         144  main.o(.bss)
    huart8                                   0x24000358   Data         144  main.o(.bss)
    huart1                                   0x240003e8   Data         144  main.o(.bss)
    huart2                                   0x24000478   Data         144  main.o(.bss)
    huart3                                   0x24000508   Data         144  main.o(.bss)
    hdma_uart4_rx                            0x24000598   Data         120  main.o(.bss)
    hdma_uart4_tx                            0x24000610   Data         120  main.o(.bss)
    hdma_uart8_rx                            0x24000688   Data         120  main.o(.bss)
    hdma_uart8_tx                            0x24000700   Data         120  main.o(.bss)
    hdma_usart1_rx                           0x24000778   Data         120  main.o(.bss)
    hdma_usart1_tx                           0x240007f0   Data         120  main.o(.bss)
    hdma_usart2_rx                           0x24000868   Data         120  main.o(.bss)
    hdma_usart2_tx                           0x240008e0   Data         120  main.o(.bss)
    hdma_usart3_rx                           0x24000958   Data         120  main.o(.bss)
    htim6                                    0x24000c24   Data          76  stm32h7xx_hal_timebase_tim.o(.bss)
    __libspace_start                         0x240049e8   Data          96  libspace.o(.bss)
    __temporary_stack_top$libspace           0x24004a48   Data           0  libspace.o(.bss)



==============================================================================

Memory Map of the image

  Image Entry point : 0x08000299

  Load Region LR_IROM1 (Base: 0x08000000, Size: 0x00007094, Max: 0x00020000, ABSOLUTE, COMPRESSED[0x00006f50])

    Execution Region ER_IROM1 (Exec base: 0x08000000, Load base: 0x08000000, Size: 0x00006f3c, Max: 0x00020000, ABSOLUTE)

    Exec Addr    Load Addr    Size         Type   Attr      Idx    E Section Name        Object

    0x08000000   0x08000000   0x00000298   Data   RO            3    RESET               startup_stm32h750xx.o
    0x08000298   0x08000298   0x00000008   Code   RO         6013  * !!!main             c_w.l(__main.o)
    0x080002a0   0x080002a0   0x00000034   Code   RO         6184    !!!scatter          c_w.l(__scatter.o)
    0x080002d4   0x080002d4   0x0000003a   Code   RO         6182    !!dczerorl          c_w.l(__dczerorl.o)
    0x0800030e   0x0800030e   0x00000002   PAD
    0x08000310   0x08000310   0x0000001c   Code   RO         6186    !!handler_zi        c_w.l(__scatter_zi.o)
    0x0800032c   0x0800032c   0x00000002   Code   RO         6052    .ARM.Collect$$libinit$$00000000  c_w.l(libinit.o)
    0x0800032e   0x0800032e   0x00000004   Code   RO         6064    .ARM.Collect$$libinit$$00000001  c_w.l(libinit2.o)
    0x08000332   0x08000332   0x00000000   Code   RO         6067    .ARM.Collect$$libinit$$00000004  c_w.l(libinit2.o)
    0x08000332   0x08000332   0x00000000   Code   RO         6070    .ARM.Collect$$libinit$$0000000A  c_w.l(libinit2.o)
    0x08000332   0x08000332   0x00000000   Code   RO         6072    .ARM.Collect$$libinit$$0000000C  c_w.l(libinit2.o)
    0x08000332   0x08000332   0x00000000   Code   RO         6074    .ARM.Collect$$libinit$$0000000E  c_w.l(libinit2.o)
    0x08000332   0x08000332   0x00000000   Code   RO         6077    .ARM.Collect$$libinit$$00000011  c_w.l(libinit2.o)
    0x08000332   0x08000332   0x00000000   Code   RO         6079    .ARM.Collect$$libinit$$00000013  c_w.l(libinit2.o)
    0x08000332   0x08000332   0x00000000   Code   RO         6081    .ARM.Collect$$libinit$$00000015  c_w.l(libinit2.o)
    0x08000332   0x08000332   0x00000000   Code   RO         6083    .ARM.Collect$$libinit$$00000017  c_w.l(libinit2.o)
    0x08000332   0x08000332   0x00000000   Code   RO         6085    .ARM.Collect$$libinit$$00000019  c_w.l(libinit2.o)
    0x08000332   0x08000332   0x00000000   Code   RO         6087    .ARM.Collect$$libinit$$0000001B  c_w.l(libinit2.o)
    0x08000332   0x08000332   0x00000000   Code   RO         6089    .ARM.Collect$$libinit$$0000001D  c_w.l(libinit2.o)
    0x08000332   0x08000332   0x00000000   Code   RO         6091    .ARM.Collect$$libinit$$0000001F  c_w.l(libinit2.o)
    0x08000332   0x08000332   0x00000000   Code   RO         6093    .ARM.Collect$$libinit$$00000021  c_w.l(libinit2.o)
    0x08000332   0x08000332   0x00000000   Code   RO         6095    .ARM.Collect$$libinit$$00000023  c_w.l(libinit2.o)
    0x08000332   0x08000332   0x00000000   Code   RO         6097    .ARM.Collect$$libinit$$00000025  c_w.l(libinit2.o)
    0x08000332   0x08000332   0x00000000   Code   RO         6101    .ARM.Collect$$libinit$$0000002C  c_w.l(libinit2.o)
    0x08000332   0x08000332   0x00000000   Code   RO         6103    .ARM.Collect$$libinit$$0000002E  c_w.l(libinit2.o)
    0x08000332   0x08000332   0x00000000   Code   RO         6105    .ARM.Collect$$libinit$$00000030  c_w.l(libinit2.o)
    0x08000332   0x08000332   0x00000000   Code   RO         6107    .ARM.Collect$$libinit$$00000032  c_w.l(libinit2.o)
    0x08000332   0x08000332   0x00000002   Code   RO         6108    .ARM.Collect$$libinit$$00000033  c_w.l(libinit2.o)
    0x08000334   0x08000334   0x00000002   Code   RO         6139    .ARM.Collect$$libshutdown$$00000000  c_w.l(libshutdown.o)
    0x08000336   0x08000336   0x00000000   Code   RO         6165    .ARM.Collect$$libshutdown$$00000002  c_w.l(libshutdown2.o)
    0x08000336   0x08000336   0x00000000   Code   RO         6167    .ARM.Collect$$libshutdown$$00000004  c_w.l(libshutdown2.o)
    0x08000336   0x08000336   0x00000000   Code   RO         6170    .ARM.Collect$$libshutdown$$00000007  c_w.l(libshutdown2.o)
    0x08000336   0x08000336   0x00000000   Code   RO         6173    .ARM.Collect$$libshutdown$$0000000A  c_w.l(libshutdown2.o)
    0x08000336   0x08000336   0x00000000   Code   RO         6175    .ARM.Collect$$libshutdown$$0000000C  c_w.l(libshutdown2.o)
    0x08000336   0x08000336   0x00000000   Code   RO         6178    .ARM.Collect$$libshutdown$$0000000F  c_w.l(libshutdown2.o)
    0x08000336   0x08000336   0x00000002   Code   RO         6179    .ARM.Collect$$libshutdown$$00000010  c_w.l(libshutdown2.o)
    0x08000338   0x08000338   0x00000000   Code   RO         6015    .ARM.Collect$$rtentry$$00000000  c_w.l(__rtentry.o)
    0x08000338   0x08000338   0x00000000   Code   RO         6023    .ARM.Collect$$rtentry$$00000002  c_w.l(__rtentry2.o)
    0x08000338   0x08000338   0x00000006   Code   RO         6035    .ARM.Collect$$rtentry$$00000004  c_w.l(__rtentry4.o)
    0x0800033e   0x0800033e   0x00000000   Code   RO         6025    .ARM.Collect$$rtentry$$00000009  c_w.l(__rtentry2.o)
    0x0800033e   0x0800033e   0x00000004   Code   RO         6026    .ARM.Collect$$rtentry$$0000000A  c_w.l(__rtentry2.o)
    0x08000342   0x08000342   0x00000000   Code   RO         6028    .ARM.Collect$$rtentry$$0000000C  c_w.l(__rtentry2.o)
    0x08000342   0x08000342   0x00000008   Code   RO         6029    .ARM.Collect$$rtentry$$0000000D  c_w.l(__rtentry2.o)
    0x0800034a   0x0800034a   0x00000002   Code   RO         6056    .ARM.Collect$$rtexit$$00000000  c_w.l(rtexit.o)
    0x0800034c   0x0800034c   0x00000000   Code   RO         6112    .ARM.Collect$$rtexit$$00000002  c_w.l(rtexit2.o)
    0x0800034c   0x0800034c   0x00000004   Code   RO         6113    .ARM.Collect$$rtexit$$00000003  c_w.l(rtexit2.o)
    0x08000350   0x08000350   0x00000006   Code   RO         6114    .ARM.Collect$$rtexit$$00000004  c_w.l(rtexit2.o)
    0x08000356   0x08000356   0x00000002   PAD
    0x08000358   0x08000358   0x000000be   Code   RO         5922    .emb_text           port.o
    0x08000416   0x08000416   0x00000002   PAD
    0x08000418   0x08000418   0x00000040   Code   RO            4    .text               startup_stm32h750xx.o
    0x08000458   0x08000458   0x000000ee   Code   RO         6001    .text               c_w.l(lludivv7m.o)
    0x08000546   0x08000546   0x00000064   Code   RO         6005    .text               c_w.l(rt_memcpy_w.o)
    0x080005aa   0x080005aa   0x0000004e   Code   RO         6009    .text               c_w.l(rt_memclr_w.o)
    0x080005f8   0x080005f8   0x00000006   Code   RO         6011    .text               c_w.l(heapauxi.o)
    0x080005fe   0x080005fe   0x0000004a   Code   RO         6039    .text               c_w.l(sys_stackheap_outer.o)
    0x08000648   0x08000648   0x00000012   Code   RO         6041    .text               c_w.l(exit.o)
    0x0800065a   0x0800065a   0x00000002   PAD
    0x0800065c   0x0800065c   0x00000008   Code   RO         6053    .text               c_w.l(libspace.o)
    0x08000664   0x08000664   0x0000000c   Code   RO         6109    .text               c_w.l(sys_exit.o)
    0x08000670   0x08000670   0x00000002   Code   RO         6128    .text               c_w.l(use_no_semi.o)
    0x08000672   0x08000672   0x00000000   Code   RO         6130    .text               c_w.l(indicate_semi.o)
    0x08000672   0x08000672   0x00000002   Code   RO          352    i.BusFault_Handler  stm32h7xx_it.o
    0x08000674   0x08000674   0x0000000c   Code   RO          353    i.DMA1_Stream0_IRQHandler  stm32h7xx_it.o
    0x08000680   0x08000680   0x0000000c   Code   RO          354    i.DMA1_Stream1_IRQHandler  stm32h7xx_it.o
    0x0800068c   0x0800068c   0x0000000c   Code   RO          355    i.DMA1_Stream2_IRQHandler  stm32h7xx_it.o
    0x08000698   0x08000698   0x0000000c   Code   RO          356    i.DMA1_Stream3_IRQHandler  stm32h7xx_it.o
    0x080006a4   0x080006a4   0x0000000c   Code   RO          357    i.DMA1_Stream4_IRQHandler  stm32h7xx_it.o
    0x080006b0   0x080006b0   0x0000000c   Code   RO          358    i.DMA1_Stream5_IRQHandler  stm32h7xx_it.o
    0x080006bc   0x080006bc   0x0000000c   Code   RO          359    i.DMA1_Stream6_IRQHandler  stm32h7xx_it.o
    0x080006c8   0x080006c8   0x0000000c   Code   RO          360    i.DMA1_Stream7_IRQHandler  stm32h7xx_it.o
    0x080006d4   0x080006d4   0x0000000c   Code   RO          361    i.DMA2_Stream0_IRQHandler  stm32h7xx_it.o
    0x080006e0   0x080006e0   0x000000b4   Code   RO         1492    i.DMA_CalcBaseAndBitshift  stm32h7xx_hal_dma.o
    0x08000794   0x08000794   0x0000009c   Code   RO         1493    i.DMA_CalcDMAMUXChannelBaseAndMask  stm32h7xx_hal_dma.o
    0x08000830   0x08000830   0x00000074   Code   RO         1494    i.DMA_CalcDMAMUXRequestGenBaseAndMask  stm32h7xx_hal_dma.o
    0x080008a4   0x080008a4   0x00000054   Code   RO         1495    i.DMA_CheckFifoParam  stm32h7xx_hal_dma.o
    0x080008f8   0x080008f8   0x00000220   Code   RO         1496    i.DMA_SetConfig     stm32h7xx_hal_dma.o
    0x08000b18   0x08000b18   0x00000002   Code   RO          362    i.DebugMon_Handler  stm32h7xx_it.o
    0x08000b1a   0x08000b1a   0x00000002   PAD
    0x08000b1c   0x08000b1c   0x00000010   Code   RO          654    i.DeepPoint         sensor.o
    0x08000b2c   0x08000b2c   0x00000014   Code   RO          655    i.DeepTake          sensor.o
    0x08000b40   0x08000b40   0x0000005c   Code   RO          576    i.DownDetectPoint   basicctrl.o
    0x08000b9c   0x08000b9c   0x00000010   Code   RO          578    i.DownMoveDetect    basicctrl.o
    0x08000bac   0x08000bac   0x00000100   Code   RO           13    i.DownTaskF         main.o
    0x08000cac   0x08000cac   0x0000000c   Code   RO           14    i.EmptyTaskF        main.o
    0x08000cb8   0x08000cb8   0x00000004   Code   RO           15    i.Error_Handler     main.o
    0x08000cbc   0x08000cbc   0x0000000e   Code   RO          656    i.GY39InitStr       sensor.o
    0x08000cca   0x08000cca   0x00000002   PAD
    0x08000ccc   0x08000ccc   0x00000020   Code   RO          657    i.GY39Point         sensor.o
    0x08000cec   0x08000cec   0x00000028   Code   RO          658    i.GY39Take          sensor.o
    0x08000d14   0x08000d14   0x00000364   Code   RO         1497    i.HAL_DMA_Abort     stm32h7xx_hal_dma.o
    0x08001078   0x08001078   0x00000284   Code   RO         1498    i.HAL_DMA_Abort_IT  stm32h7xx_hal_dma.o
    0x080012fc   0x080012fc   0x00000004   Code   RO         1500    i.HAL_DMA_GetError  stm32h7xx_hal_dma.o
    0x08001300   0x08001300   0x000006f0   Code   RO         1502    i.HAL_DMA_IRQHandler  stm32h7xx_hal_dma.o
    0x080019f0   0x080019f0   0x000003c4   Code   RO         1503    i.HAL_DMA_Init      stm32h7xx_hal_dma.o
    0x08001db4   0x08001db4   0x0000029c   Code   RO         1507    i.HAL_DMA_Start_IT  stm32h7xx_hal_dma.o
    0x08002050   0x08002050   0x00000230   Code   RO         1345    i.HAL_GPIO_Init     stm32h7xx_hal_gpio.o
    0x08002280   0x08002280   0x0000000a   Code   RO         1347    i.HAL_GPIO_ReadPin  stm32h7xx_hal_gpio.o
    0x0800228a   0x0800228a   0x0000000a   Code   RO         1349    i.HAL_GPIO_WritePin  stm32h7xx_hal_gpio.o
    0x08002294   0x08002294   0x0000000c   Code   RO         2217    i.HAL_GetREVID      stm32h7xx_hal.o
    0x080022a0   0x080022a0   0x0000000c   Code   RO         2218    i.HAL_GetTick       stm32h7xx_hal.o
    0x080022ac   0x080022ac   0x00000066   Code   RO         3099    i.HAL_IWDG_Init     stm32h7xx_hal_iwdg.o
    0x08002312   0x08002312   0x0000000c   Code   RO         3100    i.HAL_IWDG_Refresh  stm32h7xx_hal_iwdg.o
    0x0800231e   0x0800231e   0x00000002   PAD
    0x08002320   0x08002320   0x00000010   Code   RO         2224    i.HAL_IncTick       stm32h7xx_hal.o
    0x08002330   0x08002330   0x0000005c   Code   RO         2225    i.HAL_Init          stm32h7xx_hal.o
    0x0800238c   0x0800238c   0x0000008c   Code   RO          537    i.HAL_InitTick      stm32h7xx_hal_timebase_tim.o
    0x08002418   0x08002418   0x00000024   Code   RO          500    i.HAL_MspInit       stm32h7xx_hal_msp.o
    0x0800243c   0x0800243c   0x0000001a   Code   RO          737    i.HAL_NVIC_EnableIRQ  stm32h7xx_hal_cortex.o
    0x08002456   0x08002456   0x00000002   PAD
    0x08002458   0x08002458   0x00000040   Code   RO          743    i.HAL_NVIC_SetPriority  stm32h7xx_hal_cortex.o
    0x08002498   0x08002498   0x00000024   Code   RO          744    i.HAL_NVIC_SetPriorityGrouping  stm32h7xx_hal_cortex.o
    0x080024bc   0x080024bc   0x00000054   Code   RO         1946    i.HAL_PWREx_ConfigSupply  stm32h7xx_hal_pwr_ex.o
    0x08002510   0x08002510   0x00000024   Code   RO          988    i.HAL_RCCEx_GetD3PCLK1Freq  stm32h7xx_hal_rcc_ex.o
    0x08002534   0x08002534   0x00000144   Code   RO          990    i.HAL_RCCEx_GetPLL2ClockFreq  stm32h7xx_hal_rcc_ex.o
    0x08002678   0x08002678   0x00000144   Code   RO          991    i.HAL_RCCEx_GetPLL3ClockFreq  stm32h7xx_hal_rcc_ex.o
    0x080027bc   0x080027bc   0x000008d2   Code   RO          997    i.HAL_RCCEx_PeriphCLKConfig  stm32h7xx_hal_rcc_ex.o
    0x0800308e   0x0800308e   0x00000002   PAD
    0x08003090   0x08003090   0x0000025c   Code   RO          873    i.HAL_RCC_ClockConfig  stm32h7xx_hal_rcc.o
    0x080032ec   0x080032ec   0x0000005c   Code   RO          877    i.HAL_RCC_GetClockConfig  stm32h7xx_hal_rcc.o
    0x08003348   0x08003348   0x00000044   Code   RO          878    i.HAL_RCC_GetHCLKFreq  stm32h7xx_hal_rcc.o
    0x0800338c   0x0800338c   0x00000024   Code   RO          880    i.HAL_RCC_GetPCLK1Freq  stm32h7xx_hal_rcc.o
    0x080033b0   0x080033b0   0x00000024   Code   RO          881    i.HAL_RCC_GetPCLK2Freq  stm32h7xx_hal_rcc.o
    0x080033d4   0x080033d4   0x00000138   Code   RO          882    i.HAL_RCC_GetSysClockFreq  stm32h7xx_hal_rcc.o
    0x0800350c   0x0800350c   0x00000508   Code   RO          885    i.HAL_RCC_OscConfig  stm32h7xx_hal_rcc.o
    0x08003a14   0x08003a14   0x00000002   Code   RO         3845    i.HAL_TIMEx_Break2Callback  stm32h7xx_hal_tim_ex.o
    0x08003a16   0x08003a16   0x00000002   Code   RO         3846    i.HAL_TIMEx_BreakCallback  stm32h7xx_hal_tim_ex.o
    0x08003a18   0x08003a18   0x00000002   Code   RO         3847    i.HAL_TIMEx_CommutCallback  stm32h7xx_hal_tim_ex.o
    0x08003a1a   0x08003a1a   0x00000062   Code   RO         3131    i.HAL_TIM_Base_Init  stm32h7xx_hal_tim.o
    0x08003a7c   0x08003a7c   0x00000002   Code   RO         3133    i.HAL_TIM_Base_MspInit  stm32h7xx_hal_tim.o
    0x08003a7e   0x08003a7e   0x00000002   PAD
    0x08003a80   0x08003a80   0x00000080   Code   RO         3136    i.HAL_TIM_Base_Start_IT  stm32h7xx_hal_tim.o
    0x08003b00   0x08003b00   0x00000002   Code   RO         3165    i.HAL_TIM_IC_CaptureCallback  stm32h7xx_hal_tim.o
    0x08003b02   0x08003b02   0x00000182   Code   RO         3179    i.HAL_TIM_IRQHandler  stm32h7xx_hal_tim.o
    0x08003c84   0x08003c84   0x00000002   Code   RO         3182    i.HAL_TIM_OC_DelayElapsedCallback  stm32h7xx_hal_tim.o
    0x08003c86   0x08003c86   0x00000002   Code   RO         3209    i.HAL_TIM_PWM_PulseFinishedCallback  stm32h7xx_hal_tim.o
    0x08003c88   0x08003c88   0x00000014   Code   RO           16    i.HAL_TIM_PeriodElapsedCallback  main.o
    0x08003c9c   0x08003c9c   0x00000002   Code   RO         3222    i.HAL_TIM_TriggerCallback  stm32h7xx_hal_tim.o
    0x08003c9e   0x08003c9e   0x00000040   Code   RO         4556    i.HAL_UARTEx_DisableFifoMode  stm32h7xx_hal_uart_ex.o
    0x08003cde   0x08003cde   0x00000002   Code   RO         4145    i.HAL_UARTEx_RxEventCallback  stm32h7xx_hal_uart.o
    0x08003ce0   0x08003ce0   0x00000002   Code   RO         4563    i.HAL_UARTEx_RxFifoFullCallback  stm32h7xx_hal_uart_ex.o
    0x08003ce2   0x08003ce2   0x0000004c   Code   RO         4564    i.HAL_UARTEx_SetRxFifoThreshold  stm32h7xx_hal_uart_ex.o
    0x08003d2e   0x08003d2e   0x0000004c   Code   RO         4565    i.HAL_UARTEx_SetTxFifoThreshold  stm32h7xx_hal_uart_ex.o
    0x08003d7a   0x08003d7a   0x00000002   Code   RO         4567    i.HAL_UARTEx_TxFifoEmptyCallback  stm32h7xx_hal_uart_ex.o
    0x08003d7c   0x08003d7c   0x00000002   Code   RO         4568    i.HAL_UARTEx_WakeupCallback  stm32h7xx_hal_uart_ex.o
    0x08003d7e   0x08003d7e   0x00000076   Code   RO         4157    i.HAL_UART_DMAStop  stm32h7xx_hal_uart.o
    0x08003df4   0x08003df4   0x00000002   Code   RO         4161    i.HAL_UART_ErrorCallback  stm32h7xx_hal_uart.o
    0x08003df6   0x08003df6   0x00000002   PAD
    0x08003df8   0x08003df8   0x00000304   Code   RO         4164    i.HAL_UART_IRQHandler  stm32h7xx_hal_uart.o
    0x080040fc   0x080040fc   0x0000006a   Code   RO         4165    i.HAL_UART_Init     stm32h7xx_hal_uart.o
    0x08004166   0x08004166   0x00000002   PAD
    0x08004168   0x08004168   0x000003f8   Code   RO          502    i.HAL_UART_MspInit  stm32h7xx_hal_msp.o
    0x08004560   0x08004560   0x0000004c   Code   RO         4169    i.HAL_UART_Receive_DMA  stm32h7xx_hal_uart.o
    0x080045ac   0x080045ac   0x00000002   Code   RO         4172    i.HAL_UART_RxCpltCallback  stm32h7xx_hal_uart.o
    0x080045ae   0x080045ae   0x00000002   Code   RO         4173    i.HAL_UART_RxHalfCpltCallback  stm32h7xx_hal_uart.o
    0x080045b0   0x080045b0   0x0000009c   Code   RO         4175    i.HAL_UART_Transmit_DMA  stm32h7xx_hal_uart.o
    0x0800464c   0x0800464c   0x00000002   Code   RO         4177    i.HAL_UART_TxCpltCallback  stm32h7xx_hal_uart.o
    0x0800464e   0x0800464e   0x00000002   Code   RO         4178    i.HAL_UART_TxHalfCpltCallback  stm32h7xx_hal_uart.o
    0x08004650   0x08004650   0x00000002   Code   RO          363    i.HardFault_Handler  stm32h7xx_it.o
    0x08004652   0x08004652   0x00000026   Code   RO          579    i.IdTest            basicctrl.o
    0x08004678   0x08004678   0x00000074   Code   RO           17    i.InitialTaskF      main.o
    0x080046ec   0x080046ec   0x000000bc   Code   RO           18    i.MX_DMA_Init       main.o
    0x080047a8   0x080047a8   0x0000009c   Code   RO           19    i.MX_GPIO_Init      main.o
    0x08004844   0x08004844   0x00000064   Code   RO           20    i.MX_UART4_Init     main.o
    0x080048a8   0x080048a8   0x00000064   Code   RO           21    i.MX_UART8_Init     main.o
    0x0800490c   0x0800490c   0x00000064   Code   RO           22    i.MX_USART1_UART_Init  main.o
    0x08004970   0x08004970   0x00000064   Code   RO           23    i.MX_USART2_UART_Init  main.o
    0x080049d4   0x080049d4   0x00000064   Code   RO           24    i.MX_USART3_UART_Init  main.o
    0x08004a38   0x08004a38   0x00000002   Code   RO          364    i.MemManage_Handler  stm32h7xx_it.o
    0x08004a3a   0x08004a3a   0x00000002   Code   RO          365    i.NMI_Handler       stm32h7xx_it.o
    0x08004a3c   0x08004a3c   0x00000040   Code   RO           25    i.PeriphCommonClock_Config  main.o
    0x08004a7c   0x08004a7c   0x00000120   Code   RO         1000    i.RCCEx_PLL2_Config  stm32h7xx_hal_rcc_ex.o
    0x08004b9c   0x08004b9c   0x00000120   Code   RO         1001    i.RCCEx_PLL3_Config  stm32h7xx_hal_rcc_ex.o
    0x08004cbc   0x08004cbc   0x000000ec   Code   RO          581    i.SendBack          basicctrl.o
    0x08004da8   0x08004da8   0x000000b0   Code   RO          582    i.SendBackPoint     basicctrl.o
    0x08004e58   0x08004e58   0x00000118   Code   RO           26    i.SensorTaskF       main.o
    0x08004f70   0x08004f70   0x000000f4   Code   RO          583    i.SpecialMovePID    basicctrl.o
    0x08005064   0x08005064   0x0000002c   Code   RO         5923    i.SysTick_Handler   port.o
    0x08005090   0x08005090   0x000000bc   Code   RO           27    i.SystemClock_Config  main.o
    0x0800514c   0x0800514c   0x000000e4   Code   RO         4669    i.SystemInit        system_stm32h7xx.o
    0x08005230   0x08005230   0x0000000c   Code   RO          366    i.TIM6_DAC_IRQHandler  stm32h7xx_it.o
    0x0800523c   0x0800523c   0x000000c4   Code   RO         3224    i.TIM_Base_SetConfig  stm32h7xx_hal_tim.o
    0x08005300   0x08005300   0x000000c8   Code   RO          367    i.UART4_IRQHandler  stm32h7xx_it.o
    0x080053c8   0x080053c8   0x000000c8   Code   RO          368    i.UART8_IRQHandler  stm32h7xx_it.o
    0x08005490   0x08005490   0x00000044   Code   RO         4569    i.UARTEx_SetNbDataToProcess  stm32h7xx_hal_uart_ex.o
    0x080054d4   0x080054d4   0x000000c8   Code   RO         4179    i.UART_AdvFeatureConfig  stm32h7xx_hal_uart.o
    0x0800559c   0x0800559c   0x00000060   Code   RO         4180    i.UART_CheckIdleState  stm32h7xx_hal_uart.o
    0x080055fc   0x080055fc   0x00000014   Code   RO         4181    i.UART_DMAAbortOnError  stm32h7xx_hal_uart.o
    0x08005610   0x08005610   0x0000004e   Code   RO         4182    i.UART_DMAError     stm32h7xx_hal_uart.o
    0x0800565e   0x0800565e   0x0000005c   Code   RO         4183    i.UART_DMAReceiveCplt  stm32h7xx_hal_uart.o
    0x080056ba   0x080056ba   0x0000001c   Code   RO         4185    i.UART_DMARxHalfCplt  stm32h7xx_hal_uart.o
    0x080056d6   0x080056d6   0x0000002e   Code   RO         4187    i.UART_DMATransmitCplt  stm32h7xx_hal_uart.o
    0x08005704   0x08005704   0x0000000a   Code   RO         4189    i.UART_DMATxHalfCplt  stm32h7xx_hal_uart.o
    0x0800570e   0x0800570e   0x00000002   PAD
    0x08005710   0x08005710   0x00000038   Code   RO         4191    i.UART_EndRxTransfer  stm32h7xx_hal_uart.o
    0x08005748   0x08005748   0x0000001c   Code   RO         4192    i.UART_EndTxTransfer  stm32h7xx_hal_uart.o
    0x08005764   0x08005764   0x000003ac   Code   RO         4197    i.UART_SetConfig    stm32h7xx_hal_uart.o
    0x08005b10   0x08005b10   0x00000088   Code   RO         4198    i.UART_Start_Receive_DMA  stm32h7xx_hal_uart.o
    0x08005b98   0x08005b98   0x000000a4   Code   RO         4204    i.UART_WaitOnFlagUntilTimeout  stm32h7xx_hal_uart.o
    0x08005c3c   0x08005c3c   0x000000c8   Code   RO          369    i.USART1_IRQHandler  stm32h7xx_it.o
    0x08005d04   0x08005d04   0x000000c8   Code   RO          370    i.USART2_IRQHandler  stm32h7xx_it.o
    0x08005dcc   0x08005dcc   0x000000c8   Code   RO          371    i.USART3_IRQHandler  stm32h7xx_it.o
    0x08005e94   0x08005e94   0x000000e4   Code   RO           28    i.UpTaskF           main.o
    0x08005f78   0x08005f78   0x00000002   Code   RO          372    i.UsageFault_Handler  stm32h7xx_it.o
    0x08005f7a   0x08005f7a   0x00000002   PAD
    0x08005f7c   0x08005f7c   0x00000064   Code   RO          659    i.WT931Point        sensor.o
    0x08005fe0   0x08005fe0   0x0000006c   Code   RO          660    i.WT931Take         sensor.o
    0x0800604c   0x0800604c   0x00000018   Code   RO          584    i.XorCaculate       basicctrl.o
    0x08006064   0x08006064   0x00000022   Code   RO          750    i.__NVIC_SetPriority  stm32h7xx_hal_cortex.o
    0x08006086   0x08006086   0x00000002   PAD
    0x08006088   0x08006088   0x0000014c   Code   RO           29    i.main              main.o
    0x080061d4   0x080061d4   0x0000000e   Code   RO         5488    i.makeFreeRtosPriority  cmsis_os.o
    0x080061e2   0x080061e2   0x0000000e   Code   RO         5490    i.osDelay           cmsis_os.o
    0x080061f0   0x080061f0   0x0000000a   Code   RO         5493    i.osKernelStart     cmsis_os.o
    0x080061fa   0x080061fa   0x00000054   Code   RO         5527    i.osThreadCreate    cmsis_os.o
    0x0800624e   0x0800624e   0x00000002   PAD
    0x08006250   0x08006250   0x00000070   Code   RO         5170    i.prvAddCurrentTaskToDelayedList  tasks.o
    0x080062c0   0x080062c0   0x000000d0   Code   RO         5171    i.prvAddNewTaskToReadyList  tasks.o
    0x08006390   0x08006390   0x00000034   Code   RO         5172    i.prvDeleteTCB      tasks.o
    0x080063c4   0x080063c4   0x00000050   Code   RO         5855    i.prvHeapInit       heap_4.o
    0x08006414   0x08006414   0x00000060   Code   RO         5173    i.prvIdleTask       tasks.o
    0x08006474   0x08006474   0x0000009a   Code   RO         5174    i.prvInitialiseNewTask  tasks.o
    0x0800650e   0x0800650e   0x00000002   PAD
    0x08006510   0x08006510   0x0000004c   Code   RO         5856    i.prvInsertBlockIntoFreeList  heap_4.o
    0x0800655c   0x0800655c   0x00000020   Code   RO         5175    i.prvResetNextTaskUnblockTime  tasks.o
    0x0800657c   0x0800657c   0x00000028   Code   RO         5924    i.prvTaskExitError  port.o
    0x080065a4   0x080065a4   0x00000038   Code   RO         5176    i.prvTaskIsTaskSuspended  tasks.o
    0x080065dc   0x080065dc   0x000000dc   Code   RO         5857    i.pvPortMalloc      heap_4.o
    0x080066b8   0x080066b8   0x00000030   Code   RO         5925    i.pxPortInitialiseStack  port.o
    0x080066e8   0x080066e8   0x00000026   Code   RO         4806    i.uxListRemove      list.o
    0x0800670e   0x0800670e   0x00000002   PAD
    0x08006710   0x08006710   0x00000018   Code   RO          310    i.vApplicationGetIdleTaskMemory  freertos.o
    0x08006728   0x08006728   0x00000016   Code   RO         4807    i.vListInitialise   list.o
    0x0800673e   0x0800673e   0x00000006   Code   RO         4808    i.vListInitialiseItem  list.o
    0x08006744   0x08006744   0x00000030   Code   RO         4809    i.vListInsert       list.o
    0x08006774   0x08006774   0x00000018   Code   RO         4810    i.vListInsertEnd    list.o
    0x0800678c   0x0800678c   0x00000040   Code   RO         5927    i.vPortEnterCritical  port.o
    0x080067cc   0x080067cc   0x00000028   Code   RO         5928    i.vPortExitCritical  port.o
    0x080067f4   0x080067f4   0x00000064   Code   RO         5858    i.vPortFree         heap_4.o
    0x08006858   0x08006858   0x00000024   Code   RO         5929    i.vPortSetupTimerInterrupt  port.o
    0x0800687c   0x0800687c   0x0000004c   Code   RO         5184    i.vTaskDelay        tasks.o
    0x080068c8   0x080068c8   0x0000007c   Code   RO         5195    i.vTaskResume       tasks.o
    0x08006944   0x08006944   0x0000006c   Code   RO         5197    i.vTaskStartScheduler  tasks.o
    0x080069b0   0x080069b0   0x000000bc   Code   RO         5198    i.vTaskSuspend      tasks.o
    0x08006a6c   0x08006a6c   0x00000010   Code   RO         5199    i.vTaskSuspendAll   tasks.o
    0x08006a7c   0x08006a7c   0x0000005c   Code   RO         5200    i.vTaskSwitchContext  tasks.o
    0x08006ad8   0x08006ad8   0x000000f4   Code   RO         5931    i.xPortStartScheduler  port.o
    0x08006bcc   0x08006bcc   0x0000005a   Code   RO         5203    i.xTaskCreate       tasks.o
    0x08006c26   0x08006c26   0x00000056   Code   RO         5204    i.xTaskCreateStatic  tasks.o
    0x08006c7c   0x08006c7c   0x000000cc   Code   RO         5211    i.xTaskIncrementTick  tasks.o
    0x08006d48   0x08006d48   0x000000c4   Code   RO         5217    i.xTaskResumeAll    tasks.o
    0x08006e0c   0x08006e0c   0x0000000a   Code   RO         6124    x$fpl$fpinit        fz_wv.l(fpinit.o)
    0x08006e16   0x08006e16   0x00000002   PAD
    0x08006e18   0x08006e18   0x0000008c   Data   RO           40    .constdata          main.o
    0x08006ea4   0x08006ea4   0x00000008   Data   RO         1509    .constdata          stm32h7xx_hal_dma.o
    0x08006eac   0x08006eac   0x00000018   Data   RO         4205    .constdata          stm32h7xx_hal_uart.o
    0x08006ec4   0x08006ec4   0x00000010   Data   RO         4570    .constdata          stm32h7xx_hal_uart_ex.o
    0x08006ed4   0x08006ed4   0x00000010   Data   RO         4670    .constdata          system_stm32h7xx.o
    0x08006ee4   0x08006ee4   0x00000036   Data   RO           41    .conststring        main.o
    0x08006f1a   0x08006f1a   0x00000002   PAD
    0x08006f1c   0x08006f1c   0x00000020   Data   RO         6180    Region$$Table       anon$$obj.o


    Execution Region RW_IRAM1 (Exec base: 0x20000000, Load base: 0x08006f3c, Size: 0x00000000, Max: 0x00020000, ABSOLUTE)

    **** No section assigned to this execution region ****


    Execution Region RW_IRAM2 (Exec base: 0x24000000, Load base: 0x08006f3c, Size: 0x00005048, Max: 0x00080000, ABSOLUTE, COMPRESSED[0x00000014])

    Exec Addr    Load Addr    Size         Type   Attr      Idx    E Section Name        Object

    0x24000000   COMPRESSED   0x00000054   Data   RW           42    .data               main.o
    0x24000054   COMPRESSED   0x00000070   Data   RW          586    .data               basicctrl.o
    0x240000c4   COMPRESSED   0x00000018   Data   RW          664    .data               sensor.o
    0x240000dc   COMPRESSED   0x0000000c   Data   RW         2247    .data               stm32h7xx_hal.o
    0x240000e8   COMPRESSED   0x00000008   Data   RW         4671    .data               system_stm32h7xx.o
    0x240000f0   COMPRESSED   0x0000003c   Data   RW         5220    .data               tasks.o
    0x2400012c   COMPRESSED   0x00000020   Data   RW         5864    .data               heap_4.o
    0x2400014c   COMPRESSED   0x0000000c   Data   RW         5932    .data               port.o
    0x24000158        -       0x00000440   Zero   RW           30    .bss                main.o
    0x24000598        -       0x00000078   Zero   RW           31    .bss                main.o
    0x24000610        -       0x00000078   Zero   RW           32    .bss                main.o
    0x24000688        -       0x00000078   Zero   RW           33    .bss                main.o
    0x24000700        -       0x00000078   Zero   RW           34    .bss                main.o
    0x24000778        -       0x00000078   Zero   RW           35    .bss                main.o
    0x240007f0        -       0x00000078   Zero   RW           36    .bss                main.o
    0x24000868        -       0x00000078   Zero   RW           37    .bss                main.o
    0x240008e0        -       0x00000078   Zero   RW           38    .bss                main.o
    0x24000958        -       0x00000078   Zero   RW           39    .bss                main.o
    0x240009d0        -       0x00000254   Zero   RW          311    .bss                freertos.o
    0x24000c24        -       0x0000004c   Zero   RW          540    .bss                stm32h7xx_hal_timebase_tim.o
    0x24000c70        -       0x00000048   Zero   RW          585    .bss                basicctrl.o
    0x24000cb8        -       0x00000040   Zero   RW          661    .bss                sensor.o
    0x24000cf8        -       0x000000f0   Zero   RW         5219    .bss                tasks.o
    0x24000de8        -       0x00003c00   Zero   RW         5863    .bss                heap_4.o
    0x240049e8        -       0x00000060   Zero   RW         6054    .bss                c_w.l(libspace.o)
    0x24004a48        -       0x00000200   Zero   RW            2    HEAP                startup_stm32h750xx.o
    0x24004c48        -       0x00000400   Zero   RW            1    STACK               startup_stm32h750xx.o


==============================================================================

Image component sizes


      Code (inc. data)   RO Data    RW Data    ZI Data      Debug   Object Name

       826         56          0        112         72       6466   basicctrl.o
       122          0          0          0          0      23485   cmsis_os.o
         0          0          0          0          0      16884   event_groups.o
        24          6          0          0        596       1416   freertos.o
       476         24          0         32      15360       7607   heap_4.o
       138          0          0          0          0       3734   list.o
      2344        174        194         84       2168    1364946   main.o
       706         74          0         12          0      11240   port.o
       330         34          0         24         64       5470   sensor.o
        64         26        664          0       1536        856   startup_stm32h750xx.o
       132         32          0         12          0      22173   stm32h7xx_hal.o
       160         12          0          0          0      38866   stm32h7xx_hal_cortex.o
      6004        246          8          0          0      12629   stm32h7xx_hal_dma.o
       580         50          0          0          0       3415   stm32h7xx_hal_gpio.o
       114          0          0          0          0       2035   stm32h7xx_hal_iwdg.o
      1052         84          0          0          0       3082   stm32h7xx_hal_msp.o
        84          6          0          0          0        801   stm32h7xx_hal_pwr_ex.o
      2436        116          0          0          0       7921   stm32h7xx_hal_rcc.o
      3518        112          0          0          0       7977   stm32h7xx_hal_rcc_ex.o
       818         62          0          0          0       7632   stm32h7xx_hal_tim.o
         6          0          0          0          0       2328   stm32h7xx_hal_tim_ex.o
       140         20          0          0         76       1639   stm32h7xx_hal_timebase_tim.o
      3134        170         24          0          0      38501   stm32h7xx_hal_uart.o
       290          6         16          0          0       5606   stm32h7xx_hal_uart_ex.o
      1132        160          0          0          0      10631   stm32h7xx_it.o
         0          0          0          0          0        384   stream_buffer.o
       228         40         16          8          0       1566   system_stm32h7xx.o
      1890        140          0         60        240      22499   tasks.o

    ----------------------------------------------------------------------
     26778       1650        956        344      20112    1631789   Object Totals
         0          0         32          0          0          0   (incl. Generated)
        30          0          2          0          0          0   (incl. Padding)

    ----------------------------------------------------------------------

      Code (inc. data)   RO Data    RW Data    ZI Data      Debug   Library Member Name

        58          0          0          0          0          0   __dczerorl.o
         8          0          0          0          0         68   __main.o
         0          0          0          0          0          0   __rtentry.o
        12          0          0          0          0          0   __rtentry2.o
         6          0          0          0          0          0   __rtentry4.o
        52          8          0          0          0          0   __scatter.o
        28          0          0          0          0          0   __scatter_zi.o
        18          0          0          0          0         80   exit.o
         6          0          0          0          0        152   heapauxi.o
         0          0          0          0          0          0   indicate_semi.o
         2          0          0          0          0          0   libinit.o
         6          0          0          0          0          0   libinit2.o
         2          0          0          0          0          0   libshutdown.o
         2          0          0          0          0          0   libshutdown2.o
         8          4          0          0         96         68   libspace.o
       238          0          0          0          0        100   lludivv7m.o
        78          0          0          0          0         80   rt_memclr_w.o
       100          0          0          0          0         80   rt_memcpy_w.o
         2          0          0          0          0          0   rtexit.o
        10          0          0          0          0          0   rtexit2.o
        12          4          0          0          0         68   sys_exit.o
        74          0          0          0          0         80   sys_stackheap_outer.o
         2          0          0          0          0         68   use_no_semi.o
        10          0          0          0          0        116   fpinit.o

    ----------------------------------------------------------------------
       742         16          0          0         96        960   Library Totals
         8          0          0          0          0          0   (incl. Padding)

    ----------------------------------------------------------------------

      Code (inc. data)   RO Data    RW Data    ZI Data      Debug   Library Name

       724         16          0          0         96        844   c_w.l
        10          0          0          0          0        116   fz_wv.l

    ----------------------------------------------------------------------
       742         16          0          0         96        960   Library Totals

    ----------------------------------------------------------------------

==============================================================================


      Code (inc. data)   RO Data    RW Data    ZI Data      Debug   

     27520       1666        956        344      20208    1615737   Grand Totals
     27520       1666        956         20      20208    1615737   ELF Image Totals (compressed)
     27520       1666        956         20          0          0   ROM Totals

==============================================================================

    Total RO  Size (Code + RO Data)                28476 (  27.81kB)
    Total RW  Size (RW Data + ZI Data)             20552 (  20.07kB)
    Total ROM Size (Code + RO Data + RW Data)      28496 (  27.83kB)

==============================================================================

