main.c:177:5:main	168	static,ignoring_inline_asm
main.c:281:6:SystemClock_Config	120	static
main.c:345:6:PeriphCommonClock_Config	200	static
main.c:377:13:MX_IWDG1_Init	8	static
main.c:406:13:MX_UART4_Init	8	static
main.c:456:13:MX_UART8_Init	8	static
main.c:506:13:MX_USART1_UART_Init	8	static
main.c:556:13:MX_USART2_UART_Init	8	static
main.c:606:13:MX_USART3_UART_Init	8	static
main.c:654:13:MX_DMA_Init	16	static
main.c:697:13:MX_GPIO_Init	48	static
main.c:738:6:UpTaskF	56	static
main.c:799:6:DownTaskF	24	static
main.c:874:6:InitialTaskF	16	static
main.c:903:6:SensorTaskF	16	static
main.c:973:6:EmptyTaskF	16	static
main.c:992:6:HAL_TIM_PeriodElapsedCallback	16	static
main.c:1010:6:Error_Handler	4	static,ignoring_inline_asm
