main.c:165:5:main	168	static,ignoring_inline_asm
main.c:274:6:SystemClock_Config	120	static
main.c:338:6:PeriphCommonClock_Config	200	static
main.c:370:13:MX_IWDG1_Init	8	static
main.c:399:13:MX_UART4_Init	8	static
main.c:449:13:MX_UART8_Init	8	static
main.c:499:13:MX_USART1_UART_Init	8	static
main.c:549:13:MX_USART2_UART_Init	8	static
main.c:599:13:MX_USART3_UART_Init	8	static
main.c:647:13:MX_DMA_Init	16	static
main.c:690:13:MX_GPIO_Init	48	static
main.c:731:6:UpTaskF	56	static
main.c:795:6:DownTaskF	24	static
main.c:874:6:InitialTaskF	16	static
main.c:910:6:SensorTaskF	16	static
main.c:985:6:EmptyTaskF	16	static
main.c:1004:6:HAL_TIM_PeriodElapsedCallback	16	static
main.c:1022:6:Error_Handler	4	static,ignoring_inline_asm
