stm32h7xx_it.c:85:6:NMI_Handler	4	static
stm32h7xx_it.c:100:6:HardFault_Handler	4	static
stm32h7xx_it.c:115:6:MemManage_Handler	4	static
stm32h7xx_it.c:130:6:BusFault_Handler	4	static
stm32h7xx_it.c:145:6:UsageFault_Handler	4	static
stm32h7xx_it.c:160:6:DebugMon_Handler	4	static
stm32h7xx_it.c:180:6:DMA1_Stream0_IRQHandler	8	static
stm32h7xx_it.c:194:6:DMA1_Stream1_IRQHandler	8	static
stm32h7xx_it.c:208:6:DMA1_Stream2_IRQHandler	8	static
stm32h7xx_it.c:222:6:DMA1_Stream3_IRQHandler	8	static
stm32h7xx_it.c:236:6:DMA1_Stream4_IRQHandler	8	static
stm32h7xx_it.c:250:6:DMA1_Stream5_IRQHandler	8	static
stm32h7xx_it.c:264:6:DMA1_Stream6_IRQHandler	8	static
stm32h7xx_it.c:278:6:USART1_IRQHandler	16	static
stm32h7xx_it.c:301:6:USART2_IRQHandler	16	static
stm32h7xx_it.c:324:6:USART3_IRQHandler	16	static
stm32h7xx_it.c:347:6:DMA1_Stream7_IRQHandler	8	static
stm32h7xx_it.c:361:6:UART4_IRQHandler	16	static
stm32h7xx_it.c:384:6:TIM6_DAC_IRQHandler	8	static
stm32h7xx_it.c:398:6:DMA2_Stream0_IRQHandler	8	static
stm32h7xx_it.c:412:6:UART8_IRQHandler	16	static
